02-16 16:48:15.189  2631  2631 D KeyguardUpdateMonitor: fingerprintRunningState: 2
02-16 16:48:15.189  2631  2631 D BiometricUnlockCtrl: onBiometricRunningStateChanged running=false
02-16 16:48:15.189  2631  2631 D MiuiFaceManager: inernational:true supportR:[ALL] nowR:BR
02-16 16:48:15.189  2631  2631 D MiuiFaceManager: inernational:true supportR:[ALL] nowR:BR
02-16 16:48:15.189  2631  2631 D miui_face: stop face auth()，not unlock With Face, userId = 0
02-16 16:48:15.189  2631  2631 D MiuiFaceManager: inernational:true supportR:[ALL] nowR:BR
02-16 16:48:15.189  2631  5062 D MiBridge: requestCpuHighFreq---- uid: 1000 level: 1 timeoutms:300
02-16 16:48:15.189  2631  2631 D MiuiFaceManager: inernational:true supportR:[ALL] nowR:BR
02-16 16:48:15.190  2631  2631 W miui_keyguard: unlock keyguard by fp
02-16 16:48:15.190  2631  2918 D MiuiFaceManager: inernational:true supportR:[ALL] nowR:BR
02-16 16:48:15.190  2631  2918 D MiuiFaceManager: inernational:true supportR:[ALL] nowR:BR
02-16 16:48:15.190  2631  2918 D KeyguardIndication:  switchIndication:Carregado
02-16 16:48:15.190 15081 15081 D BoundBrokerSvc: onBind: Intent { act=com.google.android.gms.measurement.START pkg=com.google.android.gms }
02-16 16:48:15.190  2631  2631 D KeyguardUpdateMonitor: fingerprintRunningState: 0
02-16 16:48:15.190 15081 15081 D BoundBrokerSvc: Loading bound service for intent: Intent { act=com.google.android.gms.measurement.START pkg=com.google.android.gms }
02-16 16:48:15.191  1377  1396 W MiuiBooster: "MiuiBoosterService requestCpuHighFreq: 1000, 1, 300"
02-16 16:48:15.191  1377  1396 W MiuiBooster: "requestCpuHighFreq,final level:1,final timeoutms:300"
02-16 16:48:15.191  1377  1396 W MiuiBooster: "perf_hint_hc start"
02-16 16:48:15.191  1377  1396 W MiuiBooster: "big_core_value[level-1]:4095"
02-16 16:48:15.191  1377  1396 W MiuiBooster: "little_core_value[level-1]:4095"
02-16 16:48:15.191  1377  1396 W MiuiBooster: "prime_core_value[level - 1]:4095"
02-16 16:48:15.191  1034 19227 I AudioPolicyService: updateUid  uid:10249  state:16 wasActive:0 active:1 insert:1 
02-16 16:48:15.193   591   591 E SELinux : avc:  denied  { find } for interface=vendor.qti.hardware.perf::IPerf sid=u:r:miuibooster:s0 pid=1377 scontext=u:r:miuibooster:s0 tcontext=u:object_r:vendor_hal_perf_hwservice:s0 tclass=hwservice_manager permissive=0
02-16 16:48:15.193  1377  1396 E ANDR-PERF: IPerf:: Perf HAL Service is not available.
02-16 16:48:15.193  1377  1396 W MiuiBooster: "perf_handle:-1"
02-16 16:48:15.193  2631  5062 D MiBridge: requestCpuHighFreq handle: -1
02-16 16:48:15.193  2631  5062 D CpuBoostUtil: boostCpuToMax:-1
02-16 16:48:15.194  3684  3804 I com.miui.aod: Explicit concurrent copying GC freed 4473(220KB) AllocSpace objects, 0(0B) LOS objects, 49% free, 2680KB/5361KB, paused 169us total 21.614ms
02-16 16:48:15.196 12639 13561 W TileUtils: Found com.android.settings.Settings$WifiDisplaySettingsActivity for intent Intent { act=com.android.settings.action.SETTINGS pkg=com.android.settings } missing metadata com.android.settings.category
02-16 16:48:14.230     0     0 I         : Alarmtimer { Binder:1746_3', '343149479'}
02-16 16:48:14.230     0     0 I alarmtimer_enqueue: comm:Binder:1746_3 pid:1746 exp:343149479 func:timerfd_alarmproc
02-16 16:48:15.198  1746  1793 W WindowManager: Setting mWindowManagerDrawComplete
02-16 16:48:14.231     0     0 D cnss    : Received QMI WLFW respond get info indication
02-16 16:48:14.231     0     0 D cnss    : Extract message with event length: 1244, type: 0, is last: 0, seq no: 0
02-16 16:48:15.199  1034  3376 I AudioFlinger: setGameParameters keyvalue: screen_state=on
02-16 16:48:15.199   939  1077 D audio_hw_primary: adev_set_parameters: enter: screen_state=on
02-16 16:48:15.199  1746  1836 I DisplayPowerController: Unblocked screen on after 94 ms
02-16 16:48:15.199   939  1077 V msm8974_platform: platform_set_parameters: enter: screen_state=on
02-16 16:48:15.199   939  1077 D audio_hw_hfp: hfp_set_parameters: enter
02-16 16:48:15.199   939  1077 D sound_trigger_hw: handle_screen_status_change: screen on
02-16 16:48:15.199   939  1077 D audio_hw_hfp: hfp_set_parameters: enter
02-16 16:48:15.199   939  1077 V a2dp_offload: end of a2dp setparam
02-16 16:48:15.199   939  1077 D audio_hw_extn: audio_extn_fm_set_parameters: Enter
02-16 16:48:15.199   939  1077 D audio_hw_hfp: hfp_set_parameters: enter
02-16 16:48:15.199   939  1077 V a2dp_offload: end of a2dp setparam
02-16 16:48:15.199   939  1077 D audio_hw_primary: adev_set_parameters: exit with code(0)
02-16 16:48:15.199  3084 10119 D UidStateDetector: notifyUidStateChange: uid 99229 change from 3 to 2
02-16 16:48:15.199  1034 19227 I AudioPolicyService: updateUid  uid:90001  state:17 wasActive:0 active:1 insert:1 
02-16 16:48:15.199  1746  2389 I MiuiNetworkPolicy: updateUidState uid = 99229, uidState = 3
02-16 16:48:15.199  1034 19227 I AudioPolicyService: updateUid  uid:10182  state:3 wasActive:1 active:1 insert:1 
02-16 16:48:15.200  1746  1836 D BsBrightnessController: brightnessPolicy brightness=0.9999998,rate=0.7058823
02-16 16:48:15.200  1746  1836 I DisplayPowerController: Animating brightness: target=0.9999998, rate=0.7058823
02-16 16:48:14.233     0     0 E         : [__hawkeye_capture_idle_msg 97]current msg total count=1024 larger than allow
02-16 16:48:14.233     0     0 E         : [libhawkeye_create_msg 196]no idle msg failed
02-16 16:48:14.233     0     0 E         : [__hawkeye_create_msg 41]client fd=18446,errid=16760835 no empty msg
02-16 16:48:14.233     0     0 E         : [libhawkeye_ems_notify 305]__hawkeye_create_msg failed eventid=0X480E,msgid=0
02-16 16:48:14.233     0     0 D cnss    : Received QMI WLFW respond get info indication
02-16 16:48:14.233     0     0 D cnss    : Extract message with event length: 572, type: 0, is last: 0, seq no: 0
02-16 16:48:14.233     0     0 D cnss    : Received QMI WLFW respond get info indication
02-16 16:48:14.233     0     0 D cnss    : Extract message with event length: 488, type: 0, is last: 0, seq no: 0
02-16 16:48:14.233     0     0 D cnss    : Received QMI WLFW respond get info indication
02-16 16:48:14.233     0     0 D cnss    : Extract message with event length: 748, type: 0, is last: 0, seq no: 0
02-16 16:48:14.235     0     0 D cnss    : Received QMI WLFW respond get info indication
02-16 16:48:14.235     0     0 D cnss    : Extract message with event length: 1352, type: 0, is last: 0, seq no: 0
02-16 16:48:14.235     0     0 D cnss    : Received QMI WLFW respond get info indication
02-16 16:48:14.235     0     0 D cnss    : Extract message with event length: 748, type: 0, is last: 0, seq no: 0
02-16 16:48:15.200  1746  1836 I DisplayPowerController: Animating brightness: target=0.9999998, rate=0.7058823
02-16 16:48:15.200  1746  2547 I LightsService: setBrightness: brightnessFloat: 0.9999998, to brightnessInt: 4095
02-16 16:48:15.200  1746  1836 D BsBrightnessController: brightnessPolicy brightness=0.9999998,rate=0.7058823
02-16 16:48:15.200  1746  1836 V PerformanceManager_JNI: event notify: fd = 350, event_id = 0X0000480E
02-16 16:48:15.200  2631  3264 D KeyguardViewMediator: notifyScreenTurnedOn
02-16 16:48:15.200  1746  1836 I DreamManagerService: Gently waking up from dream.
02-16 16:48:15.201  1746  1792 I DreamManagerService: Performing gentle wake from dream.
02-16 16:48:15.201  1746  2547 I LightsService: setLight #0: color=#fff: brightnessMode=0
02-16 16:48:15.201  1746 24771 I DreamManagerService: Leaving dreamland.
02-16 16:48:15.203  1005  1690 I DisplayFeatureHal: threadFuncBacklight: set brightness to 4095
02-16 16:48:15.203  1746  1792 I DreamManagerService: Performing gentle wake from dream.
02-16 16:48:15.203  1746  1792 I DreamController: Stopping dream: name=ComponentInfo{com.miui.aod/com.miui.aod.doze.DozeService}, isTest=false, canDoze=true, userId=0, reason='finished self'(from 'requested stopDream')
02-16 16:48:14.236     0     0 D cnss    : Starting to handle get info done
02-16 16:48:14.236     0     0 D cnss    : Setting MHI state: SUSPEND(6)
02-16 16:48:14.238     0     0 I         : Alarmtimer { Binder:1746_3', '343149479'}
02-16 16:48:14.238     0     0 I alarmtimer_enqueue: comm:Binder:1746_3 pid:1746 exp:343149479 func:timerfd_alarmproc
02-16 16:48:14.240     0     0 I backlight: backlight_device_set_brightness: set brightness to 2047
02-16 16:48:15.205  1746  1746 I WindowManager: Finished waking up... (why=ON_BECAUSE_OF_UNKNOWN)
02-16 16:48:15.205  1034 14871 I AudioPolicyService: updateUid  uid:99229  state:3 wasActive:1 active:1 insert:1 
02-16 16:48:15.207 12639 13154 I BluetoothAbsoluteVolumePreferenceController: persist.vendor.bt.a2dp.absvolfeature is true
02-16 16:48:15.207 12639 13154 D BluetoothAbsoluteVolumePreferenceController:  persist.vendor.bt.a2dp.absvolfeature is true
02-16 16:48:15.207  3684  3684 E DozeMachine: request: current=DOZE req=FINISH
02-16 16:48:15.207  3684  3684 E DozeMachine: java.lang.Throwable: here
02-16 16:48:15.207  3684  3684 E DozeMachine: 	at com.miui.aod.doze.DozeMachine.requestState(DozeMachine.java:169)
02-16 16:48:15.207  3684  3684 E DozeMachine: 	at com.miui.aod.doze.DozeMachine.requestState(DozeMachine.java:145)
02-16 16:48:15.207  3684  3684 E DozeMachine: 	at com.miui.aod.doze.DozeService.onDreamingStopped(DozeService.java:198)
02-16 16:48:15.207  3684  3684 E DozeMachine: 	at android.service.dreams.DreamService.detach(DreamService.java:967)
02-16 16:48:15.207  3684  3684 E DozeMachine: 	at android.service.dreams.DreamService.access$500(DreamService.java:155)
02-16 16:48:15.207  3684  3684 E DozeMachine: 	at android.service.dreams.DreamService$DreamServiceWrapper.lambda$detach$1(DreamService.java:1156)
02-16 16:48:15.207  3684  3684 E DozeMachine: 	at android.service.dreams.-$$Lambda$DreamService$DreamServiceWrapper$2R9T6zqLOUvx4z5eu1pSMWsejpU.run(Unknown Source:2)
02-16 16:48:15.207  3684  3684 E DozeMachine: 	at android.os.Handler.handleCallback(Handler.java:938)
02-16 16:48:15.207  3684  3684 E DozeMachine: 	at android.os.Handler.dispatchMessage(Handler.java:99)
02-16 16:48:15.207  3684  3684 E DozeMachine: 	at android.os.Looper.loop(Looper.java:237)
02-16 16:48:15.207  3684  3684 E DozeMachine: 	at android.app.ActivityThread.main(ActivityThread.java:8414)
02-16 16:48:15.207  3684  3684 E DozeMachine: 	at java.lang.reflect.Method.invoke(Native Method)
02-16 16:48:15.207  3684  3684 E DozeMachine: 	at com.android.internal.os.RuntimeInit$MethodAndArgsCaller.run(RuntimeInit.java:663)
02-16 16:48:15.207  3684  3684 E DozeMachine: 	at com.android.internal.os.ZygoteInit.main(ZygoteInit.java:967)
02-16 16:48:15.208  1038  3456 D SurfaceFlinger: updatePccLevel PCC=0, r=1.000000, g=1.000000, b=1.000000
02-16 16:48:15.208  3684  3684 I DozeMachine: transition: old=DOZE req=FINISH new=FINISH
02-16 16:48:14.240     0     0 I [drm:dsi_panel_set_backlight] [msm-dsi-info]: backlight type:2 bl_lvl_temp:2047, lvl:2047
02-16 16:48:14.240     0     0 I [drm:dsi_panel_update_backlight] [msm-dsi-info]: set backlight from 0 to 2047
02-16 16:48:14.240     0     0 I         : Alarmtimer { Binder:1746_3', '343149479'}
02-16 16:48:14.240     0     0 I alarmtimer_enqueue: comm:Binder:1746_3 pid:1746 exp:343149479 func:timerfd_alarmproc
02-16 16:48:14.241     0     0 I         : Alarmtimer { Binder:1746_16', '343149479'}
02-16 16:48:14.241     0     0 I alarmtimer_enqueue: comm:Binder:1746_16 pid:5274 exp:343149479 func:timerfd_alarmproc
02-16 16:48:14.243     0     0 D cnss    : Suspending PCI link
02-16 16:48:14.243     0     0 D cnss    : Use PCIe DRV suspend
02-16 16:48:14.244     0     0 I [drm:dsi_panel_set_backlight] [msm-dsi-info]: crc off
02-16 16:48:15.212  1005  1688 D DisplayFeatureHal: HandleBrightnessInteract exit ret 0, mInteracted_bl 2047, mSysNonZeroBl 2047
02-16 16:48:15.212  1005  1688 D DisplayFeatureHal: HandleBrightnessInteract temp_realBL 2047 ,temp_virtualBL 4095
02-16 16:48:15.214  2631  2631 D BlurLayerHolder: register android.view.ViewRootImpl@c0e70c9
02-16 16:48:15.217  1746 24771 D SmartPolicyTrigger: activityResumed com.android.settings
02-16 16:48:15.218  3154  3154 D RecentsImpl: mActivityStateObserver com.android.settings.SubSettings
02-16 16:48:15.218  3154  3154 D RecentsImpl: onResumed className=com.android.settings.SubSettings,mIsInAnotherPro=false,mIsStatusBarExpansion=false,isKeyguardLocked=true,mNavStubView=com.miui.home.recents.NavStubView{3a4f7dc G.E...... ......I. 0,0-1080,35}
02-16 16:48:14.251     0     0 I         : Alarmtimer { WifiHandlerThre', '343130256'}
02-16 16:48:14.251     0     0 I alarmtimer_enqueue: comm:WifiHandlerThre pid:2395 exp:343130256 func:timerfd_alarmproc
02-16 16:48:15.219  3154  3154 D RecentsImpl: onResumed is Return
02-16 16:48:15.219  1034 14871 I AudioFlinger: setGameParameters keyvalue: cts_app=0
02-16 16:48:15.219  1746 14704 W Binder  : Outgoing transactions from this process must be FLAG_ONEWAY
02-16 16:48:15.219  1746 14704 W Binder  : java.lang.Throwable
02-16 16:48:15.219  1746 14704 W Binder  : 	at android.os.BinderProxy.transact(BinderProxy.java:557)
02-16 16:48:15.219  1746 14704 W Binder  : 	at com.smartpolicy.core.IProviderHelper$Stub$Proxy.query(IProviderHelper.java:213)
02-16 16:48:15.219  1746 14704 W Binder  : 	at com.smartpolicy.core.ProviderPeek.query(ProviderPeek.java:46)
02-16 16:48:15.219  1746 14704 W Binder  : 	at java.lang.reflect.Method.invoke(Native Method)
02-16 16:48:15.219  1746 14704 W Binder  : 	at com.android.server.wm.ActivityTaskManagerServiceJuiInjector.isGameApp(ActivityTaskManagerServiceJuiInjector.java:241)
02-16 16:48:15.219  1746 14704 W Binder  : 	at com.android.server.wm.ActivityTaskManagerService$2.run(ActivityTaskManagerService.java:2009)
02-16 16:48:15.219  1746 14704 W Binder  : 	at java.lang.Thread.run(Thread.java:923)
02-16 16:48:14.252     0     0 D cnss    : Starting to handle get info prepare
02-16 16:48:14.252     0     0 D cnss    : Resuming PCI link
02-16 16:48:15.220  1746 14704 I ATMSInjector: *.settings mode:25
02-16 16:48:15.221   939  1077 D audio_hw_primary: adev_set_parameters: enter: cts_app=0
02-16 16:48:15.221   939  1077 V msm8974_platform: platform_set_parameters: enter: cts_app=0
02-16 16:48:15.221   939  1077 D audio_hw_hfp: hfp_set_parameters: enter
02-16 16:48:15.221   939  1077 D audio_hw_hfp: hfp_set_parameters: enter
02-16 16:48:15.221   939  1077 V a2dp_offload: end of a2dp setparam
02-16 16:48:15.221   939  1077 D audio_hw_extn: audio_extn_fm_set_parameters: Enter
02-16 16:48:15.221   939  1077 D audio_hw_hfp: hfp_set_parameters: enter
02-16 16:48:15.221   939  1077 V a2dp_offload: end of a2dp setparam
02-16 16:48:15.221   939  1077 D audio_hw_primary: adev_set_parameters: exit with code(0)
02-16 16:48:15.224  1034 14871 I AudioFlinger: setGameParameters keyvalue: music_foreground=0
02-16 16:48:15.224   939  1077 D audio_hw_primary: adev_set_parameters: enter: music_foreground=0
02-16 16:48:15.224   939  1077 V msm8974_platform: platform_set_parameters: enter: music_foreground=0
02-16 16:48:15.224   939  1077 D audio_hw_hfp: hfp_set_parameters: enter
02-16 16:48:15.224   939  1077 D audio_hw_hfp: hfp_set_parameters: enter
02-16 16:48:15.224   939  1077 V a2dp_offload: end of a2dp setparam
02-16 16:48:15.224   939  1077 D audio_hw_extn: audio_extn_fm_set_parameters: Enter
02-16 16:48:15.224   939  1077 D audio_hw_hfp: hfp_set_parameters: enter
02-16 16:48:15.224   939  1077 V a2dp_offload: end of a2dp setparam
02-16 16:48:15.224   939  1077 D audio_hw_primary: adev_set_parameters: exit with code(0)
02-16 16:48:14.253     0     0 D cnss    : Set PCI link status to: 2
02-16 16:48:14.253     0     0 D cnss    : Setting MHI state: RESUME(7)
02-16 16:48:14.253     0     0 D cnss    : PCIe link is in suspend state
02-16 16:48:14.259     0     0 D cnss    : PCIe link is in suspend state
02-16 16:48:14.259     0     0 D cnss    : Sending get info message, type: 0, cmd length: 28, state: 0x6107
02-16 16:48:15.225  1034 14871 I AudioFlinger: setGameParameters keyvalue: gamemode=0
02-16 16:48:15.225   939  1077 D audio_hw_primary: adev_set_parameters: enter: gamemode=0
02-16 16:48:15.225   939  1077 V msm8974_platform: platform_set_parameters: enter: gamemode=0
02-16 16:48:15.225   939  1077 E msm8974_platform: platform_set_parameters gamemode is 0
02-16 16:48:15.225   939  1077 D audio_hw_hfp: hfp_set_parameters: enter
02-16 16:48:15.225   939  1077 D audio_hw_primary: [adev_set_parameters]: adev->game_mode = 0
02-16 16:48:15.225   939  1077 D audio_hw_hfp: hfp_set_parameters: enter
02-16 16:48:15.225   939  1077 V a2dp_offload: end of a2dp setparam
02-16 16:48:15.225   939  1077 D audio_hw_extn: audio_extn_fm_set_parameters: Enter
02-16 16:48:15.225   939  1077 D audio_hw_hfp: hfp_set_parameters: enter
02-16 16:48:15.225   939  1077 V a2dp_offload: end of a2dp setparam
02-16 16:48:15.225   939  1077 D audio_hw_primary: adev_set_parameters: exit with code(0)
02-16 16:48:15.226  1034 14871 I AudioFlinger: setGameParameters keyvalue: ocpmode_video_whitelist=0
02-16 16:48:15.226   939  1077 D audio_hw_primary: adev_set_parameters: enter: ocpmode_video_whitelist=0
02-16 16:48:15.226   939  1077 V msm8974_platform: platform_set_parameters: enter: ocpmode_video_whitelist=0
02-16 16:48:15.226   939  1077 D audio_hw_hfp: hfp_set_parameters: enter
02-16 16:48:15.226   939  1077 D audio_hw_hfp: hfp_set_parameters: enter
02-16 16:48:15.226   939  1077 V a2dp_offload: end of a2dp setparam
02-16 16:48:15.226   939  1077 D audio_hw_extn: audio_extn_fm_set_parameters: Enter
02-16 16:48:15.226   939  1077 D audio_hw_hfp: hfp_set_parameters: enter
02-16 16:48:15.226   939  1077 V a2dp_offload: end of a2dp setparam
02-16 16:48:15.226   939  1077 D audio_hw_primary: adev_set_parameters: exit with code(0)
02-16 16:48:15.227 12639 14703 D SettingsActivity: No enabled state changed, skipping updateCategory call
02-16 16:48:15.227  1034 14871 I AudioFlinger: setGameParameters keyvalue: videomode=0
02-16 16:48:15.227   939  1077 D audio_hw_primary: adev_set_parameters: enter: videomode=0
02-16 16:48:15.227   939  1077 V msm8974_platform: platform_set_parameters: enter: videomode=0
02-16 16:48:15.227   939  1077 D audio_hw_hfp: hfp_set_parameters: enter
02-16 16:48:15.227   939  1077 D audio_hw_hfp: hfp_set_parameters: enter
02-16 16:48:15.227   939  1077 V a2dp_offload: end of a2dp setparam
02-16 16:48:15.227   939  1077 D audio_hw_extn: audio_extn_fm_set_parameters: Enter
02-16 16:48:15.227   939  1077 D audio_hw_hfp: hfp_set_parameters: enter
02-16 16:48:15.227   939  1077 V a2dp_offload: end of a2dp setparam
02-16 16:48:15.227   939  1077 D audio_hw_primary: adev_set_parameters: exit with code(0)
02-16 16:48:15.228  1034 14871 I AudioFlinger: setGameParameters keyvalue: eq=33333
02-16 16:48:15.228   939  1077 D audio_hw_primary: adev_set_parameters: enter: eq=33333
02-16 16:48:15.228   939  1077 V msm8974_platform: platform_set_parameters: enter: eq=33333
02-16 16:48:15.228   939  1077 D audio_hw_hfp: hfp_set_parameters: enter
02-16 16:48:15.228   939  1077 D audio_hw_hfp: hfp_set_parameters: enter
02-16 16:48:15.228   939  1077 V a2dp_offload: end of a2dp setparam
02-16 16:48:15.228   939  1077 D audio_hw_extn: audio_extn_fm_set_parameters: Enter
02-16 16:48:15.228   939  1077 D audio_hw_hfp: hfp_set_parameters: enter
02-16 16:48:15.228   939  1077 V a2dp_offload: end of a2dp setparam
02-16 16:48:15.228   939  1077 D audio_hw_primary: adev_set_parameters: exit with code(0)
02-16 16:48:15.230  1034 14871 I AudioFlinger: setGameParameters keyvalue: karaoke_mode=0
02-16 16:48:15.231   939  1077 D audio_hw_primary: adev_set_parameters: enter: karaoke_mode=0
02-16 16:48:15.231   939  1077 V msm8974_platform: platform_set_parameters: enter: karaoke_mode=0
02-16 16:48:15.231   939  1077 D audio_hw_hfp: hfp_set_parameters: enter
02-16 16:48:15.231   939  1077 D audio_hw_hfp: hfp_set_parameters: enter
02-16 16:48:15.231 27630 27792 V U.Notification: Posting new notification, elapsed=151038
02-16 16:48:15.231   939  1077 V a2dp_offload: end of a2dp setparam
02-16 16:48:15.231   939  1077 D audio_hw_extn: audio_extn_fm_set_parameters: Enter
02-16 16:48:15.231   939  1077 D audio_hw_hfp: hfp_set_parameters: enter
02-16 16:48:15.231   939  1077 V a2dp_offload: end of a2dp setparam
02-16 16:48:15.231   939  1077 D audio_hw_primary: adev_set_parameters: exit with code(0)
02-16 16:48:15.234  1034  3376 I AudioFlinger: setGameParameters keyvalue: xlog.volume.music.speaker=1
02-16 16:48:14.266     0     0 D cnss    : Received QMI WLFW respond get info indication
02-16 16:48:15.234   939  1077 D audio_hw_primary: adev_set_parameters: enter: xlog.volume.music.speaker=1
02-16 16:48:15.234   939  1077 V msm8974_platform: platform_set_parameters: enter: xlog.volume.music.speaker=1
02-16 16:48:15.235   939  1077 D audio_hw_hfp: hfp_set_parameters: enter
02-16 16:48:14.266     0     0 D cnss    : Extract message with event length: 324, type: 0, is last: 0, seq no: 0
02-16 16:48:15.235   939  1077 D audio_hw_hfp: hfp_set_parameters: enter
02-16 16:48:15.235   939  1077 V a2dp_offload: end of a2dp setparam
02-16 16:48:15.235   939  1077 D audio_hw_extn: audio_extn_fm_set_parameters: Enter
02-16 16:48:15.235   939  1077 D audio_hw_hfp: hfp_set_parameters: enter
02-16 16:48:15.235   939  1077 V a2dp_offload: end of a2dp setparam
02-16 16:48:15.235   939  1077 D audio_hw_primary: adev_set_parameters: exit with code(0)
02-16 16:48:15.238  1746  1796 V BugManager_JNI: bug message start: fd=409,tag =0X01004803
02-16 16:48:15.239  1746  1796 I Timeline: Timeline: Activity_windows_visible id: ActivityRecord{4b54775 u0 com.android.settings/.SubSettings t5069} time:214616520
02-16 16:48:14.270     0     0 D cnss    : Received QMI WLFW respond get info indication
02-16 16:48:14.270     0     0 D cnss    : Extract message with event length: 324, type: 0, is last: 0, seq no: 0
02-16 16:48:14.270     0     0 D cnss    : Received QMI WLFW respond get info indication
02-16 16:48:14.270     0     0 D cnss    : Extract message with event length: 248, type: 0, is last: 0, seq no: 0
02-16 16:48:14.270     0     0 D cnss    : Received QMI WLFW respond get info indication
02-16 16:48:14.270     0     0 D cnss    : Extract message with event length: 248, type: 0, is last: 0, seq no: 0
02-16 16:48:14.270     0     0 D cnss    : Received QMI WLFW respond get info indication
02-16 16:48:14.270     0     0 D cnss    : Extract message with event length: 364, type: 0, is last: 0, seq no: 0
02-16 16:48:14.270     0     0 D cnss    : Received QMI WLFW respond get info indication
02-16 16:48:14.270     0     0 D cnss    : Extract message with event length: 348, type: 0, is last: 0, seq no: 0
02-16 16:48:14.270     0     0 D cnss    : Starting to handle get info done
02-16 16:48:14.270     0     0 D cnss    : Setting MHI state: SUSPEND(6)
02-16 16:48:14.271     0     0 E         : [__hawkeye_capture_idle_msg 97]current msg total count=1024 larger than allow
02-16 16:48:14.271     0     0 E         : [libhawkeye_create_msg 196]no idle msg failed
02-16 16:48:14.271     0     0 E         : [__hawkeye_create_msg 41]client fd=16795651,errid=16756740 no empty msg
02-16 16:48:15.241  2631  2631 D KeyguardUpdateMonitor: handleTimeUpdate
02-16 16:48:15.241  2631  2631 D KeyguardIndication:  switchIndication:Carregado
02-16 16:48:15.241  2631  2631 D KeyguardViewMediator: handleStartKeyguardExitAnimation startTime=214616471 fadeoutDuration=0
02-16 16:48:15.244  2631  2631 D KeyguardViewMediator: updateActivityLockScreenState(false, false)
02-16 16:48:15.246  1034  3376 I AudioFlinger: setGameParameters keyvalue: xlog.volume.music.speaker=1
02-16 16:48:15.246   939  1077 D audio_hw_primary: adev_set_parameters: enter: xlog.volume.music.speaker=1
02-16 16:48:15.246   939  1077 V msm8974_platform: platform_set_parameters: enter: xlog.volume.music.speaker=1
02-16 16:48:15.246   939  1077 D audio_hw_hfp: hfp_set_parameters: enter
02-16 16:48:15.246   939  1077 D audio_hw_hfp: hfp_set_parameters: enter
02-16 16:48:15.246   939  1077 V a2dp_offload: end of a2dp setparam
02-16 16:48:15.246   939  1077 D audio_hw_extn: audio_extn_fm_set_parameters: Enter
02-16 16:48:14.278     0     0 D cnss    : Suspending PCI link
02-16 16:48:15.246   939  1077 D audio_hw_hfp: hfp_set_parameters: enter
02-16 16:48:15.246   939  1077 V a2dp_offload: end of a2dp setparam
02-16 16:48:15.246   939  1077 D audio_hw_primary: adev_set_parameters: exit with code(0)
02-16 16:48:14.278     0     0 D cnss    : Use PCIe DRV suspend
02-16 16:48:15.247  2631  2631 D LockScreenMagazineClient: hideOverlay animate=true;mOverlay=null
02-16 16:48:15.247  1746  2424 D SlaveWifiManager: getWifiSlaveConnectionInfo
02-16 16:48:15.247  1746  2424 D SlaveWifiManager: getWifiSlaveConnectionInfo
02-16 16:48:15.248  3140  3140 E PhoneInterfaceManager: [PhoneIntfMgr] getAllowedCarriers: CommandException: com.android.internal.telephony.CommandException: REQUEST_NOT_SUPPORTED
02-16 16:48:15.249  3084  3084 D ModeSwitcher: Rcv RSSI_CHANGED_ACTION mStat=0, mWifiConnected=true
02-16 16:48:15.249  1746  1803 W BroadcastQueue: Background execution not allowed: receiving Intent { act=android.net.wifi.RSSI_CHANGED flg=0x4000010 (has extras) } to com.ionitech.airscreen/.service.BootBroadcastReceiver
02-16 16:48:15.249 27343 27388 D QCNEJ/WlanStaInfoRelay: Received action: android.net.wifi.RSSI_CHANGED
02-16 16:48:15.250  1746  5275 W ActivityManager: Sending non-protected broadcast com.android.systemui.fsgesture from system 2631:com.android.systemui/1000 pkg com.android.systemui. Callers=
02-16 16:48:14.281     0     0 I [wpa_su][0x5fdd9b5d9c6][16:48:15.249253] wlan: [14853:I:WMA] configuring power: 1
02-16 16:48:14.281     0     0 D cnss    : Runtime resume start
02-16 16:48:14.281     0     0 D cnss    : Resuming PCI link
02-16 16:48:14.283     0     0 I palm_sensor_store value: 0
02-16 16:48:15.250  1746  5275 W ActivityManager: Sending non-protected broadcast com.android.systemui.fsgesture from system 2631:com.android.systemui/1000 pkg com.android.systemui. Callers=
02-16 16:48:15.250  2631  2781 D NetworkController: onReceive: intent=Intent { act=android.net.wifi.RSSI_CHANGED flg=0x4000010 (has extras) }
02-16 16:48:15.250  3154  3154 D RecentsImpl: mFsgReceiver,isEnter :false,typeFrom :typefrom_keyguard
02-16 16:48:15.250  1746  2395 E WifiClientModeImpl-S: getWifiLinkLayerStats called without an interface
02-16 16:48:15.250  3154  3154 W RecentsImpl: updateFsgWindowVisibilityState   isEnter=false   typeFrom=typefrom_keyguard   isOpen=true   mIsInAnotherPro=false   mIsStatusBarExpansion=false
02-16 16:48:15.251  3084  3084 D ModeSwitcher: add 9 WifiStatOnCmocmna @1771271295,LostTxPacketsPerSecond=0.0,rssi=-56
02-16 16:48:15.251  3084  3084 D ModeSwitcher: mWifiStatiList size=9, gap=258
02-16 16:48:15.251  1746  2395 E WifiClientModeImpl-S: getWifiLinkLayerStats called without an interface
02-16 16:48:15.251   965   965 I TouchSensor: TouchSensor sensors_activate handle0, g_touchsensor_enable 1, en 0
02-16 16:48:15.251   965   965 I TouchSensor: TouchSensor disable touchsensor g_touchsensorfd=18
02-16 16:48:15.251  2631  2855 D MiuiPhoneStatusBarPolicy: updateManagedProfile: secondSpace = false
02-16 16:48:15.252  2895  2895 D exlight@Service: ScreenEventHubImpl mBroadcastListner ScreenOn
02-16 16:48:15.252  2631  2631 D StatusBar: disable<e i a s B H R c s > disable2<q i n >
02-16 16:48:15.252  2631  2631 D KeyguardViewMediator: adjustStatusBarLocked: mShowing=false mOccluded=false isSecure=true force=false --> flags=0x0
02-16 16:48:15.254  2631  2631 I PressureMenuView: pressure>> unregisterForceTouchEventListener
02-16 16:48:15.254  2631  2631 D SharkSpaceView: vibratorStop: mIsVibrating:false
02-16 16:48:15.254  2631  2631 I SharkSpaceView: pressure>> unregisterForceTouchEventListener
02-16 16:48:15.254  2631  2631 D StatusBar: updateQsExpansionEnabled - QS Expand enabled: true
02-16 16:48:15.256  2631  2631 D NotificationFilterController: filter group summary suppressed key=0|com.whatsapp|1|null|10258
02-16 16:48:15.258  3140  3140 E PhoneInterfaceManager: [PhoneIntfMgr] getAllowedCarriers: CommandException: com.android.internal.telephony.CommandException: REQUEST_NOT_SUPPORTED
02-16 16:48:14.285     0     0 D cnss    : Set PCI link status to: 2
02-16 16:48:14.285     0     0 D cnss    : Setting MHI state: RESUME(7)
02-16 16:48:14.285     0     0 D cnss    : PCIe link is in suspend state
02-16 16:48:15.259  3154  3154 I MiuiMultiWindowUtils: getFreeFormTasksInfos freeform stack is null
02-16 16:48:15.259  3154  3154 D SmallWindowStateHelperJuiInjector: Current small window list: []
02-16 16:48:15.259  3154  3154 D Recent.SmallWindowStateHelperJuiInjector: isInSmallWindowMode: size = 0
02-16 16:48:15.260  2631  2631 D PanelView: setKeyguardBottomAreaVisibility statusBarState=0 goingToFullShade=false
02-16 16:48:15.261  2631  2631 D MiuiFaceManager: inernational:true supportR:[ALL] nowR:BR
02-16 16:48:14.289     0     0 D cnss    : PCIe link is in suspend state
02-16 16:48:14.293     0     0 D cnss    : Sending get info message, type: 0, cmd length: 28, state: 0x6107
02-16 16:48:15.261  2631  2631 I chatty  : uid=1000(system) com.android.systemui identical 2 lines
02-16 16:48:15.261  2631  2631 D MiuiFaceManager: inernational:true supportR:[ALL] nowR:BR
02-16 16:48:15.261  2631  2631 D NotificationFilterController: filter group summary suppressed key=0|com.whatsapp|1|null|10258
02-16 16:48:15.263  2895  3116 D exlight@Service: ScreenEventHubImpl updateScreenState ScreenOn---ScreenNotLocked stopScreenLight
02-16 16:48:15.263  2895  3116 D exlight@Service: (event) >>> ScreenLightEventHub$ screen_music_ended <<<
02-16 16:48:15.263  2895  3116 D exlight@Service: doEvent(event) >>> ScreenLightEventHub$ screen_music_ended <<<
02-16 16:48:15.263 20303 20372 I BugleRcsEngine: handleMessage processing message:[NOTIFY_UPTIME_IGNORE_STATE_CHANGED] with [non-null]:RcsEngineImpl reference [CONTEXT log_prefix="RcsEngineImpl[DUAL_REG]:[0dcaf9a8-6ef4]>Handler" thread_id=22784 ]
02-16 16:48:15.263  2895  3116 D exlight@Service: [Kaiser_SCREEN_LIGHT_SM]	[Idle(*)]
02-16 16:48:15.264  2631  2631 V PanelView:  updateDismissView true
02-16 16:48:15.264  2631  2631 V PanelView:  updateDismissView false
02-16 16:48:15.264 20303 20342 I BugleRcsEngine: Connected state: [1], networkType: [WIFI] [CONTEXT thread_id=22775 ]
02-16 16:48:15.265  3154  3154 D SmallWindowStateHelperJuiInjector: Current small window list: []
02-16 16:48:15.265  3154  3154 D Recent.SmallWindowStateHelperJuiInjector: isInSmallWindowMode: size = 0
02-16 16:48:15.265  3154  3154 W RecentsModel: getRunningTask   taskInfo=TaskInfo{userId=0 pcFlags:0 stackId=5069 taskId=5069 displayId=0 isRunning=true baseIntent=Intent { act=android.intent.action.MAIN cat=[android.intent.category.LAUNCHER] flg=0x10200000 cmp=com.android.settings/.MainSettings } baseActivity=ComponentInfo{com.android.settings/com.android.settings.MainSettings} topActivity=ComponentInfo{com.android.settings/com.android.settings.SubSettings} origActivity=ComponentInfo{com.android.settings/com.android.settings.MainSettings} realActivity=ComponentInfo{com.android.settings/com.android.settings.MiuiSettings} numActivities=3 lastActiveTime=343110305 supportsSplitScreenMultiWindow=true resizeMode=1 isResizeable=true token=android.window.WindowContainerToken@4232bce topActivityType=1 pictureInPictureParams=null topActivityInfo=ActivityInfo{9a69aef com.android.settings.SubSettings} maglevButton=false pid=0 maglevButtonType=0 maglevButtonWidth=0 maglevButtonOffset=0 windowMode=1 maglevButton=false topActivityInfo=ActivityInfo{9a69aef com.android.settings.SubSettings}
02-16 16:48:15.265  3154  3154 W RecentsModel: getTaskInfoIgnoreFreeform   taskInfo=ComponentInfo{com.android.settings/com.android.settings.MainSettings}
02-16 16:48:15.265  3154  3154 W RecentsImpl: getTopActivity from AMS.   cn=ComponentInfo{com.android.settings/com.android.settings.SubSettings}
02-16 16:48:15.265  3154  3154 W RecentsImpl: adaptToTopActivity   cn=ComponentInfo{com.android.settings/com.android.settings.SubSettings}
02-16 16:48:15.266  2631  2631 D BlurLayerHolder: unregister android.view.ViewRootImpl@c0e70c9
02-16 16:48:15.266  1038  3456 I BpBinder: onLastStrongRef automatically unlinking death recipients: <uncached descriptor>
02-16 16:48:15.266  3154  3154 D RecentsImpl: onResumed className=com.android.settings.SubSettings,mIsInAnotherPro=false,mIsStatusBarExpansion=false,isKeyguardLocked=false,mNavStubView=com.miui.home.recents.NavStubView{3a4f7dc G.E...... ......I. 0,0-1080,35}
02-16 16:48:15.266  3154  3491 D RecentsImpl: ShowNavStubView 
02-16 16:48:15.266  2631  2631 D KeyguardUpdateMonitor: onKeyguardVisibilityChanged(false)
02-16 16:48:15.266  2631  2631 D MiuiFaceManager: inernational:true supportR:[ALL] nowR:BR
02-16 16:48:15.265  3154  3154 I MiuiMultiWindowUtils: getFreeFormTasksInfos freeform stack is null
02-16 16:48:15.266  2631  2918 I KeyguardSensorInjector: unregister pickup sensor
02-16 16:48:15.266  2631  2631 D MiuiFaceManager: inernational:true supportR:[ALL] nowR:BR
02-16 16:48:15.266  2631  2631 D miui_face: stop face auth(), when biometric_authentication_continue
02-16 16:48:15.267  3154  3489 W RecentsImpl: disableBackStubWindow    disableTouch=false
02-16 16:48:15.267  3154  3489 D RecentsImpl: showBackStubWindow  mHasNavigationBar=true   mDisabledByDriveMode=false
02-16 16:48:15.267  3154  3489 W Recent.GestureStubView: adaptRotation   currentRotation=0   mRotation=0
02-16 16:48:15.267  3154  3489 D Recent.GestureStubView: resetRenderProperty: showGestureStub
02-16 16:48:15.267  3154  3489 D Recent.GestureStubView: showGestureStub
02-16 16:48:15.267  3154  3489 W Recent.GestureStubView: adaptRotation   currentRotation=0   mRotation=0
02-16 16:48:15.267  3154  3489 D Recent.GestureStubView: resetRenderProperty: showGestureStub
02-16 16:48:15.267  2631  2631 D KeyguardViewMediator: keyguardGone
02-16 16:48:15.267  3154  3489 D Recent.GestureStubView: showGestureStub
02-16 16:48:15.268  2631  2631 V KeyguardDisplayManager: hide
02-16 16:48:15.268  2631  2631 D KeyguardViewMediator: adjustStatusBarLocked: mShowing=false mOccluded=false isSecure=true force=false --> flags=0x0
02-16 16:48:15.268  2631  2631 D KeyguardViewMediator: handleStartKeyguardExitAnimation(), Set the value of sys.lock.status to 0
02-16 16:48:15.268 27166 27187 D MiuiKeyguardWallpaperRemoteService: onKeyguardShowingChanged  showing = false
02-16 16:48:15.273  2895  2895 D exlight@Service: ScreenEventHubImpl mBroadcastListner USER_PRESENT
02-16 16:48:15.273  5467  5467 E NfcService: screen state : android.intent.action.USER_PRESENT
02-16 16:48:15.273  1746  1803 W BroadcastQueue: Background execution not allowed: receiving Intent { act=android.intent.action.USER_PRESENT flg=0x24200010 } to com.blackshark.shoulderkey/.receiver.ShoulderKeyReceiver$ScreenReceiver
02-16 16:48:15.273  1746  1803 W BroadcastQueue: Background execution not allowed: receiving Intent { act=android.intent.action.USER_PRESENT flg=0x24200010 } to com.google.android.gms/.auth.setup.devicesignals.LockScreenReceiver
02-16 16:48:15.274  1746  1803 W BroadcastQueue: Background execution not allowed: receiving Intent { act=android.intent.action.USER_PRESENT flg=0x24200010 } to com.google.android.gms/.chimera.GmsIntentOperationService$PersistentTrustedReceiver
02-16 16:48:15.274  1746  1803 W BroadcastQueue: Background execution not allowed: receiving Intent { act=android.intent.action.USER_PRESENT flg=0x24200010 } to com.alibaba.aliexpresshd/.receiver.SystemBroadcastReceiver
02-16 16:48:14.307     0     0 D cnss    : Received QMI WLFW respond get info indication
02-16 16:48:14.307     0     0 D cnss    : Extract message with event length: 1244, type: 0, is last: 0, seq no: 0
02-16 16:48:14.308     0     0 D cnss    : Received QMI WLFW respond get info indication
02-16 16:48:14.308     0     0 D cnss    : Extract message with event length: 572, type: 0, is last: 0, seq no: 0
02-16 16:48:14.308     0     0 D cnss    : Runtime resume status: 0
02-16 16:48:15.274  1746  1803 W BroadcastQueue: Background execution not allowed: receiving Intent { act=android.intent.action.USER_PRESENT flg=0x24200010 } to com.alibaba.aliexpresshd/com.taobao.accs.EventReceiver
02-16 16:48:15.274  1746  1803 W BroadcastQueue: Background execution not allowed: receiving Intent { act=android.intent.action.USER_PRESENT flg=0x24200010 } to com.instagram.android/com.instagram.push.FbnsInitBroadcastReceiver
02-16 16:48:14.308     0     0 D cnss    : Received QMI WLFW respond get info indication
02-16 16:48:14.308     0     0 D cnss    : Extract message with event length: 488, type: 0, is last: 0, seq no: 0
02-16 16:48:15.270  3914  3914 W Binder:3914_1: type=1400 audit(0.0:3438829): avc: denied { search } for name="battery" dev="sysfs" ino=82339 scontext=u:r:mcd:s0 tcontext=u:object_r:vendor_sysfs_battery_supply:s0 tclass=dir permissive=0
02-16 16:48:15.275 10581 10581 D home_receiver: receive broadcast
02-16 16:48:15.276  1746  1803 W BroadcastQueue: Background execution not allowed: receiving Intent { act=android.intent.action.USER_PRESENT flg=0x24200010 } to com.instagram.barcelona/com.instagram.push.FbnsInitBroadcastReceiver
02-16 16:48:15.276  1746  1803 W BroadcastQueue: Background execution not allowed: receiving Intent { act=android.intent.action.USER_PRESENT flg=0x24200010 } to com.mercadopago.wallet/com.mercadolibre.android.nfcpayments.core.utils.DeviceUnlockReceiver
02-16 16:48:15.276  6069  6069 E SUI_svcsock: svc_sock_send_message(suisvc): invalid remote socket suilst
02-16 16:48:15.276 28094 28094 D SYS_EVENT: send event 64 notification to client
02-16 16:48:15.276  3914  3959 I octvm_power: power mode [normal] start 1771271295
02-16 16:48:15.276  3914  3959 E octvm   : open /sys/class/power_supply/battery/status error, Permission denied
02-16 16:48:15.276  3914  3959 I octvm_drv: common drv: get_current_battery_uAh will return 0
02-16 16:48:15.276  3914  3959 E octvm   : open /sys/class/power_supply/battery/status error, Permission denied
02-16 16:48:15.276  3914  3959 I octvm_drv: common drv: get_current_battery_uAh will return 0
02-16 16:48:15.276  3914  3959 I octvm_power: onPowerModeChanged[normal] called
02-16 16:48:15.277  1038  1038 E Layer   : setupBlurSurface setupBlurSurface show by NotificationShade#0
02-16 16:48:15.278  2895  3116 D exlight@Service: (event) >>> ScreenLightEventHub$ screen_music_ended <<<
02-16 16:48:15.278  2895  3116 D exlight@Service: doEvent(event) >>> ScreenLightEventHub$ screen_music_ended <<<
02-16 16:48:15.278  2895  3116 D exlight@Service: [Kaiser_SCREEN_LIGHT_SM]	[Idle(*)]
02-16 16:48:15.270  3914  3914 W Binder:3914_1: type=1400 audit(0.0:3438830): avc: denied { search } for name="battery" dev="sysfs" ino=82339 scontext=u:r:mcd:s0 tcontext=u:object_r:vendor_sysfs_battery_supply:s0 tclass=dir permissive=0
02-16 16:48:15.279  2631  3264 I PressureMenuView: pressure>> unregisterForceTouchEventListener
02-16 16:48:15.279  2631  3264 D SharkSpaceView: vibratorStop: mIsVibrating:false
02-16 16:48:15.279  2631  3264 I SharkSpaceView: pressure>> unregisterForceTouchEventListener
02-16 16:48:15.279  2631  3264 I GamePmtUtil: onFocusChanged title:com.android.settings/com.android.settings.SubSettings
02-16 16:48:15.280 29990 30203 D NetdExecutor: SND -> {enablemiuistandby disable} this=com.miui.powerkeeper.utils.NetdExecutor@7b025b6
02-16 16:48:15.280 29990 30203 D NetdExecutor: Failed REV <- {500 Command not recognized}
02-16 16:48:15.281  5467  5467 D NfcService: MSG_APPLY_SCREEN_STATE 8
02-16 16:48:15.281  5467  5467 D NfcService: applyRouting enter - true
02-16 16:48:15.283 10581 10581 E PackageUtils: isInstalledPackage 
02-16 16:48:15.283 10581 10581 E PackageUtils: android.content.pm.PackageManager$NameNotFoundException: com.miui.cleaner
02-16 16:48:15.283 10581 10581 E PackageUtils: 	at android.app.ApplicationPackageManager.getPackageInfoAsUser(ApplicationPackageManager.java:217)
02-16 16:48:15.283 10581 10581 E PackageUtils: 	at android.app.ApplicationPackageManager.getPackageInfo(ApplicationPackageManager.java:189)
02-16 16:48:15.283 10581 10581 E PackageUtils: 	at c.b.f.k.D.i(Unknown Source:5)
02-16 16:48:15.283 10581 10581 E PackageUtils: 	at com.miui.cleanmaster.j.a(Unknown Source:8)
02-16 16:48:15.283 10581 10581 E PackageUtils: 	at com.miui.cleanmaster.j.c(Unknown Source:8)
02-16 16:48:15.283 10581 10581 E PackageUtils: 	at com.miui.cleanmaster.b.onReceive(Unknown Source:0)
02-16 16:48:15.283 10581 10581 E PackageUtils: 	at android.app.LoadedApk$ReceiverDispatcher$Args.lambda$getRunnable$0$LoadedApk$ReceiverDispatcher$Args(LoadedApk.java:1564)
02-16 16:48:15.283 10581 10581 E PackageUtils: 	at android.app.-$$Lambda$LoadedApk$ReceiverDispatcher$Args$_BumDX2UKsnxLVrE6UJsJZkotuA.run(Unknown Source:2)
02-16 16:48:15.283 10581 10581 E PackageUtils: 	at android.os.Handler.handleCallback(Handler.java:938)
02-16 16:48:15.283 10581 10581 E PackageUtils: 	at android.os.Handler.dispatchMessage(Handler.java:99)
02-16 16:48:15.283 10581 10581 E PackageUtils: 	at android.os.Looper.loop(Looper.java:237)
02-16 16:48:15.283 10581 10581 E PackageUtils: 	at android.app.ActivityThread.main(ActivityThread.java:8414)
02-16 16:48:15.283 10581 10581 E PackageUtils: 	at java.lang.reflect.Method.invoke(Native Method)
02-16 16:48:15.283 10581 10581 E PackageUtils: 	at com.android.internal.os.RuntimeInit$MethodAndArgsCaller.run(RuntimeInit.java:663)
02-16 16:48:15.283 10581 10581 E PackageUtils: 	at com.android.internal.os.ZygoteInit.main(ZygoteInit.java:967)
02-16 16:48:15.284 10581 10581 I b       :  cm need send notification = true
02-16 16:48:15.284  7236  7897 W PushService: [Tid:505] [PullDownLog] PullDownManager start check data expired
02-16 16:48:15.278   992   992 W /vendor/bin/hw/vendor.qti.hardware.perf@2.2-service: type=1400 audit(0.0:3438831): avc: denied { search } for comm=41646170744C61756E636820566D name="1746" dev="proc" ino=15967 scontext=u:r:vendor_hal_perf_default:s0 tcontext=u:r:system_server:s0 tclass=dir permissive=0
02-16 16:48:14.317     0     0 W audit   : audit_lost=3311852 audit_rate_limit=5 audit_backlog_limit=64
02-16 16:48:14.317     0     0 E audit   : rate limit exceeded
02-16 16:48:14.318     0     0 D cnss    : Received QMI WLFW respond get info indication
02-16 16:48:14.318     0     0 D cnss    : Extract message with event length: 748, type: 0, is last: 0, seq no: 0
02-16 16:48:15.284 10581 10581 I NotificationHelper: onReceive: 	 wechatNeed = false	 wechatSize = 0
02-16 16:48:15.285 17348 13265 I NearbySharing: Screen is unlocked
02-16 16:48:15.285 17348 13265 I NearbySharing: Uwb feature is off.
02-16 16:48:15.285 17348 13265 I NearbySharing: Uwb feature is off.
02-16 16:48:15.285 17348 13265 I NearbySharing: Stopping scanning because Bluetooth is disabled.
02-16 16:48:15.285 10581 23591 E PackageUtils: isInstalledPackage 
02-16 16:48:15.285 10581 23591 E PackageUtils: android.content.pm.PackageManager$NameNotFoundException: com.xiaomi.smarthome
02-16 16:48:15.285 10581 23591 E PackageUtils: 	at android.app.ApplicationPackageManager.getPackageInfoAsUser(ApplicationPackageManager.java:217)
02-16 16:48:15.285 10581 23591 E PackageUtils: 	at android.app.ApplicationPackageManager.getPackageInfo(ApplicationPackageManager.java:189)
02-16 16:48:15.285 10581 23591 E PackageUtils: 	at c.b.f.k.D.i(Unknown Source:5)
02-16 16:48:15.285 10581 23591 E PackageUtils: 	at com.miui.appmanager.d.b.a(Unknown Source:4)
02-16 16:48:15.285 10581 23591 E PackageUtils: 	at com.miui.appmanager.d.b.doInBackground(Unknown Source:2)
02-16 16:48:15.285 10581 23591 E PackageUtils: 	at android.os.AsyncTask$3.call(AsyncTask.java:394)
02-16 16:48:15.285 10581 23591 E PackageUtils: 	at java.util.concurrent.FutureTask.run(FutureTask.java:266)
02-16 16:48:15.285 10581 23591 E PackageUtils: 	at java.util.concurrent.ThreadPoolExecutor.runWorker(ThreadPoolExecutor.java:1167)
02-16 16:48:15.285 10581 23591 E PackageUtils: 	at java.util.concurrent.ThreadPoolExecutor$Worker.run(ThreadPoolExecutor.java:641)
02-16 16:48:15.285 10581 23591 E PackageUtils: 	at java.lang.Thread.run(Thread.java:923)
02-16 16:48:15.285  1746  5282 D MIUIInput: [FoucsChange]: Display  0 FocusedWindow From Window{44ba04a mode=0 rootTaskId=1 u0 NotificationShade}(1,0)  to Window{52c27a4 mode=0 rootTaskId=5069 u0 com.android.settings/com.android.settings.SubSettings}(1,1)
02-16 16:48:15.285 10581 10581 I NotificationHelper: onReceive: 	 generalNeed = false	 generalSize = 0
02-16 16:48:15.287  6798 23998 D GameDock-SceneManager: ISmartpolicyListener,scene changed, packageName = [com.android.settings], isGameRunning = [false]
02-16 16:48:15.287  2836  2859 D HydraAlpha.StateMonitorImpl: onModeChanged:  not in game, package = com.android.settings, level=3
02-16 16:48:15.288  6132  6149 W BsGameSdkMgr2.0@SmartPolicyEventHub: buildPolicyState para1: 280a642400000080  para2: 9000000000000000  package: com.android.settings
02-16 16:48:15.288  6132  6149 D BsGameSdkMgr2.0@SmartPolicyEventHub: APP Policy GAME
02-16 16:48:15.288  6132  6149 D BsGameSdkMgr2.0@SmartPolicyEventHub: LCD Policy ON 
02-16 16:48:15.288  6132  6149 D BsGameSdkMgr2.0@SdkMsgManager: buildMsgByName:[policyChange]
02-16 16:48:15.288  6132  6149 D BsGameSdkMgr2.0@SdkThreadManager: workID:[resourcepool-thread]
02-16 16:48:15.288  6132  6149 D BsGameSdkMgr2.0@ResourcePoolThread: doSendMessage:[policyChange]
02-16 16:48:15.288  6132  6149 D BsGameSdkMgr2.0@ResourcePoolThread: [policyChange]
02-16 16:48:15.288  5828  5848 I BsSound21.03.25: BsSoundService: isMusic=false   isVideo=false  isGame=false packageName:com.android.settings
02-16 16:48:15.288  5828  5848 I BsSound21.03.25: BsSoundService: is  not game lastMode:ATTACHED_5  packageName:com.android.settings
02-16 16:48:15.288  2836  3617 D HydraAlpha.StateMonitorImpl: StateMonitorHandler msg.what=EVENT_ON_GAME_CHANGED, arg1=0
02-16 16:48:15.288  2836  3617 D HydraAlpha.PuzzleWifi: onGameModeChanged isGameRunning=false, com.android.settings
02-16 16:48:15.288  2895  7898 D exlight@Service: SmartPolicyEventHub@onModeChanged,  p1: 280a642400000080  p2: 9000000000000000  package: com.android.settings  [alm:false mus:false gme:false scn:false]
02-16 16:48:15.288  3154  3519 D Launcher.SceneManager: CurrentScene = 2800000000000000,LastScene = 2800000000000000,pkgName = com.android.settings
02-16 16:48:15.288  3154  3519 D Launcher.SceneManager: Current in game scene? false,Last in game scene? false,pkgName = com.android.settings
02-16 16:48:15.289  2631  3264 D SceneManager: comes in mISmartpolicyListener scene:false
02-16 16:48:15.289  2836  3617 D HydraAlpha.PuzzleWifi: ssid=3c:6a:d2:46:4a:5a
02-16 16:48:15.289  2836  3617 D HydraAlpha.ModemStatsDataProcessor: onGameModeChanged false/com.android.settings, wifi=true, level=3
02-16 16:48:15.289  2836  3617 D HydraAlpha.MessageBox: sendCancelMessage......
02-16 16:48:15.289  5587  5718 D Peripheral07.003: MainService: onModeChanged : para1 = [2885228617065824384], para2 = [-8070450532247928832], packageName = [com.android.settings]
02-16 16:48:15.289   590   590 E SELinux : avc:  denied  { find } for pid=2631 uid=1000 name=gamewindow scontext=u:r:system_app:s0 tcontext=u:object_r:default_android_service:s0 tclass=service_manager permissive=0
02-16 16:48:15.289  5587  5587 I Peripheral07.003: MainServiceHandler msg:3 Enter
02-16 16:48:15.289  5587  5587 D Peripheral07.003: MainService: onModeChanged false,  com.android.settings
02-16 16:48:15.289  5587  5587 D Peripheral07.003: BsGamePadControlManager: unloadApp : appName = com.android.settings
02-16 16:48:15.289  5587  5587 D Peripheral07.003: BsGamePadControlManager: unloadApp: 
02-16 16:48:15.289  6132  6503 W BsGameSdkMgr2.0@ResourcePoolThread: policy[LCD] lastState[LCD_OFF] state[LCD_ON]
02-16 16:48:15.289  6132  6503 W BsGameSdkMgr2.0@ResourcePoolThread: policy[APP] lastState[GAME] state[GAME]
02-16 16:48:15.290  2744  2744 I VideoWallpaper: [(VideoWallpaperService.java:2)#OnVisibilityChanged] onVisibilityChanged: true
02-16 16:48:15.290  5467  5467 D NfcService: computeDiscoveryParameters() screenState=8
02-16 16:48:15.290  5467  5467 D NfcService: mReaderModeParams is null, techMask=-1
02-16 16:48:14.322     0     0 D cnss    : Received QMI WLFW respond get info indication
02-16 16:48:14.322     0     0 D cnss    : Extract message with event length: 1352, type: 0, is last: 0, seq no: 0
02-16 16:48:15.290 10581 10581 I NotificationHelper: onReceive: 	 whatsappNeed = false	 whatsAppSize = 0
02-16 16:48:15.290  2744  2744 I VideoWallpaper: [(VideoWallpaperService.java:2)#OnVisibilityChanged] onVisibilityChanged: false
02-16 16:48:15.291  2817  3111 I android_os_HwBinder: HwBinder: Starting thread pool for getting: com.blackshark.game_engine@1.0::IGameEngine/default
02-16 16:48:15.291  5467  5467 I libnfc_nci: [INFO:NativeNfcManager.cpp(3495)] storeLastDiscoveryParams: enter
02-16 16:48:15.291  5467  5467 I libnfc_nci: [INFO:NativeNfcManager.cpp(1723)] nfcManager_enableDiscovery: enter; tech_mask = 4f
02-16 16:48:15.291  5467  5467 I libnfc_nci: [INFO:PowerSwitch.cpp(154)] PowerSwitch::setLevel: level=PS-FULL (1)
02-16 16:48:15.291  5467  5467 I libnfc_nci: [INFO:NativeNfcManager.cpp(3221)] startRfDiscovery: is start=0
02-16 16:48:15.291  5467  5467 I libnfc_nci: [INFO:NativeNfcTag.cpp(2079)] nativeNfcTag_acquireRfInterfaceMutexLock: try to acquire lock
02-16 16:48:15.291  5467  5467 I libnfc_nci: [INFO:NativeNfcTag.cpp(2082)] nativeNfcTag_acquireRfInterfaceMutexLock: sRfInterfaceMutex lock
02-16 16:48:14.323     0     0 I [FTS_TS/I]fts_wait_tp_to_valid: TP Ready,Device ID:0x5652
02-16 16:48:14.324     0     0 D cnss    : Received QMI WLFW respond get info indication
02-16 16:48:14.324     0     0 D cnss    : Extract message with event length: 748, type: 0, is last: 0, seq no: 0
02-16 16:48:14.324     0     0 W nq-nci 0-0028: 4 > 21060100
