02-16 16:48:24.987   939 31992 D audio_hw_extn: audio_extn_fm_set_parameters: Enter
02-16 16:48:24.987   939 31992 D audio_hw_hfp: hfp_set_parameters: enter
02-16 16:48:24.987   939 31992 V a2dp_offload: end of a2dp setparam
02-16 16:48:24.987   939 31992 D audio_hw_primary: adev_set_parameters: exit with code(0)
02-16 16:48:24.988  1034 14871 I AudioFlinger: setGameParameters keyvalue: eq=33333
02-16 16:48:24.988   939 31992 D audio_hw_primary: adev_set_parameters: enter: eq=33333
02-16 16:48:24.988   939 31992 V msm8974_platform: platform_set_parameters: enter: eq=33333
02-16 16:48:24.988   939 31992 D audio_hw_hfp: hfp_set_parameters: enter
02-16 16:48:24.988   939 31992 D audio_hw_hfp: hfp_set_parameters: enter
02-16 16:48:24.988   939 31992 V a2dp_offload: end of a2dp setparam
02-16 16:48:24.988   939 31992 D audio_hw_extn: audio_extn_fm_set_parameters: Enter
02-16 16:48:24.023     0     0 I QCOM-STEPCHG: handle_jeita: handle_jeita: temp:376, fcc_ua:12000000
02-16 16:48:24.988  2631  2656 D CommandQueue: setStatus: setStatus: what = 0, action = upate_specail_mode, ext = Bundle[mParcelledData.dataSize=104][pkg = com.insight2026.app[enable_config = false
02-16 16:48:24.988   939 31992 D audio_hw_hfp: hfp_set_parameters: enter
02-16 16:48:24.988   939 31992 V a2dp_offload: end of a2dp setparam
02-16 16:48:24.988   939 31992 D audio_hw_primary: adev_set_parameters: exit with code(0)
02-16 16:48:24.989  2631  2631 D StatusBar: disable<e i a s b h r c s > disable2<q i n >
02-16 16:48:24.989  1034 14871 I AudioFlinger: setGameParameters keyvalue: karaoke_mode=0
02-16 16:48:24.989   939 31992 D audio_hw_primary: adev_set_parameters: enter: karaoke_mode=0
02-16 16:48:24.989   939 31992 V msm8974_platform: platform_set_parameters: enter: karaoke_mode=0
02-16 16:48:24.989   939 31992 D audio_hw_hfp: hfp_set_parameters: enter
02-16 16:48:24.989   939 31992 D audio_hw_hfp: hfp_set_parameters: enter
02-16 16:48:24.989   939 31992 V a2dp_offload: end of a2dp setparam
02-16 16:48:24.989   939 31992 D audio_hw_extn: audio_extn_fm_set_parameters: Enter
02-16 16:48:24.989   939 31992 D audio_hw_hfp: hfp_set_parameters: enter
02-16 16:48:24.989   939 31992 V a2dp_offload: end of a2dp setparam
02-16 16:48:24.989   939 31992 D audio_hw_primary: adev_set_parameters: exit with code(0)
02-16 16:48:24.991  1746 14959 W Binder  : Outgoing transactions from this process must be FLAG_ONEWAY
02-16 16:48:24.991  1746 14959 W Binder  : java.lang.Throwable
02-16 16:48:24.991  1746 14959 W Binder  : 	at android.os.BinderProxy.transact(BinderProxy.java:557)
02-16 16:48:24.991  1746 14959 W Binder  : 	at com.smartpolicy.core.IProviderHelper$Stub$Proxy.query(IProviderHelper.java:213)
02-16 16:48:24.991  1746 14959 W Binder  : 	at com.smartpolicy.core.ProviderPeek.query(ProviderPeek.java:46)
02-16 16:48:24.991  1746 14959 W Binder  : 	at java.lang.reflect.Method.invoke(Native Method)
02-16 16:48:24.991  1746 14959 W Binder  : 	at com.android.server.wm.ActivityTaskManagerServiceJuiInjector.isGameApp(ActivityTaskManagerServiceJuiInjector.java:241)
02-16 16:48:24.991  1746 14959 W Binder  : 	at com.android.server.wm.ActivityTaskManagerService$2.run(ActivityTaskManagerService.java:2009)
02-16 16:48:24.991  1746 14959 W Binder  : 	at java.lang.Thread.run(Thread.java:923)
02-16 16:48:24.991  1034 14871 I AudioFlinger: setGameParameters keyvalue: xlog.volume.music.speaker=1
02-16 16:48:24.992  1746 14959 I ATMSInjector: *.app mode:0
02-16 16:48:24.992   939 31992 D audio_hw_primary: adev_set_parameters: enter: xlog.volume.music.speaker=1
02-16 16:48:24.992   939 31992 V msm8974_platform: platform_set_parameters: enter: xlog.volume.music.speaker=1
02-16 16:48:24.992   939 31992 D audio_hw_hfp: hfp_set_parameters: enter
02-16 16:48:24.992   939 31992 D audio_hw_hfp: hfp_set_parameters: enter
02-16 16:48:24.992   939 31992 V a2dp_offload: end of a2dp setparam
02-16 16:48:24.992   939 31992 D audio_hw_extn: audio_extn_fm_set_parameters: Enter
02-16 16:48:24.992   939 31992 D audio_hw_hfp: hfp_set_parameters: enter
02-16 16:48:24.992   939 31992 V a2dp_offload: end of a2dp setparam
02-16 16:48:24.992   939 31992 D audio_hw_primary: adev_set_parameters: exit with code(0)
02-16 16:48:24.993  2631 22576 I GamePmtUtil: onFocusChanged title:com.insight2026.app/com.insight2026.app.MainActivity
02-16 16:48:24.994  1038  2986 W SurfaceFlinger: eEarlyWakeup is deprecated. Use eExplicitEarlyWakeup[Start|End]
02-16 16:48:24.995  3154  3154 E BlurUtils: fastBlurDirectly ratio=0.9960574   win=com.android.internal.policy.MiuiPhoneWindow@27e7d27
02-16 16:48:24.995  1038  1102 W SurfaceFlinger: eEarlyWakeup is deprecated. Use eExplicitEarlyWakeup[Start|End]
02-16 16:48:24.995  2631  2631 D StatusBar: disable<e i a s b h r c s > disable2<q i n >
02-16 16:48:24.996 14908 14949 I AdrenoGLES-0: QUALCOMM build                   : 191610ae03, Ic907de5ed0
02-16 16:48:24.996 14908 14949 I AdrenoGLES-0: Build Date                       : 09/17/20
02-16 16:48:24.996 14908 14949 I AdrenoGLES-0: OpenGL ES Shader Compiler Version: EV031.32.02.01
02-16 16:48:24.996 14908 14949 I AdrenoGLES-0: Local Branch                     : 
02-16 16:48:24.996 14908 14949 I AdrenoGLES-0: Remote Branch                    : refs/tags/AU_LINUX_ANDROID_LA.UM.9.12.10.00.00.582.274
02-16 16:48:24.996 14908 14949 I AdrenoGLES-0: Remote Branch                    : NONE
02-16 16:48:24.996 14908 14949 I AdrenoGLES-0: Reconstruct Branch               : NOTHING
02-16 16:48:24.996 14908 14949 I AdrenoGLES-0: Build Config                     : S P 10.0.5 AArch64
02-16 16:48:24.996 14908 14949 I AdrenoGLES-0: Driver Path                      : /vendor/lib64/egl/libGLESv2_adreno.so
02-16 16:48:25.000  3154  3489 D Recent.GestureStubView: gatherTransparentRegion: need render w:54  h:1440
02-16 16:48:25.001 14908 14949 I AdrenoGLES-0: PFP: 0x016dd091, ME: 0x00000000
02-16 16:48:25.003  1038  2986 W SurfaceFlinger: eEarlyWakeup is deprecated. Use eExplicitEarlyWakeup[Start|End]
02-16 16:48:25.003  3154  3489 D Recent.GestureStubView: gatherTransparentRegion: need render w:54  h:1440
02-16 16:48:25.003  1038  2986 W SurfaceFlinger: eEarlyWakeup is deprecated. Use eExplicitEarlyWakeup[Start|End]
02-16 16:48:25.004  3154  3154 D Launcher_UnlockAnimationStateMachine: mResetIdleStateRunnable
02-16 16:48:25.011  1038  1819 W SurfaceFlinger: eEarlyWakeup is deprecated. Use eExplicitEarlyWakeup[Start|End]
02-16 16:48:25.011  1038  1819 W SurfaceFlinger: eEarlyWakeup is deprecated. Use eExplicitEarlyWakeup[Start|End]
02-16 16:48:25.011  3154  3154 E BlurUtils: fastBlurDirectly ratio=1.0   win=com.android.internal.policy.MiuiPhoneWindow@27e7d27
02-16 16:48:25.017 14908 14954 I ExpoModulesCore: ✅ AppContext was initialized
02-16 16:48:25.019  1038  1097 W SurfaceFlinger: eEarlyWakeup is deprecated. Use eExplicitEarlyWakeup[Start|End]
02-16 16:48:25.020  1038  1102 W SurfaceFlinger: eEarlyWakeup is deprecated. Use eExplicitEarlyWakeup[Start|End]
--------- beginning of crash
02-16 16:48:25.022 14908 14954 F libc    : Fatal signal 6 (SIGABRT), code -1 (SI_QUEUE) in tid 14954 (pool-11-thread-), pid 14908 (insight2026.app)
02-16 16:48:25.027  1038  1097 W SurfaceFlinger: eEarlyWakeup is deprecated. Use eExplicitEarlyWakeup[Start|End]
02-16 16:48:25.027  1038  3456 W SurfaceFlinger: eEarlyWakeup is deprecated. Use eExplicitEarlyWakeup[Start|End]
02-16 16:48:25.033 14908 14949 E LB      : fail to open file: No such file or directory
02-16 16:48:25.033  1388  3341 I OMX-VDEC-1080P: set_frame_rate: the current time is 164825
02-16 16:48:24.069     0     0 E         : [__hawkeye_capture_idle_msg 97]current msg total count=1024 larger than allow
02-16 16:48:24.069     0     0 E         : [libhawkeye_create_msg 196]no idle msg failed
02-16 16:48:24.069     0     0 E         : [__hawkeye_create_msg 41]client fd=16795651,errid=16756740 no empty msg
02-16 16:48:25.033  1388  3341 I OMX-VDEC-1080P: set_frame_rate: the current time is 164825
02-16 16:48:25.036  1038  1102 W SurfaceFlinger: eEarlyWakeup is deprecated. Use eExplicitEarlyWakeup[Start|End]
02-16 16:48:25.037  1746  1796 V BugManager_JNI: bug message start: fd=409,tag =0X01004803
02-16 16:48:25.037  1038  1102 W SurfaceFlinger: eEarlyWakeup is deprecated. Use eExplicitEarlyWakeup[Start|End]
02-16 16:48:25.038  1388  3341 I OMX-VDEC-1080P: set_frame_rate: the current time is 164825
02-16 16:48:25.039  1746  2417 D MIUIInput: [FoucsChange]: Display  0 FocusedWindow From null(0,0)  to Window{a99fb7a mode=0 rootTaskId=5072 u0 com.insight2026.app/com.insight2026.app.MainActivity}(1,1)
02-16 16:48:25.040  1746  1802 D ArtManagerInternalImpl: /data/misc/iorapd/com.insight2026.app/1/com.insight2026.app.MainActivity/compiled_traces/compiled_trace.pb doesn't exist
02-16 16:48:25.041  1746  1802 I ActivityTaskManager: Displayed com.insight2026.app/.MainActivity: +346ms
02-16 16:48:25.042   992  1252 E ANDR-PERF-MPCTL: Rel extra pending handle: 65425
02-16 16:48:25.042   992  1252 E ANDR-PERF-MPCTL: Request does not exist, pending handle=65425
02-16 16:48:25.044  1038  1102 W SurfaceFlinger: eEarlyWakeup is deprecated. Use eExplicitEarlyWakeup[Start|End]
02-16 16:48:25.045  3154 25941 D Launcher.SceneManager: CurrentScene = 0,LastScene = 400000000000000,pkgName = com.insight2026.app
02-16 16:48:25.045  3154 25941 D Launcher.SceneManager: Current in game scene? false,Last in game scene? false,pkgName = com.insight2026.app
02-16 16:48:25.045  1388  3341 I OMX-VDEC-1080P: set_frame_rate: the current time is 164825
02-16 16:48:25.045  1388  3341 I OMX-VDEC-1080P: set_frame_rate: the current time is 164825
02-16 16:48:25.045  1038  3456 W SurfaceFlinger: eEarlyWakeup is deprecated. Use eExplicitEarlyWakeup[Start|End]
02-16 16:48:25.047  2817  3111 I android_os_HwBinder: HwBinder: Starting thread pool for getting: com.blackshark.game_engine@1.0::IGameEngine/default
02-16 16:48:25.047   980   980 I GameEngine: notifyGameFactor {"para1":"2924855548706944","para2":"-8070450532247928832","appInfo":{"packageName":"com.insight2026.app","pid":14908},"solarCore_level":"2","screen_fps":"120","battery_charge":"true","fast_charging_animation":"false","isLowDelayOpen":"false","fast_charge":"false","current_fps":"60526","solarCore_switch":"false","gpu_boost":"false","cpu_level":"0","solarCore_thermal_level":"1","smart_endurance":"true"}
02-16 16:48:25.047   980   980 I GameEngine: Factor: para1: 0x000a642400000080, para2: 0x9000000000000000, TopApp: 0
02-16 16:48:25.048   980   980 I GameEngine: last packageName: com.miui.home
02-16 16:48:25.048   980   980 I GameEngine: onGameFactorChanged scenario type Normal: apply policy 0x00
02-16 16:48:25.048   980   980 I GameEngine: applyPolicy CpuBoostConfig, id: 0x00
02-16 16:48:25.048   980   980 I GameEngine: Policy: already applied!
02-16 16:48:25.048   980   980 I GameEngine: applyPolicy CpusetConfig, id: 0x00
02-16 16:48:25.048   980   980 I GameEngine: Policy: already applied!
02-16 16:48:25.048   980   980 I GameEngine: applyPolicy DeviceFreqConfig, id: 0x00
02-16 16:48:25.048   980   980 I GameEngine: Policy: already applied!
02-16 16:48:25.048   980   980 I GameEngine: applyPolicy IOConfig, id: 0x00
02-16 16:48:25.048   980   980 I GameEngine: Policy: already applied!
02-16 16:48:25.048   980   980 I GameEngine: applyPolicy SchedConfig, id: 0x00
02-16 16:48:25.048   980   980 I GameEngine: Sched: applyPolicy load policy - 0x00
02-16 16:48:25.048   980   980 I GameEngine: applyPolicy ThermalConfig, id: 0x10
02-16 16:48:25.048   980   980 I GameEngine: Thermal: switch to config [0x0010]
02-16 16:48:25.048   980   980 I Thermal-Lib: Thermal-Lib-Client: Client config query request sent config_set  2
02-16 16:48:25.048   980   980 I chatty  : uid=0(root) game_engine@1.0 identical 3 lines
02-16 16:48:25.048   980   980 I Thermal-Lib: Thermal-Lib-Client: Client config query request sent config_set  2
02-16 16:48:25.048  1409  1517 I ThermalEngine: Thermal-Server: Thermal received msg from  config_set
02-16 16:48:25.048  1409  1517 I ThermalEngine: Thermal-Server: Num of config set request 36
02-16 16:48:25.049  1388  3341 I OMX-VDEC-1080P: set_frame_rate: the current time is 164825
02-16 16:48:25.049   980   980 I Thermal-Lib: Thermal-Lib-Client: Client config query request sent config_set  2
02-16 16:48:25.049  2836  2859 D HydraAlpha.StateMonitorImpl: onModeChanged:  not in game, package = com.insight2026.app, level=3
02-16 16:48:25.049   980   980 I Thermal-Lib: Thermal-Lib-Client: Client config query request sent config_set  2
02-16 16:48:25.049   980   980 I chatty  : uid=0(root) game_engine@1.0 identical 16 lines
02-16 16:48:25.049   980   980 I Thermal-Lib: Thermal-Lib-Client: Client config query request sent config_set  2
02-16 16:48:25.049  2836  3617 D HydraAlpha.StateMonitorImpl: StateMonitorHandler msg.what=EVENT_ON_GAME_CHANGED, arg1=0
02-16 16:48:25.049  2836  3617 D HydraAlpha.PuzzleWifi: onGameModeChanged isGameRunning=false, com.insight2026.app
02-16 16:48:25.050  6132  6567 W BsGameSdkMgr2.0@SmartPolicyEventHub: buildPolicyState para1: a642400000080  para2: 9000000000000000  package: com.insight2026.app
02-16 16:48:25.050  6132  6567 D BsGameSdkMgr2.0@SmartPolicyEventHub: APP Policy DEFAULT
02-16 16:48:25.050  6132  6567 D BsGameSdkMgr2.0@SmartPolicyEventHub: LCD Policy ON 
02-16 16:48:25.050  6132  6567 D BsGameSdkMgr2.0@SdkMsgManager: buildMsgByName:[policyChange]
02-16 16:48:25.050  6132  6567 D BsGameSdkMgr2.0@SdkThreadManager: workID:[resourcepool-thread]
02-16 16:48:25.050  6132  6567 D BsGameSdkMgr2.0@ResourcePoolThread: doSendMessage:[policyChange]
02-16 16:48:25.050  2836  3617 D HydraAlpha.PuzzleWifi: ssid=3c:6a:d2:46:4a:5a
02-16 16:48:25.050  6132  6567 D BsGameSdkMgr2.0@ResourcePoolThread: [policyChange]
02-16 16:48:25.050  2836  3617 D HydraAlpha.ModemStatsDataProcessor: onGameModeChanged false/com.insight2026.app, wifi=true, level=3
02-16 16:48:25.050  2836  3617 D HydraAlpha.MessageBox: sendCancelMessage......
02-16 16:48:25.050   980   980 I Thermal-Lib: Thermal-Lib-Client: Client config query request sent config_set  2
02-16 16:48:25.050   980   980 I chatty  : uid=0(root) game_engine@1.0 identical 5 lines
02-16 16:48:25.050   980   980 I Thermal-Lib: Thermal-Lib-Client: Client config query request sent config_set  2
02-16 16:48:25.050  6132  6503 W BsGameSdkMgr2.0@ResourcePoolThread: policy[LCD] lastState[LCD_ON] state[LCD_ON]
02-16 16:48:25.050   980   980 I Thermal-Lib: Thermal-Lib-Client: Client config query request sent config_set  2
02-16 16:48:25.050   980   980 I chatty  : uid=0(root) game_engine@1.0 identical 1 line
02-16 16:48:25.050   980   980 I Thermal-Lib: Thermal-Lib-Client: Client config query request sent config_set  2
02-16 16:48:25.050  6132  6503 W BsGameSdkMgr2.0@ResourcePoolThread: policy[APP] lastState[DEFAULT] state[DEFAULT]
02-16 16:48:25.050   980   980 I Thermal-Lib: Thermal-Lib-Client: Client config query request sent config_set  2
02-16 16:48:25.050   980   980 I Thermal-Lib: Thermal-Lib-Client: Client config query request sent config_set  2
02-16 16:48:25.050   980   980 I GameEngine: Thermal: updateThermalClient: SUCCESS! config sent: 36, should send: 36
02-16 16:48:25.050   980   980 I GameEngine: onGameFactorChanged scenario type Brightness: apply policy 0x1000
02-16 16:48:25.050   980   980 I GameEngine: applyPolicy BrightnessConfig, id: 0x00
02-16 16:48:25.050   980   980 I GameEngine: Policy: already applied!
02-16 16:48:25.050   980   980 I GameEngine: onGameFactorChanged scenario type Audio: apply policy 0x2000
02-16 16:48:25.050   980   980 I GameEngine: applyPolicy AudioConfig, id: 0x100
02-16 16:48:25.050   980   980 I GameEngine: Policy: already applied!
02-16 16:48:25.050   980   980 I GameEngine: onGameFactorChanged scenario type Charging: apply policy 0x3060
02-16 16:48:25.050   980   980 I GameEngine: applyPolicy ChargingConfig, id: 0x11
02-16 16:48:25.050   980   980 I GameEngine: Policy: already applied!
02-16 16:48:25.050  1409  1517 I ThermalEngine: Thermal-Server: Num of config set request 36
02-16 16:48:25.051  5828  5848 I BsSound21.03.25: BsSoundService: isMusic=false   isVideo=false  isGame=false packageName:com.insight2026.app
02-16 16:48:25.051  5828  5848 I BsSound21.03.25: BsSoundService: is  not game lastMode:ATTACHED_5  packageName:com.insight2026.app
02-16 16:48:25.051  1409  1519 I ThermalEngine: Sensor:xo_therm:38132 mC
02-16 16:48:25.051  1409  1519 I ThermalEngine: Sensor:xo_therm:38132 mC
02-16 16:48:25.051  5378  5378 I PerformanceMaster: [BsMonitorService] error type : -1
02-16 16:48:25.051  5378  5378 I PerformanceMaster: [BsMonitorService] error code : -999
02-16 16:48:25.051  1409  1519 I ThermalEngine: Sensor:xo_therm:38132 mC
02-16 16:48:25.052  6798 23998 D GameDock-SceneManager: ISmartpolicyListener,scene changed, packageName = [com.insight2026.app], isGameRunning = [false]
02-16 16:48:25.052  1409  1519 I ThermalEngine: Sensor:xo_therm:38132 mC
02-16 16:48:25.052  1409  1519 I ThermalEngine: Sensor:xo_therm:38132 mC
02-16 16:48:25.052  6798 23998 D GameDock-SceneManager: setRunningPackageName = [com.insight2026.app]
02-16 16:48:25.052  6798 23998 D GameDock-SceneManager: scene changed, packageName = [com.insight2026.app], isGameRunning = [false], isSharkSpaceRunning = [false]
02-16 16:48:25.052  6798  8483 D GameDock-GameDockService: on sence changed, packageName = [com.insight2026.app], lastRunningPkg = [com.miui.home], isGameRunning = [false], firstLaunch = [false], preGameRunning = [false], isSharkSpaceRunning = [false]
02-16 16:48:25.052  1038  3456 W SurfaceFlinger: eEarlyWakeup is deprecated. Use eExplicitEarlyWakeup[Start|End]
02-16 16:48:25.052  5587  5718 D Peripheral07.003: MainService: onModeChanged : para1 = [2924855548706944], para2 = [-8070450532247928832], packageName = [com.insight2026.app]
02-16 16:48:25.053  1038  1102 W SurfaceFlinger: eEarlyWakeup is deprecated. Use eExplicitEarlyWakeup[Start|End]
02-16 16:48:25.053  6798  8483 I GameDock-GameManager: game stopping, had been set game config = [false]
02-16 16:48:25.053  5587  5587 I Peripheral07.003: MainServiceHandler msg:3 Enter
02-16 16:48:25.053  5587  5587 D Peripheral07.003: MainService: onModeChanged false,  com.insight2026.app
02-16 16:48:25.053  5587  5587 D Peripheral07.003: BsGamePadControlManager: unloadApp : appName = com.insight2026.app
02-16 16:48:25.053  5587  5587 D Peripheral07.003: BsGamePadControlManager: unloadApp: 
02-16 16:48:25.053  6798  8483 I GameDock-GameDisturbCallDeepManager: game stopping, need disturb call deep  = true
02-16 16:48:25.053  6798  8483 I GameDock-GameDisturbCallDeepManager: configure disturb call deep, enable = [false], fromUser = [false]
02-16 16:48:25.053  5506  5506 D MiuiMultiWindowUtils: readFreeformTimestamps::str = ["{com.whatsapp=[1770912093980]}"]
02-16 16:48:25.053  5506  5506 D MiuiMultiWindowUtils: readFreeformTimestamps::result = {com.whatsapp=[1770912093980]}
02-16 16:48:25.054   966  1174 I android.hardware.thermal@2.0-service.qti: uevent triggered for sensor: xo_therm
02-16 16:48:25.054  1746  2417 D MiuiMultiWindowAdapter: MiuiMultiWindowAdapter::getFreeformBlackList::sSmallWindowBlackList = [com.miui.securitycenter, com.miui.weather2, com.miui.miservice, com.android.calendar, com.xiaomi.calendar, com.android.contacts, com.miui.mishare.connectivity, com.android.settings, com.android.printspooler, com.miui.backup, com.miui.huanji, com.miui.calculator, com.android.deskclock, com.android.thememanager, com.mfashiongallery.emag, com.miui.virtualsim, com.miui.smarttravel, com.mi.health, com.android.camera, com.lbe.security.miui, com.miui.cleanmaster, com.miui.newhome, com.miui.voiceassist, com.android.phone, com.miui.yellowpage, com.android.updater, com.miui.tsmclient, com.miui.securitycore, com.xiaomi.account, com.xiaomi.shop, com.xiaomi.smarthome, com.mipay.wallet, com.xiaomi.youpin, com.xiaomi.hm.health, com.miui.bugreport, com.xiaomi.mibrain.speech, com.xiaomi.mimoji, com.xiaomi.scanner, com.duokan.phone.remotecontroller, com.miui.hybrid, com.android.incallui, com.miui.video, com.miui.videoplayer, com.miui.player, com.miui.fm, com.miui.packageinstaller, com.mi.android.globallauncher, com.mi.android.globallauncher-poco, com.google.android.dialer, com.google.android.apps.magazines, com.miui.compass, com.miui.greenguard, com.kiteguard, com.google.android.apps.prodcasts, com.google.ar.lens, com.xiangkan.android, com.android.bankabc, com.sohu.inputmethod.sogou, com.tencent.mtt, com.shyz.toutiao, com.netease.mc.mi, com.outfit7.talkingtomgoldrun.mi, com.doudz.mi, com.wepie.snake.new.mi, cn.jj, com.standddz002.mi, com.miHoYo.bh3.mi, com.qqgame.hlddz, com.happyelements.AndroidAnimal, com.minitech.miniworld.TMobile.mi, com.mfp.jelly.xiaomi, com.lilithgames.afk.mi, com.tencent.peng, com.teenpatti.hd.gold, blockpuzzle.jewelgames.jewelslegend, com.playgendary.tanks, com.chillingo.robberybobfree.android.row, com.episodeinteractive.android.catalog, com.playrix.township, com.ansangha.drdriving, com.google.android.youtube, com.gbits.atm.mi, com.tencent.tetris, com.sukhavati.gotoplaying.bubble.BubbleShooter.mint, com.block.puzzle.game.hippo.mi, com.youzu.bs.mi, com.appsomniacs.da2, com.miHoYo.Yuanshen, com.baidu.BaiduMap, com.google.android.googlequicksearchbox, com.kiloo.subwaysurf, com.tencent.map, com.tencent.game.rhythmmaster, com.happyelements.AndroidAnimal.qq, com.google.android.documentsui, com.blackshark.discovery, com.tencent.cmocmna, com.tencent.tmgp.AndroidAnimal, com.android.packageinstaller, com.blackshark.userguide, com.netease.hsqsl.shark, com.blackshark.gamelauncher, com.microsoft.launcher, com.blackshark.fingertrain, com.blackshark.bsamagent, com.blackshark.market, com.android.stk]
02-16 16:48:25.054  1409  1519 I ThermalEngine: Sensor:xo_therm:38436 mC
02-16 16:48:25.054  3140  3451 D DisturbCallDeepTracker: getDisturbCallDeepEnabled result = false, cachedEnable = false
02-16 16:48:25.055  3140  3451 D DisturbCallDeepTracker: getNeedRestoreCsfbState result = false, cachedEnable = false
02-16 16:48:25.055  3140  3451 D FeaturesManager: getHydraFeatureStatus featureId = FEATURE_NO_INCOMING_CALL
02-16 16:48:25.055  3140  3451 D FeaturesManager: Enter getFeaturesService
02-16 16:48:25.056  3140  3451 D FeaturesManager: getFeaturesService featuresSer = com.zeusis.hydra.features.IFeaturesService$Stub$Proxy@f5d2f6c
02-16 16:48:25.057  2895 28657 D exlight@Service: SmartPolicyEventHub@onModeChanged,  p1: a642400000080  p2: 9000000000000000  package: com.insight2026.app  [alm:false mus:false gme:false scn:true]
02-16 16:48:25.057  5587  5587 D KeyboardManager: onAppChanged com.insight2026.app false 1
02-16 16:48:25.057  1409  1519 I ThermalEngine: ACTION: CPU - Setting CPU[7] to 1
02-16 16:48:25.057  2631 26086 D SceneManager: comes in mISmartpolicyListener scene:false
02-16 16:48:25.057   980  1219 I GameEngine: PolicyFilter: thermalStatusDetectThread: changed 1
02-16 16:48:25.057  3084  3231 D FeaturesService: EVENT_GET_HYDRA_FEATURE_STATUS_DONE successful
02-16 16:48:25.058   980  1219 I GameEngine: notifyAllClient : UnityCallback receivedValue {"eventInfo":{"level":0,"rate":0.5,"reason":3},"eventType":"ThermalLimittedChanged"}
02-16 16:48:25.058  1746  2622 E BatteryService: return id:1  cache value:3298000   callingpid:5680
02-16 16:48:25.058   590   590 E SELinux : avc:  denied  { find } for pid=2631 uid=1000 name=gamewindow scontext=u:r:system_app:s0 tcontext=u:object_r:default_android_service:s0 tclass=service_manager permissive=0
02-16 16:48:25.058  5587  5587 I Peripheral07.003: BsGamePadManager: removeExtraTouchDevice() called with: productId = [-100]
02-16 16:48:25.058  6132  6494 W BsGameSdkMgr2.0@GameEngineEventHub: IGameEngineCallback onChange[{"eventInfo":{"level":0,"rate":0.5,"reason":3},"eventType":"ThermalLimittedChanged"}]
02-16 16:48:25.058  6132  6494 D BsGameSdkMgr2.0@SdkMsgManager: buildMsgByName:[doOperation]
02-16 16:48:25.058  6132  6494 D BsGameSdkMgr2.0@SdkThreadManager: workID:[resourcepool-thread]
02-16 16:48:25.058  1409  1519 I ThermalEngine: ACTION: CPU - Setting CPU[4] to 1
02-16 16:48:25.058  6132  6494 D BsGameSdkMgr2.0@ResourcePoolThread: doSendMessage:[doOperation]
02-16 16:48:25.058  6132  6494 D BsGameSdkMgr2.0@ResourcePoolThread: [doOperation]
02-16 16:48:25.058  6132  6503 D BsGameSdkMgr2.0@ResourcePoolThread: doOperation Start====================.
02-16 16:48:25.058  6132  6503 W BsGameSdkMgr2.0@ResourcePoolThread: doOperation operationType[special_passthrough] callingPkgName[com.blackshark.game_engine@1.0-service] operation[{calling_packagename=com.blackshark.game_engine@1.0-service, param={"operation":"UnityBoost","calling_packagename":"com.blackshark.game_engine@1.0-service","param":"{\"eventInfo\":{\"level\":0,\"rate\":0.5,\"reason\":3},\"eventType\":\"ThermalLimittedChanged\"}"}, operation=special_passthrough}].
02-16 16:48:25.059  6132  6503 W BsGameSdkMgr2.0@ResourcePoolThread: change operationType [special_passthrough]==>[UnityBoost].
02-16 16:48:25.059  6132  6503 D BsGameSdkMgr2.0@SdkMsgManager: buildMsgByName:[doCallBack]
02-16 16:48:25.059  6132  6503 D BsGameSdkMgr2.0@SdkThreadManager: workID:[callback-thread]
02-16 16:48:25.059  6132  6503 D BsGameSdkMgr2.0@CallBackThread: doSendMessage:[doCallBack]
02-16 16:48:25.059  6132  6503 D BsGameSdkMgr2.0@CallBackThread: [doCallBack]
02-16 16:48:25.059  6132  6503 D BsGameSdkMgr2.0@ResourcePoolThread: ====================doOperation End.
02-16 16:48:25.059  6132  6527 W BsGameSdkMgr2.0@CallBackThread: operation[UnityBoost] callBackMsg[{"operation":"UnityBoost","calling_packagename":"com.blackshark.game_engine@1.0-service","param":"{\"eventInfo\":{\"level\":0,\"rate\":0.5,\"reason\":3},\"eventType\":\"ThermalLimittedChanged\"}"}] have no client regester
02-16 16:48:25.059  1746  2417 E IntervalStats: Unable to parse usage stats package 543
02-16 16:48:25.059  1746  2417 E IntervalStats: Unable to parse usage stats package 544
02-16 16:48:25.059  1746  2417 E IntervalStats: Unable to parse usage stats package 545
02-16 16:48:25.059  1746  2417 E IntervalStats: Unable to parse usage stats package 550
02-16 16:48:25.059  1746  2417 E IntervalStats: Unable to parse usage stats package 552
02-16 16:48:25.059  1746  2417 E IntervalStats: Unable to parse usage stats package 553
02-16 16:48:25.059  1409  1519 I ThermalEngine: ACTION: GPU - Setting GPU[0] to 1
02-16 16:48:25.060  1746  5278 D BsGamePadService: removeExtraTouchDevice : productid = -100
02-16 16:48:25.060  3140  3451 D DisturbCallDeepTracker: getRestoreUiccProvisionSubId result[0] = -1
02-16 16:48:25.060  3140  3451 D DisturbCallDeepTracker: getRestoreUiccProvisionSubId cachedUiccProvisionSubIds = -1
02-16 16:48:25.060  3140  3451 D DisturbCallDeepTracker: needRestoreUicc result = false
02-16 16:48:25.060  3140  3451 D DisturbCallDeepTracker: setDisturbCallDeep Already enable = false
02-16 16:48:25.061  6798  8481 D GameDock-GameDisturbCallDeepManager: disable disturb call result = 1
02-16 16:48:25.061  6798  8481 I GameDock-GameDisturbCallDeepManager: disturb call deep, finaly state enable = [false]
02-16 16:48:25.061  6798  8481 I GameDock-GameDisturbCallDeepManager: get disturb call deep, enable = [false]
02-16 16:48:25.061  6798  8481 W GameDock-GameDisturbCallDeepManager: disable disturb deep call, notify game zone
02-16 16:48:25.061  6798  8481 D GameDock-GameDisturbCallDeepManager: notify game zone flags = [64]
02-16 16:48:25.061  1038  2986 W SurfaceFlinger: eEarlyWakeup is deprecated. Use eExplicitEarlyWakeup[Start|End]
02-16 16:48:25.062  6798  8483 I GameDock-GameDockEngine: get game dock engine com.blackshark.gamedockengine.hal@1.0::IGameDockEngine@Proxy
02-16 16:48:25.062  1038  2986 W SurfaceFlinger: eEarlyWakeup is deprecated. Use eExplicitEarlyWakeup[Start|End]
02-16 16:48:25.062  6798  8483 I GameDock-GameDockEngine: set game dock config, action = 2, value = 0
02-16 16:48:25.062  6798  8483 I GameDock-GameCenterManager: game center stopping, had been set game config = [false]
02-16 16:48:25.062  6798  8483 I GameDock-GamePluginManager: game stooping
02-16 16:48:25.062  6798 23998 D GameDock-SceneManager: running pid = [14908]
02-16 16:48:25.062  6798 23998 I GameDock-GameDockEngine: write property, key = sys.egl.fps.flag, value = 14908
02-16 16:48:25.062  6798  8483 D GameDock-KplManager: onGameStop show tipwindow if needed
02-16 16:48:25.063  6798  8483 D GameDock-GameDockPluginManager: notify plugin = [com.blackshark.gamesupport.GameSupportPluginService], game = [com.insight2026.app] stopping
02-16 16:48:25.063  6798  8483 D GameDock-GameDockPluginManager: notify plugin = [com.blackshark.gamelauncher.dock.DockPluginService], game = [com.insight2026.app] stopping
02-16 16:48:25.063  6798  6798 D GameDock-GodEyeViewManager: GodEyeView-- wm.removeView(godEyeView) hasAttachedToWindow=false
02-16 16:48:25.063  6798  8483 D GameDock-GameDockPluginManager: notify plugin = [com.piggylab.holdon.HoldOnGuardService], game = [com.insight2026.app] stopping
02-16 16:48:25.063  6798  8483 D GameDock-GameDockPluginManager: notify plugin = [com.blackshark.barrage.plugin.service.BarrageGameDockPluginService], game = [com.insight2026.app] stopping
02-16 16:48:25.063 25657 25680 D DockPluginService: DockPluginService -> onGameStopping: packageName=com.insight2026.app
02-16 16:48:25.063  6798  8483 D GameDock-GameDockPluginManager: notify plugin = [com.blackshark.bsperipheral.DockPlugService], game = [com.insight2026.app] stopping
02-16 16:48:25.063  6798  8483 D GameDock-GameDockPluginManager: notify plugin = [com.blackshark.macro.DockPluginService], game = [com.insight2026.app] stopping
02-16 16:48:25.063  6798  8483 D GameDock-GameDockPluginManager: notify plugin = [com.blackshark.keymapcenter.KeyMapCenterService], game = [com.insight2026.app] stopping
02-16 16:48:25.063  8495 28345 D DockPluginService: 离开游戏 packageName = [com.insight2026.app]
02-16 16:48:25.063  6798  8483 D GameDock-GameDockPluginManager: notify plugin = [com.blackshark.performancemaster.module.floatview.FloatPluginService], game = [com.insight2026.app] stopping
02-16 16:48:25.063  8495  8495 D BsMacro : MacroWindowManager: removeAllAddedView: list size = 0
02-16 16:48:25.063  8495  8495 D BsMacro : MacroWindowManager: list = []
02-16 16:48:25.063  8495  8495 D BsMacro : MacroManager: onGameStopping packageName:com.insight2026.app
02-16 16:48:25.063  6798  8483 D GameDock-GameDockPluginManager: notify plugin = [com.blackshark.record.service.GameDockSubscribeService], game = [com.insight2026.app] stopping
02-16 16:48:25.063  8464  8491 D KeyMapCenter-KeyMapCenterService: onGameCenterStop
02-16 16:48:25.064  8464  8491 D KeyMapCenter-KeyMapCenterService: 37987 onGameCenterStop 2 packageName:com.insight2026.app
02-16 16:48:25.064  8464  8464 D KeyMapCenter-RockerWindowManager: flat onGameCenterStop packageName：com.miui.home
02-16 16:48:25.065  5625  5655 I AnalysisUtil:  
02-16 16:48:25.065  5625  5655 I AnalysisUtil: ┌────────────────────────────────────────────────────────────────────────────────────────────────────────────────
02-16 16:48:25.065  5625  5655 I AnalysisUtil: │ Binder:5625_3, com.blackshark.gamedock.plugin.IGameDockPluginService$Stub.onTransact(IGameDockPluginService.java:24)
02-16 16:48:25.065  5625  5655 I AnalysisUtil: ├┄┄┄┄┄┄┄┄┄┄┄┄┄┄┄┄┄┄┄┄┄┄┄┄┄┄┄┄┄┄┄┄┄┄┄┄┄┄┄┄┄┄┄┄┄┄┄┄┄┄┄┄┄┄┄┄┄┄┄┄┄┄┄┄┄┄┄┄┄┄┄┄┄┄┄┄┄┄┄┄┄┄┄┄┄┄┄┄┄┄┄┄┄┄┄┄┄┄┄┄┄┄┄┄┄┄┄┄┄┄┄┄
02-16 16:48:25.065  5625  5655 I AnalysisUtil: │ onGameStopped: invalid pkg
02-16 16:48:25.065  5625  5655 I AnalysisUtil: └────────────────────────────────────────────────────────────────────────────────────────────────────────────────
02-16 16:48:25.065  5625  5655 I GameSupportPluginService:  
02-16 16:48:25.065  5625  5655 I GameSupportPluginService: ┌────────────────────────────────────────────────────────────────────────────────────────────────────────────────
02-16 16:48:25.065  5625  5655 I GameSupportPluginService: │ Binder:5625_3, com.blackshark.gamedock.plugin.IGameDockPluginService$Stub.onTransact(IGameDockPluginService.java:24)
02-16 16:48:25.065  5625  5655 I GameSupportPluginService: ├┄┄┄┄┄┄┄┄┄┄┄┄┄┄┄┄┄┄┄┄┄┄┄┄┄┄┄┄┄┄┄┄┄┄┄┄┄┄┄┄┄┄┄┄┄┄┄┄┄┄┄┄┄┄┄┄┄┄┄┄┄┄┄┄┄┄┄┄┄┄┄┄┄┄┄┄┄┄┄┄┄┄┄┄┄┄┄┄┄┄┄┄┄┄┄┄┄┄┄┄┄┄┄┄┄┄┄┄┄┄┄┄
02-16 16:48:25.065  5625  5655 I GameSupportPluginService: │ Stop game null by com.insight2026.app
02-16 16:48:25.065  5625  5655 I GameSupportPluginService: └────────────────────────────────────────────────────────────────────────────────────────────────────────────────
02-16 16:48:25.066  5378  5378 E PerformanceMaster: [com.blackshark.performancemaster.module.floatview.FloatWindowManager] removeDockFloatViewWindow startTime : 1771271305066
02-16 16:48:25.066  5378  5378 E PerformanceMaster: [com.blackshark.performancemaster.module.floatview.FloatWindowManager] removeDockFloatViewWindow endTime : 1771271305066
02-16 16:48:25.066  5378  5378 E PerformanceMaster: [com.blackshark.performancemaster.module.floatview.FloatWindowManager]  removeDockFloatViewWindow : 0
02-16 16:48:25.069  1038  2986 W SurfaceFlinger: eEarlyWakeup is deprecated. Use eExplicitEarlyWakeup[Start|End]
02-16 16:48:25.070  6798 23998 D GameDock-SceneManager: running uid = [10350]
02-16 16:48:25.070  1038  1102 W SurfaceFlinger: eEarlyWakeup is deprecated. Use eExplicitEarlyWakeup[Start|End]
02-16 16:48:25.071  2836  3617 D HydraAlpha.IpCollector: gamePkgName=, mGameUid=0
02-16 16:48:25.071  2836  3617 D HydraAlpha.NetworkBasicInfo: onGameModeChanged false
02-16 16:48:25.071  2836  3617 D HydraAlpha.DdsLteCellBiko: onGameModeChanged false
02-16 16:48:25.071  2836  3617 D HydraAlpha.OneKeyOptimizer: onGameModeChanged GameState:false->false, packageName=com.insight2026.app
02-16 16:48:25.071  2836  3617 D HydraAlpha.AdvancedSoloNetwork: onGameModeChanged GameState:false->false
02-16 16:48:25.071  2836  3618 E HydraAlpha.ModemStatsDataProxy: msg 1 is not for client
02-16 16:48:25.071  2836  3618 D Hydra.VendorTelephonyUtils: isSimsReady index=0, state=5
02-16 16:48:25.073  2836  3618 D Hydra.VendorTelephonyUtils: isSimsReady index=1, state=5
02-16 16:48:25.073  2836  3618 E HydraAlpha.ModemStatsDataProcessor: isAllowed False Wifi Connected
02-16 16:48:25.073  2836  3618 E HydraAlpha.ModemStatsDataProcessor: ModemStats is NOT running
02-16 16:48:25.077  1038  1102 W SurfaceFlinger: eEarlyWakeup is deprecated. Use eExplicitEarlyWakeup[Start|End]
02-16 16:48:25.077  1038  3456 W SurfaceFlinger: eEarlyWakeup is deprecated. Use eExplicitEarlyWakeup[Start|End]
02-16 16:48:25.084  1746  1793 I ActivityTaskManager: hasFreeFormStacks--------0
02-16 16:48:25.085  1038  3456 W SurfaceFlinger: eEarlyWakeup is deprecated. Use eExplicitEarlyWakeup[Start|End]
02-16 16:48:25.085  1038  3456 W SurfaceFlinger: eEarlyWakeup is deprecated. Use eExplicitEarlyWakeup[Start|End]
02-16 16:48:25.086  1038  1102 W SurfaceFlinger: eEarlyWakeup is deprecated. Use eExplicitEarlyWakeup[Start|End]
02-16 16:48:25.086  1038  1819 W SurfaceFlinger: eEarlyWakeup is deprecated. Use eExplicitEarlyWakeup[Start|End]
02-16 16:48:25.087 14970 14970 I crash_dump64: obtaining output fd from tombstoned, type: kDebuggerdTombstone
02-16 16:48:25.090   806   806 I tombstoned: received crash request for pid 14954
02-16 16:48:25.091 14970 14970 I crash_dump64: performing dump of process 14908 (target tid = 14954)
02-16 16:48:25.093  1038  1819 W SurfaceFlinger: eEarlyWakeup is deprecated. Use eExplicitEarlyWakeup[Start|End]
02-16 16:48:25.094  1038  3456 W SurfaceFlinger: eEarlyWakeup is deprecated. Use eExplicitEarlyWakeup[Start|End]
02-16 16:48:25.094 14970 14970 F DEBUG   : *** *** *** *** *** *** *** *** *** *** *** *** *** *** *** ***
02-16 16:48:25.094 14970 14970 F DEBUG   : Build fingerprint: 'blackshark/PRS-H0/penrose:11/PROS2203060OS00MP5/V12.0.1.0.RBICNBS:user/release-keys'
02-16 16:48:25.094 14970 14970 F DEBUG   : Revision: '0'
02-16 16:48:25.094 14970 14970 F DEBUG   : ABI: 'arm64'
02-16 16:48:25.094 14970 14970 F DEBUG   : Timestamp: 2026-02-16 16:48:25-0300
02-16 16:48:25.094 14970 14970 F DEBUG   : pid: 14908, tid: 14954, name: pool-11-thread-  >>> com.insight2026.app <<<
02-16 16:48:25.094 14970 14970 F DEBUG   : uid: 10350
02-16 16:48:25.094 14970 14970 F DEBUG   : Tombstone written to: pid: 14908, tid: 14954, name: pool-11-thread-  >>> com.insight2026.app <<<
02-16 16:48:25.094 14970 14970 F DEBUG   : signal 6 (SIGABRT), code -1 (SI_QUEUE), fault addr --------
02-16 16:48:25.094 14970 14970 F DEBUG   :     x0  0000000000000000  x1  0000000000003a6a  x2  0000000000000006  x3  0000007b658f6000
02-16 16:48:25.094 14970 14970 F DEBUG   :     x4  3631203631323046  x5  3631203631323046  x6  3631203631323046  x7  302e35323a38343a
02-16 16:48:25.094 14970 14970 F DEBUG   :     x8  00000000000000f0  x9  d6c819f33ed0121e  x10 0000000000000000  x11 ffffffc0fffffbdf
02-16 16:48:25.094 14970 14970 F DEBUG   :     x12 0000000000000001  x13 203a64656c696166  x14 0000007c63a0cbe2  x15 00000000fffffffe
02-16 16:48:25.094 14970 14970 F DEBUG   :     x16 0000007c63a08948  x17 0000007c639e7390  x18 0000007b657c4000  x19 0000000000003a3c
02-16 16:48:25.094 14970 14970 F DEBUG   :     x20 0000000000003a6a  x21 00000000ffffffff  x22 0000007b658fafc0  x23 0000007b68638000
02-16 16:48:25.094 14970 14970 F DEBUG   :     x24 0000007b658f7720  x25 0000007b658fafc0  x26 0000007b686378b9  x27 0000007b68628a28
02-16 16:48:25.094 14970 14970 F DEBUG   :     x28 b400007bcb7bad80  x29 0000007b658f6080
02-16 16:48:25.094 14970 14970 F DEBUG   :     lr  0000007c6399aaa0  sp  0000007b658f5fe0  pc  0000007c6399aacc  pst 0000000000001000
02-16 16:48:25.102  1038  1097 W SurfaceFlinger: eEarlyWakeup is deprecated. Use eExplicitEarlyWakeup[Start|End]
02-16 16:48:25.102  1038  1819 W SurfaceFlinger: eEarlyWakeup is deprecated. Use eExplicitEarlyWakeup[Start|End]
02-16 16:48:25.106   992  1252 E ANDR-PERF-MPCTL: Rel extra pending handle: 65425
02-16 16:48:25.106   992  1252 E ANDR-PERF-MPCTL: Request does not exist, pending handle=65425
02-16 16:48:25.110  1038  1102 W SurfaceFlinger: eEarlyWakeup is deprecated. Use eExplicitEarlyWakeup[Start|End]
02-16 16:48:25.110  1038  3456 W SurfaceFlinger: eEarlyWakeup is deprecated. Use eExplicitEarlyWakeup[Start|End]
02-16 16:48:25.112  5587  5587 I Peripheral07.003: MainServiceHandler msg:3 Exit
02-16 16:48:25.112  5587  5587 I Peripheral07.003: mCurrentAppName:null
02-16 16:48:25.112  5587  5587 I Peripheral07.003: BsGamePadManager: unloadKeyMap() called with: hideMouse = [false]
02-16 16:48:25.112  1746  2619 D BsGamePadService: unloadKeyMap : hideMouse = false
02-16 16:48:25.113  5587  5587 D Peripheral07.003: GameDockViewManager: hideDockView() called
02-16 16:48:25.113  5587  5587 E Peripheral07.003: GameDockViewManager: removeDockFloatViewWindow startTime : 1771271305113
02-16 16:48:25.113  5587  5587 E Peripheral07.003: GameDockViewManager: removeDockFloatViewWindow endTime : 1771271305113
02-16 16:48:25.113  5587  5587 E Peripheral07.003: GameDockViewManager:  removeDockFloatViewWindow : 0
02-16 16:48:25.119  1038  1102 W SurfaceFlinger: eEarlyWakeup is deprecated. Use eExplicitEarlyWakeup[Start|End]
02-16 16:48:25.119  1038  1819 W SurfaceFlinger: eEarlyWakeup is deprecated. Use eExplicitEarlyWakeup[Start|End]
02-16 16:48:25.126  1038  1102 W SurfaceFlinger: eEarlyWakeup is deprecated. Use eExplicitEarlyWakeup[Start|End]
02-16 16:48:25.127  1038  1819 W SurfaceFlinger: eEarlyWakeup is deprecated. Use eExplicitEarlyWakeup[Start|End]
02-16 16:48:25.135  1038  1819 W SurfaceFlinger: eEarlyWakeup is deprecated. Use eExplicitEarlyWakeup[Start|End]
02-16 16:48:25.135  1038  1102 W SurfaceFlinger: eEarlyWakeup is deprecated. Use eExplicitEarlyWakeup[Start|End]
02-16 16:48:25.144  1038  3456 W SurfaceFlinger: eEarlyWakeup is deprecated. Use eExplicitEarlyWakeup[Start|End]
02-16 16:48:25.144  1038  1097 W SurfaceFlinger: eEarlyWakeup is deprecated. Use eExplicitEarlyWakeup[Start|End]
02-16 16:48:25.151  1038  1102 W SurfaceFlinger: eEarlyWakeup is deprecated. Use eExplicitEarlyWakeup[Start|End]
02-16 16:48:25.151  1038  1102 W SurfaceFlinger: eEarlyWakeup is deprecated. Use eExplicitEarlyWakeup[Start|End]
02-16 16:48:25.159  1038  1097 W SurfaceFlinger: eEarlyWakeup is deprecated. Use eExplicitEarlyWakeup[Start|End]
02-16 16:48:25.160  1038  3456 W SurfaceFlinger: eEarlyWakeup is deprecated. Use eExplicitEarlyWakeup[Start|End]
02-16 16:48:25.168  1038  1097 W SurfaceFlinger: eEarlyWakeup is deprecated. Use eExplicitEarlyWakeup[Start|End]
02-16 16:48:25.168  1038  1097 W SurfaceFlinger: eEarlyWakeup is deprecated. Use eExplicitEarlyWakeup[Start|End]
02-16 16:48:25.176  1038  1102 W SurfaceFlinger: eEarlyWakeup is deprecated. Use eExplicitEarlyWakeup[Start|End]
02-16 16:48:25.176  1038  1819 W SurfaceFlinger: eEarlyWakeup is deprecated. Use eExplicitEarlyWakeup[Start|End]
02-16 16:48:25.184  1038  1819 W SurfaceFlinger: eEarlyWakeup is deprecated. Use eExplicitEarlyWakeup[Start|End]
02-16 16:48:25.184  1038  1097 W SurfaceFlinger: eEarlyWakeup is deprecated. Use eExplicitEarlyWakeup[Start|End]
02-16 16:48:25.193  1746  2622 D MiuiMultiWindowAdapter: MiuiMultiWindowAdapter::getFreeformBlackList::sSmallWindowBlackList = [com.miui.securitycenter, com.miui.weather2, com.miui.miservice, com.android.calendar, com.xiaomi.calendar, com.android.contacts, com.miui.mishare.connectivity, com.android.settings, com.android.printspooler, com.miui.backup, com.miui.huanji, com.miui.calculator, com.android.deskclock, com.android.thememanager, com.mfashiongallery.emag, com.miui.virtualsim, com.miui.smarttravel, com.mi.health, com.android.camera, com.lbe.security.miui, com.miui.cleanmaster, com.miui.newhome, com.miui.voiceassist, com.android.phone, com.miui.yellowpage, com.android.updater, com.miui.tsmclient, com.miui.securitycore, com.xiaomi.account, com.xiaomi.shop, com.xiaomi.smarthome, com.mipay.wallet, com.xiaomi.youpin, com.xiaomi.hm.health, com.miui.bugreport, com.xiaomi.mibrain.speech, com.xiaomi.mimoji, com.xiaomi.scanner, com.duokan.phone.remotecontroller, com.miui.hybrid, com.android.incallui, com.miui.video, com.miui.videoplayer, com.miui.player, com.miui.fm, com.miui.packageinstaller, com.mi.android.globallauncher, com.mi.android.globallauncher-poco, com.google.android.dialer, com.google.android.apps.magazines, com.miui.compass, com.miui.greenguard, com.kiteguard, com.google.android.apps.prodcasts, com.google.ar.lens, com.xiangkan.android, com.android.bankabc, com.sohu.inputmethod.sogou, com.tencent.mtt, com.shyz.toutiao, com.netease.mc.mi, com.outfit7.talkingtomgoldrun.mi, com.doudz.mi, com.wepie.snake.new.mi, cn.jj, com.standddz002.mi, com.miHoYo.bh3.mi, com.qqgame.hlddz, com.happyelements.AndroidAnimal, com.minitech.miniworld.TMobile.mi, com.mfp.jelly.xiaomi, com.lilithgames.afk.mi, com.tencent.peng, com.teenpatti.hd.gold, blockpuzzle.jewelgames.jewelslegend, com.playgendary.tanks, com.chillingo.robberybobfree.android.row, com.episodeinteractive.android.catalog, com.playrix.township, com.ansangha.drdriving, com.google.android.youtube, com.gbits.atm.mi, com.tencent.tetris, com.sukhavati.gotoplaying.bubble.BubbleShooter.mint, com.block.puzzle.game.hippo.mi, com.youzu.bs.mi, com.appsomniacs.da2, com.miHoYo.Yuanshen, com.baidu.BaiduMap, com.google.android.googlequicksearchbox, com.kiloo.subwaysurf, com.tencent.map, com.tencent.game.rhythmmaster, com.happyelements.AndroidAnimal.qq, com.google.android.documentsui, com.blackshark.discovery, com.tencent.cmocmna, com.tencent.tmgp.AndroidAnimal, com.android.packageinstaller, com.blackshark.userguide, com.netease.hsqsl.shark, com.blackshark.gamelauncher, com.microsoft.launcher, com.blackshark.fingertrain, com.blackshark.bsamagent, com.blackshark.market, com.android.stk]
02-16 16:48:25.193  1038  1819 W SurfaceFlinger: eEarlyWakeup is deprecated. Use eExplicitEarlyWakeup[Start|End]
02-16 16:48:25.193  1038  1097 W SurfaceFlinger: eEarlyWakeup is deprecated. Use eExplicitEarlyWakeup[Start|End]
02-16 16:48:25.201  1038  1102 W SurfaceFlinger: eEarlyWakeup is deprecated. Use eExplicitEarlyWakeup[Start|End]
02-16 16:48:25.201  1038  1097 W SurfaceFlinger: eEarlyWakeup is deprecated. Use eExplicitEarlyWakeup[Start|End]
02-16 16:48:25.206  2631  2631 D StatusBar: disable<e i a s b h r c s > disable2<q i n >
02-16 16:48:25.209  1038  1819 W SurfaceFlinger: eEarlyWakeup is deprecated. Use eExplicitEarlyWakeup[Start|End]
02-16 16:48:25.209  1038  3456 W SurfaceFlinger: eEarlyWakeup is deprecated. Use eExplicitEarlyWakeup[Start|End]
02-16 16:48:25.214  2631  2631 D StatusBar: disable<e i a s b h r c s > disable2<q i n >
02-16 16:48:25.217  1038  3456 W SurfaceFlinger: eEarlyWakeup is deprecated. Use eExplicitEarlyWakeup[Start|End]
02-16 16:48:25.217  1038  1102 W SurfaceFlinger: eEarlyWakeup is deprecated. Use eExplicitEarlyWakeup[Start|End]
02-16 16:48:25.225  1038  1819 W SurfaceFlinger: eEarlyWakeup is deprecated. Use eExplicitEarlyWakeup[Start|End]
02-16 16:48:25.226  1038  1819 W SurfaceFlinger: eEarlyWakeup is deprecated. Use eExplicitEarlyWakeup[Start|End]
02-16 16:48:25.234  1038  1097 W SurfaceFlinger: eEarlyWakeup is deprecated. Use eExplicitEarlyWakeup[Start|End]
02-16 16:48:25.234  1038  3456 W SurfaceFlinger: eEarlyWakeup is deprecated. Use eExplicitEarlyWakeup[Start|End]
02-16 16:48:25.242  1038  1097 W SurfaceFlinger: eEarlyWakeup is deprecated. Use eExplicitEarlyWakeup[Start|End]
02-16 16:48:25.242  1038  1819 W SurfaceFlinger: eEarlyWakeup is deprecated. Use eExplicitEarlyWakeup[Start|End]
02-16 16:48:25.243  1388  3341 I OMX-VDEC-1080P: set_frame_rate: the current time is 164825
02-16 16:48:25.248 14970 14970 F DEBUG   : backtrace:
02-16 16:48:25.248 14970 14970 F DEBUG   :       #00 pc 0000000000089acc  /apex/com.android.runtime/lib64/bionic/libc.so (abort+164) (BuildId: a790cdbd8e44ea8a90802da343cb82ce)
02-16 16:48:25.248 14970 14970 F DEBUG   :       #01 pc 000000000004ad20  /data/app/~~zfxo-V6CCX59mAky1_hwLg==/com.insight2026.app-mH68G8wV-jzPHnZWWRWU7Q==/base.apk!libjsi.so (offset 0x14a0000) (BuildId: ba7a05dd8833f7b3)
02-16 16:48:25.248 14970 14970 F DEBUG   :       #02 pc 0000000000049e58  /data/app/~~zfxo-V6CCX59mAky1_hwLg==/com.insight2026.app-mH68G8wV-jzPHnZWWRWU7Q==/base.apk!libjsi.so (offset 0x14a0000) (google::LogMessage::SendToLog()+1792) (BuildId: ba7a05dd8833f7b3)
02-16 16:48:25.248 14970 14970 F DEBUG   :       #03 pc 000000000004a58c  /data/app/~~zfxo-V6CCX59mAky1_hwLg==/com.insight2026.app-mH68G8wV-jzPHnZWWRWU7Q==/base.apk!libjsi.so (offset 0x14a0000) (google::LogMessage::Flush()+216) (BuildId: ba7a05dd8833f7b3)
02-16 16:48:25.248 14970 14970 F DEBUG   :       #04 pc 000000000004ed5c  /data/app/~~zfxo-V6CCX59mAky1_hwLg==/com.insight2026.app-mH68G8wV-jzPHnZWWRWU7Q==/base.apk!libjsi.so (offset 0x14a0000) (google::LogMessageFatal::~LogMessageFatal()+8) (BuildId: ba7a05dd8833f7b3)
02-16 16:48:25.248 14970 14970 F DEBUG   :       #05 pc 0000000000038310  /data/app/~~zfxo-V6CCX59mAky1_hwLg==/com.insight2026.app-mH68G8wV-jzPHnZWWRWU7Q==/base.apk!libjsi.so (offset 0x14a0000) (folly::dynamic::destroy()+404) (BuildId: ba7a05dd8833f7b3)
02-16 16:48:25.248 14970 14970 F DEBUG   :       #06 pc 0000000000146f18  /data/app/~~zfxo-V6CCX59mAky1_hwLg==/com.insight2026.app-mH68G8wV-jzPHnZWWRWU7Q==/base.apk!libappmodules.so (offset 0x938000) (facebook::react::RNSVGSvgViewAndroidProps::~RNSVGSvgViewAndroidProps()+24) (BuildId: af80b3e302a1136923864029bf264530f2ebc4d7)
02-16 16:48:25.248 14970 14970 F DEBUG   :       #07 pc 000000000014667c  /data/app/~~zfxo-V6CCX59mAky1_hwLg==/com.insight2026.app-mH68G8wV-jzPHnZWWRWU7Q==/base.apk!libappmodules.so (offset 0x938000) (void facebook::react::RawPropsParser::prepare<facebook::react::RNSVGSvgViewAndroidProps>()+1356) (BuildId: af80b3e302a1136923864029bf264530f2ebc4d7)
02-16 16:48:25.248 14970 14970 F DEBUG   :       #08 pc 000000000014609c  /data/app/~~zfxo-V6CCX59mAky1_hwLg==/com.insight2026.app-mH68G8wV-jzPHnZWWRWU7Q==/base.apk!libappmodules.so (offset 0x938000) (BuildId: af80b3e302a1136923864029bf264530f2ebc4d7)
02-16 16:48:25.248 14970 14970 F DEBUG   :       #09 pc 0000000000145ff0  /data/app/~~zfxo-V6CCX59mAky1_hwLg==/com.insight2026.app-mH68G8wV-jzPHnZWWRWU7Q==/base.apk!libappmodules.so (offset 0x938000) (_ZN8facebook5react38concreteComponentDescriptorConstructorINS0_27ConcreteComponentDescriptorINS0_22ConcreteViewShadowNodeIXadsoKcL_ZNS0_32RNSVGSvgViewAndroidComponentNameEEEENS0_24RNSVGSvgViewAndroidPropsENS0_31RNSVGSvgViewAndroidEventEmitterENS0_9StateDataEEEEEEENSt6__ndk110unique_ptrIKNS0_19ComponentDescriptorENSA_14default_deleteISD_EEEERKNS0_29ComponentDescriptorParametersE+36) (BuildId: af80b3e302a1136923864029bf264530f2ebc4d7)
02-16 16:48:25.248 14970 14970 F DEBUG   :       #10 pc 00000000003d95e4  /data/app/~~zfxo-V6CCX59mAky1_hwLg==/com.insight2026.app-mH68G8wV-jzPHnZWWRWU7Q==/base.apk!libreactnative.so (offset 0x1790000) (facebook::react::ComponentDescriptorRegistry::add(facebook::react::ComponentDescriptorProvider) const+148) (BuildId: daceecb3f8ffe4c2)
02-16 16:48:25.248 14970 14970 F DEBUG   :       #11 pc 00000000003d8fec  /data/app/~~zfxo-V6CCX59mAky1_hwLg==/com.insight2026.app-mH68G8wV-jzPHnZWWRWU7Q==/base.apk!libreactnative.so (offset 0x1790000) (facebook::react::ComponentDescriptorProviderRegistry::createComponentDescriptorRegistry(facebook::react::ComponentDescriptorParameters const&) const+352) (BuildId: daceecb3f8ffe4c2)
02-16 16:48:25.248 14970 14970 F DEBUG   :       #12 pc 00000000003b9a6c  /data/app/~~zfxo-V6CCX59mAky1_hwLg==/com.insight2026.app-mH68G8wV-jzPHnZWWRWU7Q==/base.apk!libreactnative.so (offset 0x1790000) (BuildId: daceecb3f8ffe4c2)
02-16 16:48:25.248 14970 14970 F DEBUG   :       #13 pc 000000000041df48  /data/app/~~zfxo-V6CCX59mAky1_hwLg==/com.insight2026.app-mH68G8wV-jzPHnZWWRWU7Q==/base.apk!libreactnative.so (offset 0x1790000) (facebook::react::Scheduler::Scheduler(facebook::react::SchedulerToolbox const&, facebook::react::UIManagerAnimationDelegate*, facebook::react::SchedulerDelegate*)+2136) (BuildId: daceecb3f8ffe4c2)
