02-16 16:48:24.644  1746  2356 D MIUIInput: [MotionEvent] publisher action=0x0, 214625926, channel 'a6363a0 com.android.thememanager.service.VideoWallpaperService (server)'
02-16 16:48:24.644  1746  2356 D MIUIInput: [MotionEvent]  Pointer 0: id=0, x=567.750000, y=694.750000, pressure=1.000000
02-16 16:48:24.645  3154  3154 D Launcher: Launcher.dispatchTouchEvent: action = 0, pointCount = 1
02-16 16:48:24.645  3154  3154 D EventBus: No subscribers registered for event class com.miui.home.launcher.common.messages.EndSpringAnimatorMessage
02-16 16:48:24.645  3154  3154 D EventBus: No subscribers registered for event class org.greenrobot.eventbus.NoSubscriberEvent
02-16 16:48:24.645   992  1252 E ANDR-PERF-MPCTL: Request does not exist, pending handle=65425
02-16 16:48:24.645   992  1252 E ANDR-PERF-MPCTL: Rel extra pending handle: 65425
02-16 16:48:24.645   992  1252 E ANDR-PERF-MPCTL: Request does not exist, pending handle=65425
02-16 16:48:24.645  3154  3154 D FeedSwipeController: touchState : 0 scrolling : false normalEditing : false WidgetThumbnailViewShowing : false UninstallDialogShowing : false isMinusScreenShowing: false
02-16 16:48:24.645  3154  3154 D FeedSwipeController: can not use
02-16 16:48:24.645  3154  3154 D Launcher.StatusBarController: can't intercept touch because launcher isn't in NORMAL
02-16 16:48:24.646  3154  3154 D Launcher.itemIcon: folmeDown
02-16 16:48:24.649  3154  3154 D Launcher_dispatchTouchEvent_View: [motionEvent view:]   
02-16 16:48:24.649  3154  3154 D Launcher_dispatchTouchEvent_View: 48:24.646 View=com.miui.home.launcher.ShortcutMenuLayer{553d0 V.E...... ......ID 0,0-1080,2400 #7f0a01da app:id/shortcut_menu_layer aid=1073741838}
02-16 16:48:24.649  3154  3154 D Launcher_dispatchTouchEvent_View: 48:24.646 View=com.miui.home.launcher.DragLayer{c5fcce8 V.E...... ......ID 0,0-1080,2400 #7f0a00bf app:id/drag_layer aid=1073741840}
02-16 16:48:24.649  3154  3154 D Launcher_dispatchTouchEvent_View: 48:24.648 View=com.miui.home.launcher.search.SearchEdgeLayout{33ab1a6 V.ED..... ......ID 0,0-1080,2400 #7f0a01a3 app:id/screen aid=1073741841}
02-16 16:48:24.649  3154  3154 D Launcher_dispatchTouchEvent_View: 48:24.649 View=com.miui.home.launcher.allapps.AllAppsContainerView{9355fb2 V.E...... ......ID 0,0-1080,2400 #7f0a0062 app:id/apps_view aid=1073741991}
02-16 16:48:24.649  3154  3154 D Launcher_dispatchTouchEvent_View: 48:24.649 View=com.miui.home.launcher.allapps.AllAppsCategoryContainer{8f56a80 VFE...... ......ID 0,0-1080,2191 #7f0a004b app:id/all_apps_category_container aid=1073741992}
02-16 16:48:24.649  3154  3154 D Launcher_dispatchTouchEvent_View: 48:24.649 View=com.miui.home.launcher.allapps.category.AllAppsCategoryListContainer{d86aeac VFE...... ......ID 0,108-1080,2191 #7f0a007f app:id/category_list_container aid=1073741993}
02-16 16:48:24.649  3154  3154 D Launcher_dispatchTouchEvent_View: 48:24.649 View=com.miui.home.library.view.viewpager.ViewPager{c1e2744 VFED..... ......ID 0,116-1080,2083 #7f0a0054 app:id/all_apps_viewpager aid=1073741994}
02-16 16:48:24.649  3154  3154 D Launcher_dispatchTouchEvent_View: 48:24.649 View=com.miui.home.launcher.view.SpringRelativeLayout{561d2b9 V.E...... ......ID 0,0-1080,1967 #7f0a01f4 app:id/spring_container aid=1073741995}
02-16 16:48:24.649  3154  3154 D Launcher_dispatchTouchEvent_View: 48:24.649 View=com.miui.home.launcher.allapps.AllAppsRecyclerView{cf146fe VFED..... ......ID 0,0-1080,1967 #7f0a0061 app:id/apps_list_view aid=1073741833}
02-16 16:48:24.649  3154  3154 D Launcher_dispatchTouchEvent_View: 48:24.649 View=com.miui.home.launcher.AppIcon{24a84fc VFE...CL. ...P..ID 439,348-642,663}(AppINP)
02-16 16:48:24.668  2783 14859 W AlarmManager: Unrecognized alarm listener com.android.networkstack.android.net.ip.IpClientLinkObserver$Dhcp6PdPreferredPrefixAlarmListener@b506cf4
02-16 16:48:24.668  2783 14859 D ApfFilter: (wlan0): Ignoring RA RA fe80::1 -> ff02::1 30s 2804:1530:439:2701::/64 259200s/172800s RIO 30s 2804:1530:439:2700::/56  which matches RA fe80::1 -> ff02::1 30s 2804:1530:439:2701::/64 259200s/172800s RIO 30s 2804:1530:439:2700::/56 
02-16 16:48:24.687  3154  3154 D Launcher: Launcher.dispatchTouchEvent: action = 1, pointCount = 1
02-16 16:48:24.687  1746  2356 D MIUIInput: [MotionEvent] publisher action=0x1, 214625968, channel '641425d com.miui.home/com.miui.home.launcher.Launcher (server)'
02-16 16:48:24.687  1746  2356 D MIUIInput: [MotionEvent]  Pointer 0: id=0, x=567.750000, y=694.750000, pressure=1.000000
02-16 16:48:24.687  1746  2356 D MIUIInput: [MotionEvent] publisher action=0x1, 214625968, channel 'a6363a0 com.android.thememanager.service.VideoWallpaperService (server)'
02-16 16:48:24.687  1746  2356 D MIUIInput: [MotionEvent]  Pointer 0: id=0, x=567.750000, y=694.750000, pressure=1.000000
02-16 16:48:24.687  3154  3154 D Launcher.itemIcon: folmeUp
02-16 16:48:24.688  3154  3154 D Launcher.Wallpaper: sendWallPaperCommand:command = action_click_shortcut
02-16 16:48:24.688  3154  3154 D Recent.SmallWindowStateHelperJuiInjector: isPkgInSmallWindowMode: pkgName:com.insight2026.app, userId:0
02-16 16:48:24.689  3154  3154 I MiuiMultiWindowUtils: getFreeFormTasksInfos freeform stack is null
02-16 16:48:24.689  3154  3154 D SmallWindowStateHelperJuiInjector: Current small window list: []
02-16 16:48:24.689  3154  3154 D Recent.SmallWindowStateHelperJuiInjector: isPkgInSmallWindowMode: formTaskInfoList : 0
02-16 16:48:24.689  3154  3154 D Recent.SmallWindowStateHelperJuiInjector: return false
02-16 16:48:24.689  3154  3154 E QuickstepAppTransitionManagerImpl: getActivityLaunchOptions   iconLoc=Rect(454, 593 - 632, 771)
02-16 16:48:24.689  3154  3154 V PerformanceManager_JNI: event notify: fd = 74, event_id = 0X00304802
02-16 16:48:24.689  3154  3154 I Timeline: Timeline: Activity_launch_request time:214625971
02-16 16:48:23.287     0     0 E pm8150b_charger: smblib_get_prop_batt_status: Couldn't get otg state rc=-22
02-16 16:48:23.721     0     0 E         : [__hawkeye_capture_idle_msg 97]current msg total count=1024 larger than allow
02-16 16:48:23.721     0     0 E         : [libhawkeye_create_msg 196]no idle msg failed
02-16 16:48:23.721     0     0 E         : [__hawkeye_create_msg 41]client fd=3164162,errid=16744455 no empty msg
02-16 16:48:23.721     0     0 E         : [libhawkeye_ems_notify 305]__hawkeye_create_msg failed eventid=0X304802,msgid=0
02-16 16:48:24.690  1746  1789 I ActivityTaskManager: START u0 {act=android.intent.action.MAIN cat=[android.intent.category.LAUNCHER] flg=0x10200000 cmp=com.insight2026.app/.MainActivity bnds=[454,593][632,771] (has extras)} from uid 10090
02-16 16:48:24.690  1746  1789 D MiuiMultiWindowAdapter: MiuiMultiWindowAdapter::getFreeformBlackList::sSmallWindowBlackList = [com.miui.securitycenter, com.miui.weather2, com.miui.miservice, com.android.calendar, com.xiaomi.calendar, com.android.contacts, com.miui.mishare.connectivity, com.android.settings, com.android.printspooler, com.miui.backup, com.miui.huanji, com.miui.calculator, com.android.deskclock, com.android.thememanager, com.mfashiongallery.emag, com.miui.virtualsim, com.miui.smarttravel, com.mi.health, com.android.camera, com.lbe.security.miui, com.miui.cleanmaster, com.miui.newhome, com.miui.voiceassist, com.android.phone, com.miui.yellowpage, com.android.updater, com.miui.tsmclient, com.miui.securitycore, com.xiaomi.account, com.xiaomi.shop, com.xiaomi.smarthome, com.mipay.wallet, com.xiaomi.youpin, com.xiaomi.hm.health, com.miui.bugreport, com.xiaomi.mibrain.speech, com.xiaomi.mimoji, com.xiaomi.scanner, com.duokan.phone.remotecontroller, com.miui.hybrid, com.android.incallui, com.miui.video, com.miui.videoplayer, com.miui.player, com.miui.fm, com.miui.packageinstaller, com.mi.android.globallauncher, com.mi.android.globallauncher-poco, com.google.android.dialer, com.google.android.apps.magazines, com.miui.compass, com.miui.greenguard, com.kiteguard, com.google.android.apps.prodcasts, com.google.ar.lens, com.xiangkan.android, com.android.bankabc, com.sohu.inputmethod.sogou, com.tencent.mtt, com.shyz.toutiao, com.netease.mc.mi, com.outfit7.talkingtomgoldrun.mi, com.doudz.mi, com.wepie.snake.new.mi, cn.jj, com.standddz002.mi, com.miHoYo.bh3.mi, com.qqgame.hlddz, com.happyelements.AndroidAnimal, com.minitech.miniworld.TMobile.mi, com.mfp.jelly.xiaomi, com.lilithgames.afk.mi, com.tencent.peng, com.teenpatti.hd.gold, blockpuzzle.jewelgames.jewelslegend, com.playgendary.tanks, com.chillingo.robberybobfree.android.row, com.episodeinteractive.android.catalog, com.playrix.township, com.ansangha.drdriving, com.google.android.youtube, com.gbits.atm.mi, com.tencent.tetris, com.sukhavati.gotoplaying.bubble.BubbleShooter.mint, com.block.puzzle.game.hippo.mi, com.youzu.bs.mi, com.appsomniacs.da2, com.miHoYo.Yuanshen, com.baidu.BaiduMap, com.google.android.googlequicksearchbox, com.kiloo.subwaysurf, com.tencent.map, com.tencent.game.rhythmmaster, com.happyelements.AndroidAnimal.qq, com.google.android.documentsui, com.blackshark.discovery, com.tencent.cmocmna, com.tencent.tmgp.AndroidAnimal, com.android.packageinstaller, com.blackshark.userguide, com.netease.hsqsl.shark, com.blackshark.gamelauncher, com.microsoft.launcher, com.blackshark.fingertrain, com.blackshark.bsamagent, com.blackshark.market, com.android.stk]
02-16 16:48:24.695  1746  1789 W ActivityTaskManager: checkMaglevButton:isMaglevButtonStart = false, mMaglevButtonType = 0, mMaglevButtonWidth = 0, mMaglevButtonOffset = 0
02-16 16:48:24.695   992  1253 E ANDR-PERF-LM: MetaMeter: handleAsync() 164: AdaptLaunch Invalid Async
02-16 16:48:24.695  1746  1789 E ANDR-PERF-JNI: com_qualcomm_qtiperformance_native_perf_io_prefetch_start
02-16 16:48:24.695   992  1253 E ANDR-PERF-LM: MetaMeter: handleAsync() 164: AdaptLaunch Invalid Async
02-16 16:48:24.697   991  1179 E ANDR-IOP: io prefetch is disabled
02-16 16:48:24.699  1746  1789 D CompatibilityInfo: mCompatibilityFlags - 0
02-16 16:48:24.699  1746  1789 D CompatibilityInfo: applicationDensity - 440
02-16 16:48:24.699  1746  1789 D CompatibilityInfo: applicationScale - 1.0
02-16 16:48:24.700  1746  1789 D ActivityTrigger: ActivityTrigger activityPauseTrigger 
02-16 16:48:24.702  3154  3154 V PerformanceManager_JNI: event notify: fd = 74, event_id = 0X00304803
02-16 16:48:24.703  3154  3154 D Launcher_dispatchTouchEvent: [motionEvent action:(rawX,rawY)]  48:24.649[0(567,8,694,8)] 48:24.702[1(567,8,694,8)] 
02-16 16:48:24.703  3154  3154 D Launcher_Scrollto: [(rawX,rawY)|scrollX]  
02-16 16:48:23.734     0     0 E         : [__hawkeye_capture_idle_msg 97]current msg total count=1024 larger than allow
02-16 16:48:23.734     0     0 E         : [libhawkeye_create_msg 196]no idle msg failed
02-16 16:48:23.734     0     0 E         : [__hawkeye_create_msg 41]client fd=3164163,errid=16744455 no empty msg
02-16 16:48:23.734     0     0 E         : [libhawkeye_ems_notify 305]__hawkeye_create_msg failed eventid=0X304803,msgid=0
02-16 16:48:24.704  3154  3154 D Launcher.Lifecycle: onPause:UserHandle{0},33e5d70,true
02-16 16:48:24.704  3154  3154 D Launcher_UnlockAnimationStateMachine: onPause: STATE = IDLE
02-16 16:48:24.704  3154  3154 D Launcher_UnlockAnimationStateMachine: setState:PAUSE_WAIT
02-16 16:48:24.706  1746  2507 W SchedBoost: SchedBoost begin: proc: 3154/3498, mode: 1 aff:[4, 5, 6]
02-16 16:48:24.706   992  1253 W ANDR-PERF-LM: MetaMeter: handlePrimaryAsync() 116: AdaptLaunch MetaMeter. No MeterMgr Available to handle this Primary Async. !!!!
02-16 16:48:24.706   992  1253 W ANDR-PERF-LM: MetaMeter: handlePrimaryAsync() 116: AdaptLaunch MetaMeter. No MeterMgr Available to handle this Primary Async. !!!!
02-16 16:48:24.709  1746  1795 V PerformanceManager_JNI: event notify: fd = 350, event_id = 0X00304804
02-16 16:48:24.709  3154  3381 D StatusBarController: handleMessage: flag 800000  disable false
02-16 16:48:23.741     0     0 E         : [__hawkeye_capture_idle_msg 97]current msg total count=1024 larger than allow
02-16 16:48:23.741     0     0 E         : [libhawkeye_create_msg 196]no idle msg failed
02-16 16:48:24.711  1746  1795 V PerformanceManager_JNI: event notify: fd = 350, event_id = 0X00304804
02-16 16:48:23.741     0     0 E         : [__hawkeye_create_msg 41]client fd=3164164,errid=16760835 no empty msg
02-16 16:48:23.741     0     0 E         : [libhawkeye_ems_notify 305]__hawkeye_create_msg failed eventid=0X304804,msgid=0
02-16 16:48:23.743     0     0 E         : [__hawkeye_capture_idle_msg 97]current msg total count=1024 larger than allow
02-16 16:48:23.743     0     0 E         : [libhawkeye_create_msg 196]no idle msg failed
02-16 16:48:23.743     0     0 E         : [__hawkeye_create_msg 41]client fd=3164164,errid=16760835 no empty msg
02-16 16:48:23.743     0     0 E         : [libhawkeye_ems_notify 305]__hawkeye_create_msg failed eventid=0X304804,msgid=0
02-16 16:48:23.743     0     0 E         : [__hawkeye_capture_idle_msg 97]current msg total count=1024 larger than allow
02-16 16:48:23.743     0     0 E         : [libhawkeye_create_msg 196]no idle msg failed
02-16 16:48:23.743     0     0 E         : [__hawkeye_create_msg 41]client fd=3164164,errid=16760835 no empty msg
02-16 16:48:23.743     0     0 E         : [libhawkeye_ems_notify 305]__hawkeye_create_msg failed eventid=0X304804,msgid=0
02-16 16:48:24.711  1746  1795 V PerformanceManager_JNI: event notify: fd = 350, event_id = 0X00304804
02-16 16:48:24.713  5378  5417 E PerformanceMaster: [BsMonitorService] state not change
02-16 16:48:24.715  1746  2389 I MiuiNetworkPolicy: updateUidState uid = 10350, uidState = 19
02-16 16:48:24.710  1345  1345 W Binder:1345_8: type=1400 audit(0.0:3442683): avc: denied { search } for name="946" dev="proc" ino=39062444 scontext=u:r:cameraserver:s0 tcontext=u:r:hal_camera_default:s0 tclass=dir permissive=0
02-16 16:48:24.717  1034  3376 I AudioPolicyService: updateUid  uid:10350  state:19 wasActive:0 active:1 insert:1 
02-16 16:48:24.723  1746  1796 D DecorView: createDecorCaptionView windowingMode:1 mWindowMode 1 isFullscreen: true
02-16 16:48:24.723   815   815 D Zygote  : Forked child process 14908
02-16 16:48:24.725  1746  1804 I ActivityManager: Start proc 14908:com.insight2026.app/u0a350 for pre-top-activity {com.insight2026.app/com.insight2026.app.MainActivity} caller=com.miui.home
02-16 16:48:24.726 14908 14908 W Zygote  : Unable to open libbeluga.so: dlopen failed: library "libbeluga.so" not found.
02-16 16:48:24.733  1746  1789 D MIUIInput: [FoucsChange]: Display  0 FocusedWindow From Window{641425d mode=1 rootTaskId=1 u0 com.miui.home/com.miui.home.launcher.Launcher}(1,1)  to null(0,0)
02-16 16:48:24.734 14908 14908 E insight2026.ap: Not starting debugger since process cannot load the jdwp agent.
02-16 16:48:24.735  3154  3154 D Launcher.Lifecycle: onWindowFocusChanged:false,UserHandle{0},33e5d70,true
02-16 16:48:24.743   992  1253 E ANDR-PERF-LM: MetaMeter: handleAsync() 164: AdaptLaunch Invalid Async
02-16 16:48:24.744  1746  5278 D CompatibilityInfo: mCompatibilityFlags - 0
02-16 16:48:24.744  1746  5278 D CompatibilityInfo: applicationDensity - 440
02-16 16:48:24.744  1746  5278 D CompatibilityInfo: applicationScale - 1.0
02-16 16:48:24.745  1746  5278 D CompatibilityInfo: mCompatibilityFlags - 0
02-16 16:48:24.745  1746  5278 D CompatibilityInfo: applicationDensity - 440
02-16 16:48:24.745  1746  5278 D CompatibilityInfo: applicationScale - 1.0
02-16 16:48:24.746 14422 30846 I GST     : forePkg: com.insight2026.app, preForePkg: com.miui.home
02-16 16:48:24.746  6074  6104 D AutoInstallService: onForegroundInfoChanged: com.insight2026.app
02-16 16:48:24.747 10581 12247 I ProcessMonitor: onForegroundInfoChanged: ForegroundInfo{mForegroundPackageName='com.insight2026.app', mForegroundUid=10350, mForegroundPid=14908, mLastForegroundPackageName='com.miui.home', mLastForegroundUid=10090, mLastForegroundPid=3154, mMultiWindowForegroundPackageName='null', mMultiWindowForegroundUid=-1, mFlags=1}
02-16 16:48:24.747 10581 12247 I VideoBoxUtils: isSupportVideoBox: true
02-16 16:48:24.747 10581 12247 I VideoBoxUtils: isSupportVideoBox: true
02-16 16:48:24.747 10581 12247 I VideoToolBoxService: vtb is closed!!!
02-16 16:48:24.747 10581 12247 I VideoToolBoxService: onForegroundInfoChanged: Exit Vtb
02-16 16:48:24.747 29990 30007 D PerfEngineController: ForegroundInfo{mForegroundPackageName='com.insight2026.app', mForegroundUid=10350, mForegroundPid=14908, mLastForegroundPackageName='com.miui.home', mLastForegroundUid=10090, mLastForegroundPid=3154, mMultiWindowForegroundPackageName='null', mMultiWindowForegroundUid=-1, mFlags=1}
02-16 16:48:24.749  1746  2507 W SchedBoost: SchedBoost continue: proc: 3154/3498
02-16 16:48:24.749  1746  1796 I Timeline: Timeline: App_transition_ready time:214626031
02-16 16:48:24.751  2631  2631 D StatusBar: disable<e i a s b h r c s > disable2<q i n >
02-16 16:48:24.752  3154  3179 W System.err: java.lang.NoSuchFieldException: android.view.RemoteAnimationTarget#packageName
02-16 16:48:24.752  3154  3179 W System.err: 	at miui.util.ReflectionUtils.findField(ReflectionUtils.java:105)
02-16 16:48:24.752  3154  3179 W System.err: 	at com.android.systemui.shared.recents.system.RemoteAnimationTargetCompat.<init>(RemoteAnimationTargetCompat.java:69)
02-16 16:48:24.752  3154  3179 W System.err: 	at com.android.systemui.shared.recents.system.RemoteAnimationTargetCompat.wrap(RemoteAnimationTargetCompat.java:99)
02-16 16:48:24.752  3154  3179 W System.err: 	at com.android.systemui.shared.recents.system.RemoteAnimationAdapterCompat$1.onAnimationStart(RemoteAnimationAdapterCompat.java:50)
02-16 16:48:24.752  3154  3179 W System.err: 	at com.android.systemui.shared.recents.system.RemoteAnimationAdapterCompat$1.onAnimationStart(RemoteAnimationAdapterCompat.java:68)
02-16 16:48:24.752  3154  3179 W System.err: 	at android.view.IRemoteAnimationRunner$Stub.onTransact(IRemoteAnimationRunner.java:108)
02-16 16:48:24.752  3154  3179 W System.err: 	at android.os.Binder.execTransactInternal(Binder.java:1162)
02-16 16:48:24.752  3154  3179 W System.err: 	at android.os.Binder.execTransact(Binder.java:1126)
02-16 16:48:24.752  3154  3179 W System.err: java.lang.NoSuchFieldException: android.view.RemoteAnimationTarget#packageName
02-16 16:48:24.752  3154  3179 W System.err: 	at miui.util.ReflectionUtils.findField(ReflectionUtils.java:105)
02-16 16:48:24.752  3154  3179 W System.err: 	at com.android.systemui.shared.recents.system.RemoteAnimationTargetCompat.<init>(RemoteAnimationTargetCompat.java:69)
02-16 16:48:24.752  3154  3179 W System.err: 	at com.android.systemui.shared.recents.system.RemoteAnimationTargetCompat.wrap(RemoteAnimationTargetCompat.java:99)
02-16 16:48:24.752  3154  3179 W System.err: 	at com.android.systemui.shared.recents.system.RemoteAnimationAdapterCompat$1.onAnimationStart(RemoteAnimationAdapterCompat.java:50)
02-16 16:48:24.752  3154  3179 W System.err: 	at com.android.systemui.shared.recents.system.RemoteAnimationAdapterCompat$1.onAnimationStart(RemoteAnimationAdapterCompat.java:68)
02-16 16:48:24.752  3154  3179 W System.err: 	at android.view.IRemoteAnimationRunner$Stub.onTransact(IRemoteAnimationRunner.java:108)
02-16 16:48:24.752  3154  3179 W System.err: 	at android.os.Binder.execTransactInternal(Binder.java:1162)
02-16 16:48:24.752  3154  3179 W System.err: 	at android.os.Binder.execTransact(Binder.java:1126)
02-16 16:48:24.752  3154  3179 E LauncherAnimationRunner: onAnimationStart
02-16 16:48:24.752  3154  3179 E LauncherAnimationRunner: onAnimationStart:   mode=1   taskId=2
02-16 16:48:24.752  3154  3179 E LauncherAnimationRunner: onAnimationStart:   mode=0   taskId=5072
02-16 16:48:24.752  3154  3154 E QuickstepAppTransitionManagerImpl: startIconLaunchAnimator:launcherClosing=true   iconLoc=Rect(454, 593 - 632, 771)
02-16 16:48:24.752  3154  3154 E QuickstepAppTransitionManagerImpl: startOpeningWindowAnimators:iconLoc=Rect(454, 593 - 632, 771)
02-16 16:48:24.752  3154  3154 E ClipAnimationHelper: updateSourceStack  mSourceInsets=Rect(0, 0 - 0, 0), mSourceStackBounds=Rect(0, 0 - 1080, 2400)
02-16 16:48:24.753  3154  3154 E ClipAnimationHelper: updateHomeStack  mSourceInsets=Rect(0, 0 - 0, 0), mHomeStackBounds=Rect(0, 0 - 1080, 2400)
02-16 16:48:24.753  3154  3154 E ClipAnimationHelper: updateTargetRect  mSourceRect=RectF(0.0, 0.0, 1080.0, 2400.0)   mTargetRect=RectF(0.0, 0.0, 1080.0, 2400.0)   mSourceWindowClipInsets=RectF(0.0, 0.0, 0.0, 0.0)   mHomeStackBounds=Rect(0, 0 - 1080, 2400)   targetRect=Rect(0, 0 - 1080, 2400)
02-16 16:48:24.753  1746  2417 E BatteryService: condition id: + 2  TimeStamp-> 1771271302752   value->-83000  callingPid->27630
02-16 16:48:24.753  3154  3154 D QuickstepAppTransitionManagerImpl: startOpeningWindowAnimators, currentDisplayRotation=0, homeRotation=0, startRectF=RectF(454.0, 593.0, 632.0, 771.0), endRectF=RectF(0.0, 0.0, 1080.0, 2400.0)
02-16 16:48:24.753  2631  2855 D MiuiPhoneStatusBarPolicy: updateManagedProfile: secondSpace = false
02-16 16:48:24.754  3154  3154 W DimLayer: createDimLayer
02-16 16:48:24.754  3084  5198 D UidStateDetector: notifyUidStateChange: uid 10350 change from 3 to 0
02-16 16:48:24.754  3154 13271 W FloatingIconLayer: getFloatingIconLayer
02-16 16:48:24.754  3154  3154 E QuickstepAppTransitionManagerImpl: startLauncherContentAnimator:isAppOpening=true
02-16 16:48:24.754  1746  2389 I MiuiNetworkPolicy: updateUidState uid = 10350, uidState = 2
02-16 16:48:24.754  3154  3154 E BlurUtils: fastBlur ratio=1.0   withAnim=true   sBlurRatioValue=0.0
02-16 16:48:24.755  3154 13271 W FloatingIconLayer: drawIcon
02-16 16:48:24.756  1746  2417 E BatteryService: condition id: + 4  TimeStamp-> 1771271302754   value->100  callingPid->27630
02-16 16:48:24.761  1034  3376 I AudioPolicyService: updateUid  uid:10350  state:2 wasActive:1 active:1 insert:1 
02-16 16:48:24.763  1038  2986 W SurfaceFlinger: eEarlyWakeup is deprecated. Use eExplicitEarlyWakeup[Start|End]
02-16 16:48:24.763  3154  3154 E BlurUtils: fastBlurDirectly ratio=0.0025244951   win=com.android.internal.policy.MiuiPhoneWindow@27e7d27
02-16 16:48:24.763  1038  3456 W SurfaceFlinger: eEarlyWakeup is deprecated. Use eExplicitEarlyWakeup[Start|End]
02-16 16:48:24.766  1038  1038 E Layer   : setupBlurSurface setupBlurSurface show by com.miui.home/com.miui.home.launcher.Launcher#0
02-16 16:48:24.772  1038  2986 W SurfaceFlinger: eEarlyWakeup is deprecated. Use eExplicitEarlyWakeup[Start|End]
02-16 16:48:24.779  1038  1819 W SurfaceFlinger: eEarlyWakeup is deprecated. Use eExplicitEarlyWakeup[Start|End]
02-16 16:48:24.780  1038  1097 W SurfaceFlinger: eEarlyWakeup is deprecated. Use eExplicitEarlyWakeup[Start|End]
02-16 16:48:24.780  3154  3154 E BlurUtils: fastBlurDirectly ratio=0.02447176   win=com.android.internal.policy.MiuiPhoneWindow@27e7d27
02-16 16:48:24.788  1038  3456 W SurfaceFlinger: eEarlyWakeup is deprecated. Use eExplicitEarlyWakeup[Start|End]
02-16 16:48:24.788  1038  2986 W SurfaceFlinger: eEarlyWakeup is deprecated. Use eExplicitEarlyWakeup[Start|End]
02-16 16:48:24.796  1038  1102 W SurfaceFlinger: eEarlyWakeup is deprecated. Use eExplicitEarlyWakeup[Start|End]
02-16 16:48:24.796  1038  3456 W SurfaceFlinger: eEarlyWakeup is deprecated. Use eExplicitEarlyWakeup[Start|End]
02-16 16:48:24.796  3154  3154 E BlurUtils: fastBlurDirectly ratio=0.06490815   win=com.android.internal.policy.MiuiPhoneWindow@27e7d27
02-16 16:48:24.804  1038  2986 W SurfaceFlinger: eEarlyWakeup is deprecated. Use eExplicitEarlyWakeup[Start|End]
02-16 16:48:24.804  1038  3456 W SurfaceFlinger: eEarlyWakeup is deprecated. Use eExplicitEarlyWakeup[Start|End]
02-16 16:48:24.811  3154 13254 D Recent.RecentsTaskLoadPlan: get recent topActivity  = ComponentInfo{com.insight2026.app/com.insight2026.app.MainActivity}
02-16 16:48:24.812  1038  2986 W SurfaceFlinger: eEarlyWakeup is deprecated. Use eExplicitEarlyWakeup[Start|End]
02-16 16:48:24.813  1038  1102 W SurfaceFlinger: eEarlyWakeup is deprecated. Use eExplicitEarlyWakeup[Start|End]
02-16 16:48:24.813  3154  3154 E BlurUtils: fastBlurDirectly ratio=0.12702942   win=com.android.internal.policy.MiuiPhoneWindow@27e7d27
02-16 16:48:24.814 14908 14908 I Perf    : Connecting to perf service.
02-16 16:48:24.814  3154 13254 D Recent.RecentsTaskLoadPlan: get recent topActivity  = ComponentInfo{com.android.settings/com.android.settings.SubSettings}
02-16 16:48:24.815  3154 13254 D Recent.RecentsTaskLoadPlan: get recent topActivity  = null
02-16 16:48:24.815  3154 13254 I chatty  : uid=10090(com.miui.home) TaskStackChange identical 2 lines
02-16 16:48:24.816  3154 13254 D Recent.RecentsTaskLoadPlan: get recent topActivity  = null
02-16 16:48:24.816  3154 13254 D Recent.RecentsTaskLoadPlan: get recent topActivity  = ComponentInfo{com.facebook.katana/com.facebook.katana.activity.FbMainTabActivity}
02-16 16:48:24.816  3154 13254 D Recent.RecentsTaskLoadPlan: get recent topActivity  = ComponentInfo{com.android.chrome/org.chromium.chrome.browser.customtabs.CustomTabActivity}
02-16 16:48:24.817  3154 13254 D Recent.RecentsTaskLoadPlan: get recent topActivity  = ComponentInfo{com.whatsapp/com.whatsapp.Conversation}
02-16 16:48:24.817  3154 13254 D Recent.RecentsTaskLoadPlan: get recent topActivity  = ComponentInfo{com.facebook.orca/com.facebook.messenger.neue.MainActivity}
02-16 16:48:24.817  3154 13254 D Recent.RecentsTaskLoadPlan: get recent topActivity  = ComponentInfo{br.com.intermedium/o.sqP}
02-16 16:48:24.819 14908 14908 D NetworkSecurityConfig: No Network Security Config specified, using platform default
02-16 16:48:24.819 14908 14908 D NetworkSecurityConfig: No Network Security Config specified, using platform default
02-16 16:48:24.821  1038  2986 W SurfaceFlinger: eEarlyWakeup is deprecated. Use eExplicitEarlyWakeup[Start|End]
02-16 16:48:24.821  1038  1102 W SurfaceFlinger: eEarlyWakeup is deprecated. Use eExplicitEarlyWakeup[Start|End]
02-16 16:48:24.828  1388  3341 I OMX-VDEC-1080P: set_frame_rate: the current time is 164824
02-16 16:48:24.828  1388  3341 I OMX-VDEC-1080P: set_frame_rate: the current time is 164824
02-16 16:48:24.829  1038  1819 W SurfaceFlinger: eEarlyWakeup is deprecated. Use eExplicitEarlyWakeup[Start|End]
02-16 16:48:24.829  1038  1097 W SurfaceFlinger: eEarlyWakeup is deprecated. Use eExplicitEarlyWakeup[Start|End]
02-16 16:48:24.829  3154  3154 E BlurUtils: fastBlurDirectly ratio=0.20104751   win=com.android.internal.policy.MiuiPhoneWindow@27e7d27
02-16 16:48:24.830  1388  3341 I OMX-VDEC-1080P: set_frame_rate: the current time is 164824
02-16 16:48:24.834  1388  3341 I OMX-VDEC-1080P: set_frame_rate: the current time is 164824
02-16 16:48:24.837  1038  2986 W SurfaceFlinger: eEarlyWakeup is deprecated. Use eExplicitEarlyWakeup[Start|End]
02-16 16:48:24.838  1038  3456 W SurfaceFlinger: eEarlyWakeup is deprecated. Use eExplicitEarlyWakeup[Start|End]
02-16 16:48:24.838  3154 13271 W FloatingIconLayer: release
02-16 16:48:24.844  1388  3341 I OMX-VDEC-1080P: set_frame_rate: the current time is 164824
02-16 16:48:24.844  1388  3341 I OMX-VDEC-1080P: set_frame_rate: the current time is 164824
02-16 16:48:24.846  3154  3154 E BlurUtils: fastBlurDirectly ratio=0.29281217   win=com.android.internal.policy.MiuiPhoneWindow@27e7d27
02-16 16:48:24.847  1038  1102 W SurfaceFlinger: eEarlyWakeup is deprecated. Use eExplicitEarlyWakeup[Start|End]
02-16 16:48:24.847  1038  1097 W SurfaceFlinger: eEarlyWakeup is deprecated. Use eExplicitEarlyWakeup[Start|End]
02-16 16:48:24.848  1388  3341 I OMX-VDEC-1080P: set_frame_rate: the current time is 164824
02-16 16:48:24.854  1038  1097 W SurfaceFlinger: eEarlyWakeup is deprecated. Use eExplicitEarlyWakeup[Start|End]
02-16 16:48:24.854  1038  1102 W SurfaceFlinger: eEarlyWakeup is deprecated. Use eExplicitEarlyWakeup[Start|End]
02-16 16:48:24.862  1038  1097 W SurfaceFlinger: eEarlyWakeup is deprecated. Use eExplicitEarlyWakeup[Start|End]
02-16 16:48:24.862  1038  3456 W SurfaceFlinger: eEarlyWakeup is deprecated. Use eExplicitEarlyWakeup[Start|End]
02-16 16:48:24.862 14908 14908 I FirebaseApp: Device unlocked: initializing all Firebase APIs for app [DEFAULT]
02-16 16:48:24.862  3154  3154 E BlurUtils: fastBlurDirectly ratio=0.3878646   win=com.android.internal.policy.MiuiPhoneWindow@27e7d27
02-16 16:48:24.866 14908 14908 I FirebaseInitProvider: FirebaseApp initialization successful
02-16 16:48:24.870  1038  1819 W SurfaceFlinger: eEarlyWakeup is deprecated. Use eExplicitEarlyWakeup[Start|End]
02-16 16:48:24.871  1038  1097 W SurfaceFlinger: eEarlyWakeup is deprecated. Use eExplicitEarlyWakeup[Start|End]
02-16 16:48:24.871  1038  1819 W SurfaceFlinger: eEarlyWakeup is deprecated. Use eExplicitEarlyWakeup[Start|End]
02-16 16:48:24.871  1038  3456 W SurfaceFlinger: eEarlyWakeup is deprecated. Use eExplicitEarlyWakeup[Start|End]
02-16 16:48:24.870 14908 14908 W Firebase-Messag: type=1400 audit(0.0:3442684): avc: denied { read } for name="u:object_r:vendor_displayfeature_prop:s0" dev="tmpfs" ino=4040 scontext=u:r:untrusted_app:s0:c94,c257,c512,c768 tcontext=u:object_r:vendor_displayfeature_prop:s0 tclass=file permissive=0 app=com.insight2026.app
02-16 16:48:24.875 14908 14933 E libc    : Access denied finding property "ro.vendor.df.effect.conflict"
02-16 16:48:24.875 14908 14933 E libc    : Access denied finding property "ro.vendor.knock.type"
02-16 16:48:24.878 14908 14941 I TetheringManager: registerTetheringEventCallback:com.insight2026.app
02-16 16:48:24.879  3154  3154 E BlurUtils: fastBlurDirectly ratio=0.49371707   win=com.android.internal.policy.MiuiPhoneWindow@27e7d27
02-16 16:48:24.880  1038  1097 W SurfaceFlinger: eEarlyWakeup is deprecated. Use eExplicitEarlyWakeup[Start|End]
02-16 16:48:24.880  1038  3456 W SurfaceFlinger: eEarlyWakeup is deprecated. Use eExplicitEarlyWakeup[Start|End]
02-16 16:48:24.881 14908 14908 W SoLoader: Initializing SoLoader: 0
02-16 16:48:24.881 14908 14908 W SoLoader: Recording new base apk path: /data/app/~~zfxo-V6CCX59mAky1_hwLg==/com.insight2026.app-mH68G8wV-jzPHnZWWRWU7Q==/base.apk
02-16 16:48:24.881 14908 14908 W SoLoader: Previously recorded 0 base apk paths.
02-16 16:48:24.882 14908 14908 I SoLoader: Preparing SO source: DirectorySoSource[root = /vendor/lib64 flags = 2]
02-16 16:48:24.882 14908 14908 I SoLoader: Preparing SO source: DirectorySoSource[root = /system/lib64 flags = 2]
02-16 16:48:24.882 14908 14908 I SoLoader: Preparing SO source: DirectApkSoSource[root = [/data/app/~~zfxo-V6CCX59mAky1_hwLg==/com.insight2026.app-mH68G8wV-jzPHnZWWRWU7Q==/base.apk!/lib/arm64-v8a]]
02-16 16:48:24.884  1746  5278 D CompatibilityInfo: mCompatibilityFlags - 0
02-16 16:48:24.884  1746  5278 D CompatibilityInfo: applicationDensity - 440
02-16 16:48:24.884  1746  5278 D CompatibilityInfo: applicationScale - 1.0
02-16 16:48:24.886  1034 14871 I AudioPolicyService: updateUid  uid:10182  state:3 wasActive:1 active:1 insert:1 
02-16 16:48:24.887  1746  2389 I MiuiNetworkPolicy: updateUidState uid = 10182, uidState = 3
02-16 16:48:24.887 14908 14908 I SoLoader: Preparing SO source: ApplicationSoSource[DirectorySoSource[root = /data/app/~~zfxo-V6CCX59mAky1_hwLg==/com.insight2026.app-mH68G8wV-jzPHnZWWRWU7Q==/lib/arm64 flags = 0]]
02-16 16:48:24.887  1038  1097 W SurfaceFlinger: eEarlyWakeup is deprecated. Use eExplicitEarlyWakeup[Start|End]
02-16 16:48:24.887 14908 14908 I SoLoader: init finish: 4 SO sources prepared
02-16 16:48:24.887 14908 14908 W SoLoader: SoLoader initialized: 8
02-16 16:48:24.887  1038  1097 W SurfaceFlinger: eEarlyWakeup is deprecated. Use eExplicitEarlyWakeup[Start|End]
02-16 16:48:24.894 14908 14908 W linker  : Warning: "/data/app/~~zfxo-V6CCX59mAky1_hwLg==/com.insight2026.app-mH68G8wV-jzPHnZWWRWU7Q==/base.apk!/lib/arm64-v8a/libc++_shared.so" unused DT entry: unknown processor-specific (type 0x70000001 arg 0x0) (ignoring)
02-16 16:48:24.895  1038  3456 W SurfaceFlinger: eEarlyWakeup is deprecated. Use eExplicitEarlyWakeup[Start|End]
02-16 16:48:24.895  1038  1097 W SurfaceFlinger: eEarlyWakeup is deprecated. Use eExplicitEarlyWakeup[Start|End]
02-16 16:48:24.895  3154  3154 E BlurUtils: fastBlurDirectly ratio=0.5936906   win=com.android.internal.policy.MiuiPhoneWindow@27e7d27
02-16 16:48:24.894   992   992 W /vendor/bin/hw/vendor.qti.hardware.perf@2.2-service: type=1400 audit(0.0:3442685): avc: denied { search } for comm=41646170744C61756E636820566D name="1746" dev="proc" ino=15967 scontext=u:r:vendor_hal_perf_default:s0 tcontext=u:r:system_server:s0 tclass=dir permissive=0
02-16 16:48:24.894   992   992 W /vendor/bin/hw/vendor.qti.hardware.perf@2.2-service: type=1400 audit(0.0:3442686): avc: denied { search } for comm=41646170744C61756E636820566D name="1766" dev="proc" ino=39063037 scontext=u:r:vendor_hal_perf_default:s0 tcontext=u:r:system_server:s0 tclass=dir permissive=0
02-16 16:48:24.894   992   992 W /vendor/bin/hw/vendor.qti.hardware.perf@2.2-service: type=1400 audit(0.0:3442687): avc: denied { search } for comm=41646170744C61756E636820566D name="1767" dev="proc" ino=39063038 scontext=u:r:vendor_hal_perf_default:s0 tcontext=u:r:system_server:s0 tclass=dir permissive=0
02-16 16:48:24.894   992   992 W /vendor/bin/hw/vendor.qti.hardware.perf@2.2-service: type=1400 audit(0.0:3442688): avc: denied { search } for comm=41646170744C61756E636820566D name="1768" dev="proc" ino=39063039 scontext=u:r:vendor_hal_perf_default:s0 tcontext=u:r:system_server:s0 tclass=dir permissive=0
02-16 16:48:24.894   992   992 W /vendor/bin/hw/vendor.qti.hardware.perf@2.2-service: type=1400 audit(0.0:3442689): avc: denied { search } for comm=41646170744C61756E636820566D name="1769" dev="proc" ino=39063040 scontext=u:r:vendor_hal_perf_default:s0 tcontext=u:r:system_server:s0 tclass=dir permissive=0
02-16 16:48:24.894   992   992 W /vendor/bin/hw/vendor.qti.hardware.perf@2.2-service: type=1400 audit(0.0:3442690): avc: denied { search } for comm=41646170744C61756E636820566D name="1770" dev="proc" ino=39063041 scontext=u:r:vendor_hal_perf_default:s0 tcontext=u:r:system_server:s0 tclass=dir permissive=0
02-16 16:48:24.894   992   992 W /vendor/bin/hw/vendor.qti.hardware.perf@2.2-service: type=1400 audit(0.0:3442691): avc: denied { search } for comm=41646170744C61756E636820566D name="1771" dev="proc" ino=39063042 scontext=u:r:vendor_hal_perf_default:s0 tcontext=u:r:system_server:s0 tclass=dir permissive=0
02-16 16:48:23.933     0     0 W audit   : audit_lost=3315692 audit_rate_limit=5 audit_backlog_limit=64
02-16 16:48:23.933     0     0 E audit   : rate limit exceeded
02-16 16:48:24.903  1038  3456 W SurfaceFlinger: eEarlyWakeup is deprecated. Use eExplicitEarlyWakeup[Start|End]
02-16 16:48:24.903  1038  1097 W SurfaceFlinger: eEarlyWakeup is deprecated. Use eExplicitEarlyWakeup[Start|End]
02-16 16:48:24.912  1038  3456 W SurfaceFlinger: eEarlyWakeup is deprecated. Use eExplicitEarlyWakeup[Start|End]
02-16 16:48:24.912  3154  3154 E BlurUtils: fastBlurDirectly ratio=0.6956869   win=com.android.internal.policy.MiuiPhoneWindow@27e7d27
02-16 16:48:24.912  1038  1097 W SurfaceFlinger: eEarlyWakeup is deprecated. Use eExplicitEarlyWakeup[Start|End]
02-16 16:48:24.913 14908 14908 D jni_lib_merge: Entering merged library JNI_OnLoad.
02-16 16:48:24.913 14908 14908 D jni_lib_merge: Preparing 12 pre-merged libs (including stub)
02-16 16:48:24.913 14908 14908 D jni_lib_merge: Preparing to register libfabricjni_so.  onload_func: 0x7b68196edc
02-16 16:48:24.913 14908 14908 D jni_lib_merge: Preparing to register libreact_devsupportjni_so.  onload_func: 0x7b68267f40
02-16 16:48:24.913 14908 14908 D jni_lib_merge: Preparing to register libreact_featureflagsjni_so.  onload_func: 0x7b6827a9f8
02-16 16:48:24.913 14908 14908 D jni_lib_merge: Preparing to register libreact_newarchdefaults_so.  onload_func: 0x7b6829fe30
02-16 16:48:24.913 14908 14908 D jni_lib_merge: Preparing to register libreactnativeblob_so.  onload_func: 0x7b683325b0
02-16 16:48:24.913 14908 14908 D jni_lib_merge: Preparing to register libreactnativejni_so.  onload_func: 0x7b6834cb24
02-16 16:48:24.913 14908 14908 D jni_lib_merge: Preparing to register libreactnativejni_common_so.  onload_func: 0x7b68353458
02-16 16:48:24.913 14908 14908 D jni_lib_merge: Preparing to register librninstance_so.  onload_func: 0x7b6836f070
02-16 16:48:24.913 14908 14908 D jni_lib_merge: Preparing to register libturbomodulejsijni_so.  onload_func: 0x7b684071a4
02-16 16:48:24.913 14908 14908 D jni_lib_merge: Preparing to register libuimanagerjni_so.  onload_func: 0x7b6840e7e0
02-16 16:48:24.913 14908 14908 D jni_lib_merge: Preparing to register libyoga_so.  onload_func: 0x7b68415da4
02-16 16:48:24.913 14908 14908 D jni_lib_merge: About to register 11 actual methods.
02-16 16:48:24.920  1038  2986 W SurfaceFlinger: eEarlyWakeup is deprecated. Use eExplicitEarlyWakeup[Start|End]
02-16 16:48:24.920  1038  1102 W SurfaceFlinger: eEarlyWakeup is deprecated. Use eExplicitEarlyWakeup[Start|End]
02-16 16:48:24.920 14908 14908 D jni_lib_merge: Entering merged library JNI_OnLoad.
02-16 16:48:24.920 14908 14908 D jni_lib_merge: Preparing 12 pre-merged libs (including stub)
02-16 16:48:24.920 14908 14908 D jni_lib_merge: Preparing to register libfabricjni_so.  onload_func: 0x7b68196edc
02-16 16:48:24.920 14908 14908 D jni_lib_merge: Preparing to register libreact_devsupportjni_so.  onload_func: 0x7b68267f40
02-16 16:48:24.920 14908 14908 D jni_lib_merge: Preparing to register libreact_featureflagsjni_so.  onload_func: 0x7b6827a9f8
02-16 16:48:24.920 14908 14908 D jni_lib_merge: Preparing to register libreact_newarchdefaults_so.  onload_func: 0x7b6829fe30
02-16 16:48:24.920 14908 14908 D jni_lib_merge: Preparing to register libreactnativeblob_so.  onload_func: 0x7b683325b0
02-16 16:48:24.920 14908 14908 D jni_lib_merge: Preparing to register libreactnativejni_so.  onload_func: 0x7b6834cb24
02-16 16:48:24.921 14908 14908 D jni_lib_merge: Preparing to register libreactnativejni_common_so.  onload_func: 0x7b68353458
02-16 16:48:24.921 14908 14908 D jni_lib_merge: Preparing to register librninstance_so.  onload_func: 0x7b6836f070
02-16 16:48:24.921 14908 14908 D jni_lib_merge: Preparing to register libturbomodulejsijni_so.  onload_func: 0x7b684071a4
02-16 16:48:24.921 14908 14908 D jni_lib_merge: Preparing to register libuimanagerjni_so.  onload_func: 0x7b6840e7e0
02-16 16:48:24.921 14908 14908 D jni_lib_merge: Preparing to register libyoga_so.  onload_func: 0x7b68415da4
02-16 16:48:24.921 14908 14908 D jni_lib_merge: About to register 11 actual methods.
02-16 16:48:24.925 14908 14908 D jni_lib_merge: Entering merged library JNI_OnLoad.
02-16 16:48:24.925 14908 14908 D jni_lib_merge: Preparing 12 pre-merged libs (including stub)
02-16 16:48:24.925 14908 14908 D jni_lib_merge: Preparing to register libfabricjni_so.  onload_func: 0x7b68196edc
02-16 16:48:24.925 14908 14908 D jni_lib_merge: Preparing to register libreact_devsupportjni_so.  onload_func: 0x7b68267f40
02-16 16:48:24.925 14908 14908 D jni_lib_merge: Preparing to register libreact_featureflagsjni_so.  onload_func: 0x7b6827a9f8
02-16 16:48:24.925 14908 14908 D jni_lib_merge: Preparing to register libreact_newarchdefaults_so.  onload_func: 0x7b6829fe30
02-16 16:48:24.925 14908 14908 D jni_lib_merge: Preparing to register libreactnativeblob_so.  onload_func: 0x7b683325b0
02-16 16:48:24.925 14908 14908 D jni_lib_merge: Preparing to register libreactnativejni_so.  onload_func: 0x7b6834cb24
02-16 16:48:24.925 14908 14908 D jni_lib_merge: Preparing to register libreactnativejni_common_so.  onload_func: 0x7b68353458
02-16 16:48:24.925 14908 14908 D jni_lib_merge: Preparing to register librninstance_so.  onload_func: 0x7b6836f070
02-16 16:48:24.925 14908 14908 D jni_lib_merge: Preparing to register libturbomodulejsijni_so.  onload_func: 0x7b684071a4
02-16 16:48:24.925 14908 14908 D jni_lib_merge: Preparing to register libuimanagerjni_so.  onload_func: 0x7b6840e7e0
02-16 16:48:24.925 14908 14908 D jni_lib_merge: Preparing to register libyoga_so.  onload_func: 0x7b68415da4
02-16 16:48:24.925 14908 14908 D jni_lib_merge: About to register 11 actual methods.
02-16 16:48:24.928  1038  2986 W SurfaceFlinger: eEarlyWakeup is deprecated. Use eExplicitEarlyWakeup[Start|End]
02-16 16:48:24.928  1038  1097 W SurfaceFlinger: eEarlyWakeup is deprecated. Use eExplicitEarlyWakeup[Start|End]
02-16 16:48:24.928  3154  3154 E BlurUtils: fastBlurDirectly ratio=0.78363436   win=com.android.internal.policy.MiuiPhoneWindow@27e7d27
02-16 16:48:24.936  1038  3456 W DisplayIdentification: Invalid EDID: falling back to serial number due to missing display name.
02-16 16:48:24.936  1038  3456 W DisplayIdentification: Invalid EDID: falling back to ASCII text due to missing serial number.
02-16 16:48:24.942  1038  1097 W SurfaceFlinger: eEarlyWakeup is deprecated. Use eExplicitEarlyWakeup[Start|End]
02-16 16:48:24.942  1038  1097 W SurfaceFlinger: eEarlyWakeup is deprecated. Use eExplicitEarlyWakeup[Start|End]
02-16 16:48:24.943 14908 14908 D AppCompatDelegate: Checking for metadata for AppLocalesMetadataHolderService : Service not found
02-16 16:48:24.945  1038  1097 W SurfaceFlinger: eEarlyWakeup is deprecated. Use eExplicitEarlyWakeup[Start|End]
02-16 16:48:24.945  3154  3154 E BlurUtils: fastBlurDirectly ratio=0.8644843   win=com.android.internal.policy.MiuiPhoneWindow@27e7d27
02-16 16:48:24.945  1038  3456 W SurfaceFlinger: eEarlyWakeup is deprecated. Use eExplicitEarlyWakeup[Start|End]
02-16 16:48:24.953  1038  1819 W SurfaceFlinger: eEarlyWakeup is deprecated. Use eExplicitEarlyWakeup[Start|End]
02-16 16:48:24.953  1038  3456 W SurfaceFlinger: eEarlyWakeup is deprecated. Use eExplicitEarlyWakeup[Start|End]
02-16 16:48:24.961  1038  3456 W SurfaceFlinger: eEarlyWakeup is deprecated. Use eExplicitEarlyWakeup[Start|End]
02-16 16:48:24.961  1038  2986 W SurfaceFlinger: eEarlyWakeup is deprecated. Use eExplicitEarlyWakeup[Start|End]
02-16 16:48:24.961  3154  3154 E BlurUtils: fastBlurDirectly ratio=0.92549723   win=com.android.internal.policy.MiuiPhoneWindow@27e7d27
02-16 16:48:24.965 14908 14908 W unknown:BridgelessReact: ReactHost{0}.startSurface(surfaceId = 0): Schedule
02-16 16:48:24.965 14908 14908 W unknown:BridgelessReact: ReactHost{0}.attachSurface(surfaceId = 0)
02-16 16:48:24.965 14908 14954 W unknown:BridgelessReact: ReactHost{0}.getOrCreateReactInstanceTask()
02-16 16:48:24.965 14908 14954 W unknown:BridgelessReact: ReactHost{0}.getOrCreateReactInstanceTask(): Start
02-16 16:48:24.965 14908 14954 W unknown:BridgelessReact: ReactHost{0}.getJSBundleLoader()
02-16 16:48:24.966 14908 14954 W unknown:BridgelessReact: ReactHost{0}.getOrCreateReactContext(): Creating BridgelessReactContext
02-16 16:48:24.966 14908 14954 W unknown:BridgelessReact: ReactHost{0}.getOrCreateReactInstanceTask(): Creating ReactInstance
02-16 16:48:24.967 14908 14908 D DecorView[]: getWindowModeFromSystem  windowmode is 1
02-16 16:48:24.967 14908 14908 D DecorView: createDecorCaptionView windowingMode:1 mWindowMode 1 isFullscreen: true
02-16 16:48:24.969  1038  1102 W SurfaceFlinger: eEarlyWakeup is deprecated. Use eExplicitEarlyWakeup[Start|End]
02-16 16:48:24.970  1038  3456 W SurfaceFlinger: eEarlyWakeup is deprecated. Use eExplicitEarlyWakeup[Start|End]
02-16 16:48:24.975 14908 14908 W unknown:BridgelessReact: ReactHost{0}.onHostResume(activity)
02-16 16:48:24.975 14908 14908 W unknown:BridgelessReact: ReactContext.onHostResume()
02-16 16:48:24.977 14908 14954 D jni_lib_merge: Entering merged library JNI_OnLoad.
02-16 16:48:24.977 14908 14954 D jni_lib_merge: Preparing 4 pre-merged libs (including stub)
02-16 16:48:24.977 14908 14954 D jni_lib_merge: Preparing to register libhermes_executor_so.  onload_func: 0x7b6852d4b0
02-16 16:48:24.977 14908 14954 D jni_lib_merge: Preparing to register libhermesinstancejni_so.  onload_func: 0x7b68534900
02-16 16:48:24.977 14908 14954 D jni_lib_merge: Preparing to register libjsijniprofiler_so.  onload_func: 0x7b685350ec
02-16 16:48:24.977 14908 14954 D jni_lib_merge: About to register 3 actual methods.
02-16 16:48:24.978  1038  2986 W SurfaceFlinger: eEarlyWakeup is deprecated. Use eExplicitEarlyWakeup[Start|End]
02-16 16:48:24.978  1038  3456 W SurfaceFlinger: eEarlyWakeup is deprecated. Use eExplicitEarlyWakeup[Start|End]
02-16 16:48:24.978  3154  3154 E BlurUtils: fastBlurDirectly ratio=0.9714953   win=com.android.internal.policy.MiuiPhoneWindow@27e7d27
02-16 16:48:24.979  1746  5274 D InputManager: isSystemAppFromPidAndUid: name null
02-16 16:48:24.979  1746  5274 D InputManager: isSystemAppFromPidAndUid: excludePackage com.tencent.metal
02-16 16:48:24.981 14908 14908 D DecorView[]: getWindowModeFromSystem  windowmode is 1
02-16 16:48:24.984  1746  5278 D SmartPolicyTrigger: activityResumed com.insight2026.app
02-16 16:48:24.984  3154  3154 D RecentsImpl: mActivityStateObserver com.insight2026.app.MainActivity
02-16 16:48:24.984  1034 14871 I AudioFlinger: setGameParameters keyvalue: cts_app=0
02-16 16:48:24.984  3154  3154 D RecentsImpl: onResumed className=com.insight2026.app.MainActivity,mIsInAnotherPro=false,mIsStatusBarExpansion=false,isKeyguardLocked=false,mNavStubView=com.miui.home.recents.NavStubView{3a4f7dc V.E...... ........ 0,0-1080,35}
02-16 16:48:24.985   939 31992 D audio_hw_primary: adev_set_parameters: enter: cts_app=0
02-16 16:48:24.985   939 31992 V msm8974_platform: platform_set_parameters: enter: cts_app=0
02-16 16:48:24.985   939 31992 D audio_hw_hfp: hfp_set_parameters: enter
02-16 16:48:24.985   939 31992 D audio_hw_hfp: hfp_set_parameters: enter
02-16 16:48:24.985   939 31992 V a2dp_offload: end of a2dp setparam
02-16 16:48:24.985   939 31992 D audio_hw_extn: audio_extn_fm_set_parameters: Enter
02-16 16:48:24.985   939 31992 D audio_hw_hfp: hfp_set_parameters: enter
02-16 16:48:24.985   939 31992 V a2dp_offload: end of a2dp setparam
02-16 16:48:24.985   939 31992 D audio_hw_primary: adev_set_parameters: exit with code(0)
02-16 16:48:24.985  3154  3491 D RecentsImpl: ShowNavStubView 
02-16 16:48:24.985  3154  3489 W RecentsImpl: disableBackStubWindow    disableTouch=false
02-16 16:48:24.985  3154  3489 D RecentsImpl: showBackStubWindow  mHasNavigationBar=true   mDisabledByDriveMode=false
02-16 16:48:24.985  3154  3489 W Recent.GestureStubView: adaptRotation   currentRotation=0   mRotation=0
02-16 16:48:24.985  1034 14871 I AudioFlinger: setGameParameters keyvalue: music_foreground=0
02-16 16:48:24.985  3154  3489 D Recent.GestureStubView: resetRenderProperty: showGestureStub
02-16 16:48:24.985  3154  3489 D Recent.GestureStubView: showGestureStub
02-16 16:48:24.985  3154  3489 W Recent.GestureStubView: adaptRotation   currentRotation=0   mRotation=0
02-16 16:48:24.985   939 31992 D audio_hw_primary: adev_set_parameters: enter: music_foreground=0
02-16 16:48:24.985   939 31992 V msm8974_platform: platform_set_parameters: enter: music_foreground=0
02-16 16:48:24.985   939 31992 D audio_hw_hfp: hfp_set_parameters: enter
02-16 16:48:24.985   939 31992 D audio_hw_hfp: hfp_set_parameters: enter
02-16 16:48:24.985   939 31992 V a2dp_offload: end of a2dp setparam
02-16 16:48:24.985   939 31992 D audio_hw_extn: audio_extn_fm_set_parameters: Enter
02-16 16:48:24.985  3154  3489 D Recent.GestureStubView: resetRenderProperty: showGestureStub
02-16 16:48:24.985   939 31992 D audio_hw_hfp: hfp_set_parameters: enter
02-16 16:48:24.985   939 31992 V a2dp_offload: end of a2dp setparam
02-16 16:48:24.985  3154  3489 D Recent.GestureStubView: showGestureStub
02-16 16:48:24.985   939 31992 D audio_hw_primary: adev_set_parameters: exit with code(0)
02-16 16:48:24.986  1034 14871 I AudioFlinger: setGameParameters keyvalue: gamemode=0
02-16 16:48:24.986   939 31992 D audio_hw_primary: adev_set_parameters: enter: gamemode=0
02-16 16:48:24.986   939 31992 V msm8974_platform: platform_set_parameters: enter: gamemode=0
02-16 16:48:24.986   939 31992 E msm8974_platform: platform_set_parameters gamemode is 0
02-16 16:48:24.986   939 31992 D audio_hw_hfp: hfp_set_parameters: enter
02-16 16:48:24.986   939 31992 D audio_hw_primary: [adev_set_parameters]: adev->game_mode = 0
02-16 16:48:24.986   939 31992 D audio_hw_hfp: hfp_set_parameters: enter
02-16 16:48:24.986   939 31992 V a2dp_offload: end of a2dp setparam
02-16 16:48:24.986   939 31992 D audio_hw_extn: audio_extn_fm_set_parameters: Enter
02-16 16:48:24.986   939 31992 D audio_hw_hfp: hfp_set_parameters: enter
02-16 16:48:24.986   939 31992 V a2dp_offload: end of a2dp setparam
02-16 16:48:24.986   939 31992 D audio_hw_primary: adev_set_parameters: exit with code(0)
02-16 16:48:24.986  1038  3456 W SurfaceFlinger: eEarlyWakeup is deprecated. Use eExplicitEarlyWakeup[Start|End]
02-16 16:48:24.986  1038  1819 W SurfaceFlinger: eEarlyWakeup is deprecated. Use eExplicitEarlyWakeup[Start|End]
02-16 16:48:24.986  1034 14871 I AudioFlinger: setGameParameters keyvalue: ocpmode_video_whitelist=0
02-16 16:48:24.987   939 31992 D audio_hw_primary: adev_set_parameters: enter: ocpmode_video_whitelist=0
02-16 16:48:24.987   939 31992 V msm8974_platform: platform_set_parameters: enter: ocpmode_video_whitelist=0
02-16 16:48:24.987   939 31992 D audio_hw_hfp: hfp_set_parameters: enter
02-16 16:48:24.987   939 31992 D audio_hw_hfp: hfp_set_parameters: enter
02-16 16:48:24.987   939 31992 V a2dp_offload: end of a2dp setparam
02-16 16:48:24.987   939 31992 D audio_hw_extn: audio_extn_fm_set_parameters: Enter
02-16 16:48:24.987   939 31992 D audio_hw_hfp: hfp_set_parameters: enter
02-16 16:48:24.987   939 31992 V a2dp_offload: end of a2dp setparam
02-16 16:48:24.987   939 31992 D audio_hw_primary: adev_set_parameters: exit with code(0)
02-16 16:48:24.987  1034 14871 I AudioFlinger: setGameParameters keyvalue: videomode=0
02-16 16:48:24.987   939 31992 D audio_hw_primary: adev_set_parameters: enter: videomode=0
02-16 16:48:24.987   939 31992 V msm8974_platform: platform_set_parameters: enter: videomode=0
02-16 16:48:24.987   939 31992 D audio_hw_hfp: hfp_set_parameters: enter
02-16 16:48:24.987   939 31992 D audio_hw_hfp: hfp_set_parameters: enter
02-16 16:48:24.987   939 31992 V a2dp_offload: end of a2dp setparam
