02-16 16:48:16.447  1746  1802 W NotificationHistory: Attempted to remove conversation for locked/gone/disabled user 0
02-16 16:48:16.454  3154  3154 I chatty  : uid=10090(com.miui.home) identical 1 line
02-16 16:48:16.471  3154  3154 D Launcher.Model: LauncherAppsCallback onShortcutsChanged|com.linkedin.android|UserHandle{0}
02-16 16:48:16.487 14741 14802 I WM-WorkerWrapper: Worker result FAILURE for Work [ id=d42b0dc7-e495-494c-8818-d017faf9911d, tags={ com.linkedin.lieventobservability.sync.TelemetryObserveWorker, telemetry_observe_periodic_sync } ]
02-16 16:48:16.591  1746  2432 W NsdServiceInfo: Key lengths > 9 are discouraged: commonData
02-16 16:48:16.592   814   889 W netd    : dnssd_clientstub DNSServiceProcessResult called with NULL DNSServiceRef
02-16 16:48:16.447  1746  1802 I chatty  : uid=1000(system) android.bg identical 2 lines
02-16 16:48:16.447  1746  1802 W NotificationHistory: Attempted to remove conversation for locked/gone/disabled user 0
02-16 16:48:16.592  1746  2432 E NsdService: id 5243 for SERVICE_RESOLVED has no client mapping
02-16 16:48:16.592  1746  2432 E NsdService: Unhandled { when=-1ms what=393242 obj=com.android.server.NsdService$NativeEvent@1e2c84e target=com.android.internal.util.StateMachine$SmHandler }
02-16 16:48:16.593  1746  2432 E NsdService: id 5244 for SERVICE_GET_ADDR_SUCCESS has no client mapping
02-16 16:48:16.593  1746  2432 E NsdService: Unhandled { when=-1ms what=393242 obj=com.android.server.NsdService$NativeEvent@eb3d6f target=com.android.internal.util.StateMachine$SmHandler }
02-16 16:48:16.593  1746  2432 E NsdService: id 5244 for SERVICE_GET_ADDR_SUCCESS has no client mapping
02-16 16:48:16.593  1746  2432 E NsdService: Unhandled { when=-1ms what=393242 obj=com.android.server.NsdService$NativeEvent@3bb2a7c target=com.android.internal.util.StateMachine$SmHandler }
02-16 16:48:16.593  1746  2432 E NsdService: id 5244 for SERVICE_GET_ADDR_SUCCESS has no client mapping
02-16 16:48:16.593  1746  2432 E NsdService: Unhandled { when=-1ms what=393242 obj=com.android.server.NsdService$NativeEvent@58b0f05 target=com.android.internal.util.StateMachine$SmHandler }
02-16 16:48:16.593  1746  2432 E NsdService: id 5244 for SERVICE_GET_ADDR_SUCCESS has no client mapping
02-16 16:48:16.593  1746  2432 E NsdService: Unhandled { when=-1ms what=393242 obj=com.android.server.NsdService$NativeEvent@da71b5a target=com.android.internal.util.StateMachine$SmHandler }
02-16 16:48:16.614 13758 13758 W Looper  : PerfMonitor longMsg : seq=337 plan=16:48:15.613 late=0ms wall=1001ms running=0ms h=X.0m6 c=X.0D6 procState=19
02-16 16:48:16.593   814   889 I chatty  : uid=0(root) MDnsSdMonitor identical 1 line
02-16 16:48:16.686   814   889 W netd    : dnssd_clientstub DNSServiceProcessResult called with NULL DNSServiceRef
02-16 16:48:16.702  6231  7856 E IDM-BonjourGovernor: endPoint can not be reported!
02-16 16:48:16.710 14741 14837 I WM-WorkerWrapper: Worker result SUCCESS for Work [ id=47addb09-5e99-45e6-8632-40e835efcf61, tags={ com.linkedin.android.litrackinglib.network.SendTrackingEventWorker, send_one_batch_events_work } ]
02-16 16:48:14.933     0     0 I qcom_rpmh DRV: apps_rsc TCS Busy, retrying RPMH message send: addr=0x30080
02-16 16:48:15.745     0     0 I QCOM-STEPCHG: handle_jeita: handle_jeita: temp:377, fcc_ua:12000000
02-16 16:48:16.731 14741 14802 I WM-WorkerWrapper: Worker result SUCCESS for Work [ id=76188f7a-b7f9-4cb4-bc1b-f7ffef803cf1, tags={ com.linkedin.android.segment.ChameleonPeriodicWork } ]
02-16 16:48:16.748  1746  2619 E BatteryService: condition id: + 2  TimeStamp-> 1771271294745   value->160000  callingPid->27630
02-16 16:48:16.749  1746  2619 E BatteryService: condition id: + 4  TimeStamp-> 1771271294748   value->100  callingPid->27630
02-16 16:48:15.747     0     0 I QCOM-STEPCHG: taper_fcc_step_chg: cur:1300000, target:6500000, rate:30, vol:8661000 cfg[index-1].value:8000000, low:8460000, high:8699000, hysteresis:30000
02-16 16:48:15.801     0     0 I qcom_rpmh DRV: apps_rsc TCS Busy, retrying RPMH message send: addr=0x30080
02-16 16:48:16.774  5587  5693 D Be20Peripheral: getConnectTwsEarphoneDevice: null
02-16 16:48:16.775  5587  5693 D Peripheral: onPeripheralDeviceChanged 31  0   1368
02-16 16:48:16.954  1746  2356 D MIUIInput: [MotionEvent] publisher action=0x0, 214618236, channel '8ff2554 GestureStub (server)'
02-16 16:48:16.954  1746  2356 D MIUIInput: [MotionEvent]  Pointer 0: id=0, x=575.250000, y=2393.562500, pressure=1.000000
02-16 16:48:16.957  3154  3491 D Recent.NavStubView: onTouchEvent: action=0, count=1
02-16 16:48:16.957  3154  3491 D Recent.NavStubView: onTouch ACTION_DOWN sendMessageDelayed MSG_CHECK_GESTURE_STUB_TOUCHABLE
02-16 16:48:16.996   966  1174 I android.hardware.thermal@2.0-service.qti: uevent triggered for sensor: xo_therm
02-16 16:48:16.998   966  1174 I android.hardware.thermal@2.0-service.qti: uevent triggered for sensor: xo_therm
02-16 16:48:16.998  1409  1519 I ThermalEngine: Sensor:xo_therm:38024 mC
02-16 16:48:17.001  1409  1519 I ThermalEngine: ACTION: GPU - Setting GPU[0] to 1
02-16 16:48:17.014  3154  3491 D Recent.NavStubView: onTouchEvent: action=2, count=1
02-16 16:48:17.026  3154  3491 D Recent.NavStubView: onTouchEvent: action=2, count=1
02-16 16:48:17.026  3154  3491 D Recent.NavStubView: onPointEvent: rawX=575.25   rawY=2393.5625   action=0   mIsInFsMode=false
02-16 16:48:17.026  3154  3491 E RotationHelper: setCurrentTransitionRequest: request=2
02-16 16:48:17.026  3154  3491 E RotationHelper: notifyChange activityFlags=1, mMultiWindowRotationRequest=3, mCurrentTransitionRequest=2, mCurrentStateRequest=0
02-16 16:48:17.027  3154  3491 W RecentsModel: getRunningTaskContainHome
02-16 16:48:17.030 29990 30071 I DisplayFrameSetting: appToHomeGestrueStart is back to home, during gesture setFps: 120
02-16 16:48:17.030  3154  3491 I MiuiMultiWindowUtils: getFreeFormTasksInfos freeform stack is null
02-16 16:48:17.030  3154  3491 D SmallWindowStateHelperJuiInjector: Current small window list: []
02-16 16:48:17.030  3154  3491 D Recent.SmallWindowStateHelperJuiInjector: isInSmallWindowMode: size = 0
02-16 16:48:17.030  3154  3491 W RecentsModel: getRunningTask   taskInfo=TaskInfo{userId=0 pcFlags:0 stackId=5069 taskId=5069 displayId=0 isRunning=true baseIntent=Intent { act=android.intent.action.MAIN cat=[android.intent.category.LAUNCHER] flg=0x10200000 cmp=com.android.settings/.MainSettings } baseActivity=ComponentInfo{com.android.settings/com.android.settings.MainSettings} topActivity=ComponentInfo{com.android.settings/com.android.settings.SubSettings} origActivity=ComponentInfo{com.android.settings/com.android.settings.MainSettings} realActivity=ComponentInfo{com.android.settings/com.android.settings.MiuiSettings} numActivities=3 lastActiveTime=343112071 supportsSplitScreenMultiWindow=true resizeMode=1 isResizeable=true token=android.window.WindowContainerToken@4232bce topActivityType=1 pictureInPictureParams=null topActivityInfo=ActivityInfo{53a3c83 com.android.settings.SubSettings} maglevButton=false pid=0 maglevButtonType=0 maglevButtonWidth=0 maglevButtonOffset=0 windowMode=1 maglevButton=false topActivityInfo=ActivityInfo{53a3c83 com.android.settings.SubSettings}
02-16 16:48:17.030  3154  3491 W RecentsModel: getTaskInfoIgnoreFreeform   taskInfo=ComponentInfo{com.android.settings/com.android.settings.MainSettings}
02-16 16:48:17.030  3154  3489 I Launcher: notifyPowerKeeperGesture status: gesture_start
02-16 16:48:17.032 29990 30071 I DisplayFrameSetting: setScreenEffect pkg=com.android.settings fps=120 cookie=244
02-16 16:48:17.032  3154  3491 D Recent.NavStubView: current window mode:2 (1:home, 2:app, 3:recent-task, 4:keyguard)
02-16 16:48:17.033  3154  3491 D Recent.NavStubView: onPointEvent: rawX=570.2816   rawY=2368.2957   action=2   mIsInFsMode=false
02-16 16:48:17.033  3154  3491 W GestureStateMachine: InitState msg=1
02-16 16:48:17.033  3154  3491 W GestureStateMachine: AppDragState msg=3
02-16 16:48:17.033  3154  3491 W GestureStateMachine: AppDragState msg=2
02-16 16:48:17.034  3154  3491 D Recent.NavStubView: onTouchEvent: action=2, count=1
02-16 16:48:17.035  3154  3491 D Recent.NavStubView: onPointEvent: rawX=568.15283   rawY=2355.113   action=2   mIsInFsMode=false
02-16 16:48:17.035  3154  3491 W GestureStateMachine: AppDragState msg=3
02-16 16:48:17.035  1746  2507 W SchedBoost: SchedBoost begin: proc: 3154/3498, mode: 1 aff:[4, 5, 6]
02-16 16:48:17.035  3154  3521 D RecentsSmallWindowCrop: resetSmallWindowCrop
02-16 16:48:17.035  1005  1005 D DisplayFeatureHal: setFeatureEnable: FeatureId=FPS_SWITCH_STATE modeId=120 cookie=244
02-16 16:48:17.035  1005  1005 D DisplayFeatureHal: current wcg state 0, setting to 0
02-16 16:48:17.035  1005  1005 I DisplayFeatureHal: preHandleFpsSwitch: Default app set input_fps(120), current_fps(120), cookie(244)
02-16 16:48:17.035  1005  1005 I DisplayFeatureHal: preHandleFpsSwitch: pending fps(120)
02-16 16:48:17.036  1005  1688 I DisplayFeatureHal: HandleFpsSwitch: pending_fps(120), current_fps(120), doze_pending_fps(0)
02-16 16:48:17.036  3154  3154 D Launcher: changeViewByFsGestureState,  view=ShortcutMenuLayer,  alpha=0.0,  scale=0.75
02-16 16:48:17.036  3154  3154 E BlurUtils: fastBlur ratio=1.0   withAnim=false   sBlurRatioValue=0.0
02-16 16:48:17.036  3154  3154 E BlurUtils: fastBlurDirectly ratio=1.0   win=com.android.internal.policy.MiuiPhoneWindow@27e7d27
02-16 16:48:17.038  2631  2631 I vol.MiuiVolumeDialogImp-plugin: dismissH mShowing:false dialog showing:false reason:2
02-16 16:48:17.041 14741 14838 I WM-WorkerWrapper: Worker result SUCCESS for Work [ id=940fe420-a61f-43b4-a85d-42bde13fffb9, tags={ com.linkedin.android.litrackinglib.network.SendTrackingEventWorker, period_sync_work } ]
02-16 16:48:17.042  3154  3179 W System.err: java.lang.NoSuchFieldException: android.view.RemoteAnimationTarget#packageName
02-16 16:48:17.043  3154  3491 D Recent.NavStubView: onTouchEvent: action=2, count=1
02-16 16:48:17.043  3154  3491 D Recent.NavStubView: onPointEvent: rawX=566.7035   rawY=2346.0046   action=2   mIsInFsMode=false
02-16 16:48:17.043  3154  3491 W GestureStateMachine: AppDragState msg=3
02-16 16:48:17.049  3154  3154 D Launcher.Lifecycle: onStart:UserHandle{0},33e5d70,false
02-16 16:48:17.049  3154  3491 W GestureStateMachine: AppDragState msg=2
02-16 16:48:17.050  2744  2744 I VideoWallpaper: [(VideoWallpaperService.java:2)#OnVisibilityChanged] onVisibilityChanged: true
02-16 16:48:17.050  3154  3179 W System.err: 	at miui.util.ReflectionUtils.findField(ReflectionUtils.java:105)
02-16 16:48:17.050  3154  3179 W System.err: 	at com.android.systemui.shared.recents.system.RemoteAnimationTargetCompat.<init>(RemoteAnimationTargetCompat.java:69)
02-16 16:48:17.050  3154  3179 W System.err: 	at com.android.systemui.shared.recents.system.RemoteAnimationTargetCompat.wrap(RemoteAnimationTargetCompat.java:99)
02-16 16:48:17.050  3154  3179 W System.err: 	at com.android.systemui.shared.recents.system.ActivityManagerWrapper$3.onAnimationStart(ActivityManagerWrapper.java:422)
02-16 16:48:17.050  3154  3179 W System.err: 	at com.android.systemui.shared.recents.system.ActivityManagerWrapper$3.onAnimationStart(ActivityManagerWrapper.java:432)
02-16 16:48:17.050  3154  3179 W System.err: 	at android.view.IRecentsAnimationRunner$Stub.onTransact(IRecentsAnimationRunner.java:156)
02-16 16:48:17.050  3154  3179 W System.err: 	at android.os.Binder.execTransactInternal(Binder.java:1162)
02-16 16:48:17.050  3154  3179 W System.err: 	at android.os.Binder.execTransact(Binder.java:1126)
02-16 16:48:17.051  3154  3179 W System.err: java.lang.NoSuchFieldException: android.view.RemoteAnimationTarget#packageName
02-16 16:48:17.051  3154  3179 W System.err: 	at miui.util.ReflectionUtils.findField(ReflectionUtils.java:105)
02-16 16:48:17.051  3154  3179 W System.err: 	at com.android.systemui.shared.recents.system.RemoteAnimationTargetCompat.<init>(RemoteAnimationTargetCompat.java:69)
02-16 16:48:17.051  3154  3179 W System.err: 	at com.android.systemui.shared.recents.system.RemoteAnimationTargetCompat.wrap(RemoteAnimationTargetCompat.java:99)
02-16 16:48:17.051  3154  3179 W System.err: 	at com.android.systemui.shared.recents.system.ActivityManagerWrapper$3.onAnimationStart(ActivityManagerWrapper.java:422)
02-16 16:48:17.051  3154  3491 D Recent.NavStubView: onTouchEvent: action=2, count=1
02-16 16:48:17.051  3154  3179 W System.err: 	at com.android.systemui.shared.recents.system.ActivityManagerWrapper$3.onAnimationStart(ActivityManagerWrapper.java:432)
02-16 16:48:17.051  3154  3179 W System.err: 	at android.view.IRecentsAnimationRunner$Stub.onTransact(IRecentsAnimationRunner.java:156)
02-16 16:48:17.051  3154  3179 W System.err: 	at android.os.Binder.execTransactInternal(Binder.java:1162)
02-16 16:48:17.051  3154  3179 W System.err: 	at android.os.Binder.execTransact(Binder.java:1126)
02-16 16:48:17.051  3154  3179 D RecentsAnimationListenerImpl: onAnimationStart, homeContentInsets=Rect(0, 80 - 0, 0), minimizedHomeBounds=null
02-16 16:48:17.051  3154  3179 D RemoteAnimationTargetSet: 0, RemoteAnimationTargetCompat{taskId=2, mode=0, isTranslucent=false, clipRect=Rect(0, 0 - 1080, 2400), position=Point(0, 0), sourceContainerBounds=Rect(0, 0 - 1080, 2400), prefixOrderIndex=29, isNotInRecents=true, contentInsets=Rect(0, 80 - 0, 0), activityType=2, packageName=null}
02-16 16:48:17.051  3154  3179 D RemoteAnimationTargetSet: 1, RemoteAnimationTargetCompat{taskId=5069, mode=1, isTranslucent=false, clipRect=Rect(0, 0 - 1080, 2400), position=Point(0, 0), sourceContainerBounds=Rect(0, 0 - 1080, 2400), prefixOrderIndex=32, isNotInRecents=false, contentInsets=Rect(0, 80 - 0, 0), activityType=1, packageName=null}
02-16 16:48:17.051  3154  3491 D Recent.NavStubView: onPointEvent: rawX=565.05084   rawY=2337.0251   action=2   mIsInFsMode=false
02-16 16:48:17.051  3154  3179 E ClipAnimationHelper: updateSourceStack  mSourceInsets=Rect(0, 80 - 0, 0), mSourceStackBounds=Rect(0, 0 - 1080, 2400)
02-16 16:48:17.051  3154  3179 E ClipAnimationHelper: updateHomeStack  mSourceInsets=Rect(0, 80 - 0, 0), mHomeStackBounds=Rect(0, 0 - 1080, 2400)
02-16 16:48:17.051  3154  3179 E ClipAnimationHelper: updateTargetRect  mSourceRect=RectF(0.0, 80.0, 1080.0, 2474.383)   mTargetRect=RectF(305.0, 80.0, 775.0, 1122.0)   mSourceWindowClipInsets=RectF(0.0, 80.0, 0.0, 0.0)   mHomeStackBounds=Rect(0, 0 - 1080, 2400)   targetRect=Rect(305, 80 - 775, 1122)
02-16 16:48:17.051  3154  3179 D RecentsAnimationListenerImpl: mIsStart=true
02-16 16:48:17.051  3154  3154 D Launcher.DeviceConfig: getDeviceProfile :orientation =  1
02-16 16:48:17.052  3154  3491 W DimLayer: removeDimLayer
02-16 16:48:17.052  3154  3491 W DimLayer: createDimLayer
02-16 16:48:17.052  1038  3456 W SurfaceFlinger: eEarlyWakeup is deprecated. Use eExplicitEarlyWakeup[Start|End]
02-16 16:48:17.053  3154  3491 W GestureStateMachine: AppDragState msg=3
02-16 16:48:17.053  1038  2986 W SurfaceFlinger: eEarlyWakeup is deprecated. Use eExplicitEarlyWakeup[Start|End]
02-16 16:48:17.054  3154  3154 D Launcher.DeviceConfig: getDeviceProfile :orientation =  1
02-16 16:48:16.088     0     0 I [bq25790] bq25790_fv_check: vcell:8673000, fv:8900000, fv_max:8905000
02-16 16:48:16.089     0     0 I [bq25790] bq25790_update_status: vbus:4667000,vbat:8733000, ibus:458000,ichg:-16000
02-16 16:48:17.059  3154  3491 D Recent.NavStubView: onTouchEvent: action=2, count=1
02-16 16:48:17.059  3154  3491 D Recent.NavStubView: onPointEvent: rawX=562.75476   rawY=2326.058   action=2   mIsInFsMode=false
02-16 16:48:17.060  1038  2986 W SurfaceFlinger: eEarlyWakeup is deprecated. Use eExplicitEarlyWakeup[Start|End]
02-16 16:48:17.060  3154  3491 W GestureStateMachine: AppDragState msg=3
02-16 16:48:17.060  1038  2986 W SurfaceFlinger: eEarlyWakeup is deprecated. Use eExplicitEarlyWakeup[Start|End]
02-16 16:48:17.065  3154  3491 W GestureStateMachine: AppDragState msg=2
02-16 16:48:17.067  3154  3154 D Launcher.ItemIcon: onDetachedFromWindow: title = Facebook
02-16 16:48:17.067  3154  3154 D Launcher.ItemIcon: onDetachedFromWindow: title = Expo Go
02-16 16:48:17.067  3154  3154 D Launcher.ItemIcon: onDetachedFromWindow: title = Eden Optimised
02-16 16:48:17.068  3154  3154 D Launcher.ItemIcon: onDetachedFromWindow: title = DuckStation
02-16 16:48:17.068  3154  3154 D Launcher.ItemIcon: onDetachedFromWindow: title = Drive
02-16 16:48:17.068  3154  3154 D Launcher.ItemIcon: onDetachedFromWindow: title = Downloads
02-16 16:48:17.068  3154  3491 D Recent.NavStubView: onTouchEvent: action=2, count=1
02-16 16:48:17.068  3154  3154 D Launcher.ItemIcon: onDetachedFromWindow: title = Dolphin Emulator
02-16 16:48:17.068  3154  3154 D Launcher.ItemIcon: onDetachedFromWindow: title = Documentos
02-16 16:48:17.068  3154  3491 D Recent.NavStubView: onPointEvent: rawX=559.9147   rawY=2312.252   action=2   mIsInFsMode=false
02-16 16:48:17.068  3154  3154 D Launcher.ItemIcon: onDetachedFromWindow: title = Discord
02-16 16:48:17.068  3154  3154 D Launcher.ItemIcon: onDetachedFromWindow: title = Digitalizador
02-16 16:48:17.068  3154  3154 D Launcher.ItemIcon: onDetachedFromWindow: title = Crunchyroll
02-16 16:48:17.068  3154  3154 D Launcher.ItemIcon: onDetachedFromWindow: title = Contatos
02-16 16:48:17.068  3154  3154 D Launcher.ItemIcon: onDetachedFromWindow: title = Configurações
02-16 16:48:17.068  1038  2986 W SurfaceFlinger: eEarlyWakeup is deprecated. Use eExplicitEarlyWakeup[Start|End]
02-16 16:48:17.069  3154  3154 D Launcher.ItemIcon: onDetachedFromWindow: title = CNH do Brasil
02-16 16:48:17.069  3154  3491 W GestureStateMachine: AppDragState msg=3
02-16 16:48:17.069  3154  3154 D Launcher.ItemIcon: onDetachedFromWindow: title = Clube + Amigo
02-16 16:48:17.069  3154  3154 D Launcher.ItemIcon: onDetachedFromWindow: title = Clima
02-16 16:48:17.069  1038  1819 W SurfaceFlinger: eEarlyWakeup is deprecated. Use eExplicitEarlyWakeup[Start|End]
02-16 16:48:17.069  3154  3154 D Launcher.ItemIcon: onDetachedFromWindow: title = Clickbus
02-16 16:48:17.069  3154  3154 D Launcher.ItemIcon: onDetachedFromWindow: title = Chrome
02-16 16:48:17.069  3154  3154 D Launcher.ItemIcon: onDetachedFromWindow: title = ChatGPT
02-16 16:48:17.069  3154  3154 D Launcher.ItemIcon: onDetachedFromWindow: title = Carteira
02-16 16:48:17.069  3154  3154 D Launcher.ItemIcon: onDetachedFromWindow: title = Car Scanner
02-16 16:48:17.069  3154  3154 D Launcher.ItemIcon: onDetachedFromWindow: title = Canva
02-16 16:48:17.069  3154  3154 D Launcher.ItemIcon: onDetachedFromWindow: title = Câmera
02-16 16:48:17.069  3154  3154 D Launcher.ItemIcon: onDetachedFromWindow: title = Callfilter.app
02-16 16:48:17.070  3154  3154 D Launcher.ItemIcon: onDetachedFromWindow: title = Calculadora
02-16 16:48:17.070  3154  3154 D Launcher.ItemIcon: onDetachedFromWindow: title = BlaBlaCar
02-16 16:48:17.070  3154  3154 D Launcher.ItemIcon: onDetachedFromWindow: title = Arc Player
02-16 16:48:17.070  3154  3154 D Launcher.ItemIcon: onDetachedFromWindow: title = AppINP
02-16 16:48:17.070  3154  3154 D Launcher.ItemIcon: onDetachedFromWindow: title = AliExpress
02-16 16:48:17.070  3154  3154 D Launcher.ItemIcon: onDetachedFromWindow: title = AirScreen
02-16 16:48:17.070  3154  3154 D Launcher.ItemIcon: onDetachedFromWindow: title = Airbnb
02-16 16:48:17.070  3154  3154 D Launcher.ItemIcon: onDetachedFromWindow: title = AI Studio
02-16 16:48:17.070  3154  3154 D Launcher.ItemIcon: onDetachedFromWindow: title = Agenda
02-16 16:48:17.070  3154  3154 D Launcher.ItemIcon: onDetachedFromWindow: title = AetherSX2
02-16 16:48:17.070  3154  3154 D Launcher.ItemIcon: onDetachedFromWindow: title = AccuBattery
02-16 16:48:17.071  3154  3154 D RamdiskManager: current device is support ramdisk ? false
02-16 16:48:17.071  3154  3154 D ShortcutIconJuiInjector: current device does not support ramdisk.
02-16 16:48:17.071  3154  3154 D RamdiskManager: current device is support ramdisk ? false
02-16 16:48:17.071  3154  3154 D ShortcutIconJuiInjector: current device does not support ramdisk.
02-16 16:48:17.071  3154  3154 D RamdiskManager: current device is support ramdisk ? false
02-16 16:48:17.071  3154  3154 D ShortcutIconJuiInjector: current device does not support ramdisk.
02-16 16:48:17.071  1038  1038 E Layer   : setupBlurSurface setupBlurSurface show by com.miui.home/com.miui.home.launcher.Launcher#0
02-16 16:48:17.071  3154  3154 D RamdiskManager: current device is support ramdisk ? false
02-16 16:48:17.071  3154  3154 D ShortcutIconJuiInjector: current device does not support ramdisk.
02-16 16:48:17.071  3154  3154 D RamdiskManager: current device is support ramdisk ? false
02-16 16:48:17.071  3154  3154 D ShortcutIconJuiInjector: current device does not support ramdisk.
02-16 16:48:17.071  3154  3154 D Launcher.ItemIcon: onAttachedToWindow: title = Flud
02-16 16:48:17.071  3154  3154 D Launcher.ItemIcon: onAttachedToWindow: title = Filmora
02-16 16:48:17.071  3154  3154 D Launcher.ItemIcon: onAttachedToWindow: title = Feito
02-16 16:48:17.071  3154  3154 D Launcher.ItemIcon: onAttachedToWindow: title = GitHub
02-16 16:48:17.072  3154  3154 D Launcher.ItemIcon: onAttachedToWindow: title = Gmail
02-16 16:48:17.072  3154  3154 D RamdiskManager: current device is support ramdisk ? false
02-16 16:48:17.072  3154  3154 D ShortcutIconJuiInjector: current device does not support ramdisk.
02-16 16:48:17.072  3154  3154 D RamdiskManager: current device is support ramdisk ? false
02-16 16:48:17.072  3154  3154 D ShortcutIconJuiInjector: current device does not support ramdisk.
02-16 16:48:17.072  3154  3154 D RamdiskManager: current device is support ramdisk ? false
02-16 16:48:17.072  3154  3154 D ShortcutIconJuiInjector: current device does not support ramdisk.
02-16 16:48:17.072  3154  3154 D RamdiskManager: current device is support ramdisk ? false
02-16 16:48:17.072  3154  3154 D ShortcutIconJuiInjector: current device does not support ramdisk.
02-16 16:48:17.072  3154  3154 D RamdiskManager: current device is support ramdisk ? false
02-16 16:48:17.072  3154  3154 D ShortcutIconJuiInjector: current device does not support ramdisk.
02-16 16:48:17.072  3154  3154 D Launcher.ItemIcon: onAttachedToWindow: title = Google
02-16 16:48:17.072  3154  3154 D Launcher.ItemIcon: onAttachedToWindow: title = Google Cloud
02-16 16:48:17.073  3154  3154 D Launcher.ItemIcon: onAttachedToWindow: title = Google Fit
02-16 16:48:17.073  3154  3154 D Launcher.ItemIcon: onAttachedToWindow: title = Gov.br
02-16 16:48:17.073  3154  3154 D Launcher.ItemIcon: onAttachedToWindow: title = Threads
02-16 16:48:17.073  3154  3154 D RamdiskManager: current device is support ramdisk ? false
02-16 16:48:17.073  3154  3154 D ShortcutIconJuiInjector: current device does not support ramdisk.
02-16 16:48:17.073  3154  3154 D RamdiskManager: current device is support ramdisk ? false
02-16 16:48:17.073  3154  3154 D ShortcutIconJuiInjector: current device does not support ramdisk.
02-16 16:48:17.073  3154  3154 D RamdiskManager: current device is support ramdisk ? false
02-16 16:48:17.073  3154  3154 D ShortcutIconJuiInjector: current device does not support ramdisk.
02-16 16:48:17.073  3154  3154 D RamdiskManager: current device is support ramdisk ? false
02-16 16:48:17.073  3154  3154 D ShortcutIconJuiInjector: current device does not support ramdisk.
02-16 16:48:17.074  3154  3154 D RamdiskManager: current device is support ramdisk ? false
02-16 16:48:17.074  3154  3154 D ShortcutIconJuiInjector: current device does not support ramdisk.
02-16 16:48:17.074  3154  3154 D Launcher.ItemIcon: onAttachedToWindow: title = Temas
02-16 16:48:17.074  3154  3154 D Launcher.ItemIcon: onAttachedToWindow: title = Telegram
02-16 16:48:17.074  3154  3154 D Launcher.ItemIcon: onAttachedToWindow: title = Telefone
02-16 16:48:17.074  3154  3154 D Launcher.ItemIcon: onAttachedToWindow: title = Suno
02-16 16:48:17.074  3154  3154 D Launcher.ItemIcon: onAttachedToWindow: title = Steam Link
02-16 16:48:17.075  3154  3154 D RamdiskManager: current device is support ramdisk ? false
02-16 16:48:17.075  3154  3154 D ShortcutIconJuiInjector: current device does not support ramdisk.
02-16 16:48:17.075  3154  3154 D RamdiskManager: current device is support ramdisk ? false
02-16 16:48:17.075  3154  3154 D ShortcutIconJuiInjector: current device does not support ramdisk.
02-16 16:48:17.075  3154  3154 D RamdiskManager: current device is support ramdisk ? false
02-16 16:48:17.075  3154  3154 D ShortcutIconJuiInjector: current device does not support ramdisk.
02-16 16:48:17.075  3154  3154 D RamdiskManager: current device is support ramdisk ? false
02-16 16:48:17.075  3154  3154 D ShortcutIconJuiInjector: current device does not support ramdisk.
02-16 16:48:17.075  3154  3154 D RamdiskManager: current device is support ramdisk ? false
02-16 16:48:17.075  3154  3154 D ShortcutIconJuiInjector: current device does not support ramdisk.
02-16 16:48:17.075  3154  3154 D Launcher.ItemIcon: onAttachedToWindow: title = Steam
02-16 16:48:17.075  3154  3154 D Launcher.ItemIcon: onAttachedToWindow: title = Spotify
02-16 16:48:17.075  3154  3154 D Launcher.ItemIcon: onAttachedToWindow: title = Slack
02-16 16:48:17.076  3154  3154 D Launcher.ItemIcon: onAttachedToWindow: title = SIM Claro
02-16 16:48:17.076  3154  3154 D Launcher.ItemIcon: onAttachedToWindow: title = Shopee
02-16 16:48:17.076  3154  3491 D Recent.NavStubView: onTouchEvent: action=2, count=1
02-16 16:48:17.076  3154  3154 D RamdiskManager: current device is support ramdisk ? false
02-16 16:48:17.076  3154  3154 D ShortcutIconJuiInjector: current device does not support ramdisk.
02-16 16:48:17.076  3154  3154 D RamdiskManager: current device is support ramdisk ? false
02-16 16:48:17.076  3154  3154 D ShortcutIconJuiInjector: current device does not support ramdisk.
02-16 16:48:17.077  3154  3154 D RamdiskManager: current device is support ramdisk ? false
02-16 16:48:17.077  3154  3154 D ShortcutIconJuiInjector: current device does not support ramdisk.
02-16 16:48:17.077  3154  3154 D RamdiskManager: current device is support ramdisk ? false
02-16 16:48:17.077  3154  3154 D ShortcutIconJuiInjector: current device does not support ramdisk.
02-16 16:48:17.077  3154  3154 D RamdiskManager: current device is support ramdisk ? false
02-16 16:48:17.077  3154  3154 D ShortcutIconJuiInjector: current device does not support ramdisk.
02-16 16:48:17.077  3154  3154 D Launcher.ItemIcon: onAttachedToWindow: title = Shark Space
02-16 16:48:17.077  3154  3491 D Recent.NavStubView: onPointEvent: rawX=557.16895   rawY=2297.1133   action=2   mIsInFsMode=false
02-16 16:48:17.077  3154  3154 D Launcher.ItemIcon: onAttachedToWindow: title = Shark Chan
02-16 16:48:17.077  3154  3154 D Launcher.ItemIcon: onAttachedToWindow: title = Segurança
02-16 16:48:17.077  3154  3154 D Launcher.ItemIcon: onAttachedToWindow: title = Rewards
02-16 16:48:17.078  3154  3154 D Launcher.ItemIcon: onAttachedToWindow: title = Revolut
02-16 16:48:17.078  1038  1819 W SurfaceFlinger: eEarlyWakeup is deprecated. Use eExplicitEarlyWakeup[Start|End]
02-16 16:48:17.078  3154  3154 D RamdiskManager: current device is support ramdisk ? false
02-16 16:48:17.078  3154  3154 D ShortcutIconJuiInjector: current device does not support ramdisk.
02-16 16:48:17.078  3154  3154 D RamdiskManager: current device is support ramdisk ? false
02-16 16:48:17.078  3154  3154 D ShortcutIconJuiInjector: current device does not support ramdisk.
02-16 16:48:17.078  3154  3491 W GestureStateMachine: AppDragState msg=3
02-16 16:48:17.078  3154  3154 D RamdiskManager: current device is support ramdisk ? false
02-16 16:48:17.078  3154  3154 D ShortcutIconJuiInjector: current device does not support ramdisk.
02-16 16:48:17.078  3154  3154 D RamdiskManager: current device is support ramdisk ? false
02-16 16:48:17.078  3154  3154 D ShortcutIconJuiInjector: current device does not support ramdisk.
02-16 16:48:17.078  3154  3154 D RamdiskManager: current device is support ramdisk ? false
02-16 16:48:17.078  3154  3154 D ShortcutIconJuiInjector: current device does not support ramdisk.
02-16 16:48:17.078  3154  3154 D Launcher.ItemIcon: onAttachedToWindow: title = Relógio
02-16 16:48:17.078  1038  1819 W SurfaceFlinger: eEarlyWakeup is deprecated. Use eExplicitEarlyWakeup[Start|End]
02-16 16:48:17.079  3154  3154 D Launcher.ItemIcon: onAttachedToWindow: title = Reddit
02-16 16:48:17.079  3154  3154 D Launcher.ItemIcon: onAttachedToWindow: title = Play Store
02-16 16:48:17.079  3154  3154 D Launcher.ItemIcon: onAttachedToWindow: title = Play Console
02-16 16:48:17.079  3154  3154 D Launcher.ItemIcon: onAttachedToWindow: title = Planilhas
02-16 16:48:17.081  3154  3491 W GestureStateMachine: AppDragState msg=2
02-16 16:48:17.081  8464  8464 D KeyMapCenter-KeyMapCenterService: remove key map view：backHome()
02-16 16:48:17.081  2631  2631 I vol.MiuiVolumeDialogImp-plugin: dismissH mShowing:false dialog showing:false reason:2
02-16 16:48:17.081  8464  8464 D KeyMapCenter-KeyMapWindowManager: hideKeyMapView>>
02-16 16:48:17.082  1746  1793 D WindowManager: judge isIgnoreSystemGesture: SWIPE_FROM_BOTTOM
02-16 16:48:17.083  6798  6798 D GameDock-GameDockService: on system dialog showing call back
02-16 16:48:17.084  3154  3491 D Recent.NavStubView: onTouchEvent: action=2, count=1
02-16 16:48:17.084  3154  3491 D Recent.NavStubView: onPointEvent: rawX=554.63947   rawY=2280.277   action=2   mIsInFsMode=false
02-16 16:48:17.085  1038  1819 W SurfaceFlinger: eEarlyWakeup is deprecated. Use eExplicitEarlyWakeup[Start|End]
02-16 16:48:17.085  3154  3491 W GestureStateMachine: AppDragState msg=3
02-16 16:48:17.085  1038  1819 W SurfaceFlinger: eEarlyWakeup is deprecated. Use eExplicitEarlyWakeup[Start|End]
02-16 16:48:17.086  2631  2631 V ShadeControllerImpl: NotificationShadeWindow: com.android.systemui.statusbar.phone.NotificationShadeWindowView{7548adf I.E...... ......ID 0,0-1080,2400} canPanelBeCollapsed(): false
02-16 16:48:17.088  3154  3154 D RamdiskManager: current device is support ramdisk ? false
02-16 16:48:17.088  3154  3154 D ShortcutIconJuiInjector: current device does not support ramdisk.
02-16 16:48:17.090  3154  3154 D RamdiskManager: current device is support ramdisk ? false
02-16 16:48:17.090  3154  3154 D ShortcutIconJuiInjector: current device does not support ramdisk.
02-16 16:48:17.091  3154  3154 D RamdiskManager: current device is support ramdisk ? false
02-16 16:48:17.091  3154  3154 D ShortcutIconJuiInjector: current device does not support ramdisk.
02-16 16:48:17.093  3154  3154 D RamdiskManager: current device is support ramdisk ? false
02-16 16:48:17.093  3154  3154 D ShortcutIconJuiInjector: current device does not support ramdisk.
02-16 16:48:17.093  3154  3491 D Recent.NavStubView: onTouchEvent: action=2, count=1
02-16 16:48:17.093  3154  3491 D Recent.NavStubView: onPointEvent: rawX=552.72894   rawY=2261.0173   action=2   mIsInFsMode=false
02-16 16:48:17.093  1038  3456 W SurfaceFlinger: eEarlyWakeup is deprecated. Use eExplicitEarlyWakeup[Start|End]
02-16 16:48:17.094  3154  3491 W GestureStateMachine: AppDragState msg=3
02-16 16:48:17.094  1038  1819 W SurfaceFlinger: eEarlyWakeup is deprecated. Use eExplicitEarlyWakeup[Start|End]
02-16 16:48:17.094  3154  3154 D RamdiskManager: current device is support ramdisk ? false
02-16 16:48:17.094  3154  3154 D ShortcutIconJuiInjector: current device does not support ramdisk.
02-16 16:48:17.094  3154  3154 D Launcher.ItemIcon: onAttachedToWindow: title = 
02-16 16:48:17.095  3154  3154 I chatty  : uid=10090(com.miui.home) identical 2 lines
02-16 16:48:17.096  3154  3154 D Launcher.ItemIcon: onAttachedToWindow: title = 
02-16 16:48:17.096  3084 10119 D UidStateDetector: notifyUidStateChange: uid 10090 change from 2 to 0
02-16 16:48:17.096  3154  3154 D Launcher.ItemIcon: onAttachedToWindow: title = 
02-16 16:48:17.097  3154  3491 W GestureStateMachine: AppDragState msg=2
02-16 16:48:17.099  1034 14871 I AudioPolicyService: updateUid  uid:10090  state:2 wasActive:1 active:1 insert:1 
02-16 16:48:17.099  1746  2389 I MiuiNetworkPolicy: updateUidState uid = 10090, uidState = 2
02-16 16:48:17.100  1746  2389 I MiuiNetworkPolicy: updateUidState uid = 10265, uidState = 10
02-16 16:48:17.100  1746  2389 I MiuiNetworkPolicy: updateUidState uid = 10265, uidState = 19
02-16 16:48:17.101  3154  3491 D Recent.NavStubView: onTouchEvent: action=2, count=1
02-16 16:48:17.102  1034 14871 I AudioPolicyService: updateUid  uid:10265  state:10 wasActive:0 active:1 insert:1 
02-16 16:48:17.102  3154  3491 D Recent.NavStubView: onPointEvent: rawX=551.5888   rawY=2239.5813   action=2   mIsInFsMode=false
02-16 16:48:17.104  1038  1819 W SurfaceFlinger: eEarlyWakeup is deprecated. Use eExplicitEarlyWakeup[Start|End]
02-16 16:48:17.104  3154  3491 W GestureStateMachine: AppDragState msg=3
02-16 16:48:17.105  1038  1097 W SurfaceFlinger: eEarlyWakeup is deprecated. Use eExplicitEarlyWakeup[Start|End]
02-16 16:48:17.106  1034 14871 I AudioPolicyService: updateUid  uid:10265  state:19 wasActive:0 active:1 insert:1 
02-16 16:48:17.109  3154  3154 D Launcher.ShortcutInfo: getColorFilter:[xyz.aethersx2.android] is normal.
02-16 16:48:17.109  3154  3154 D Launcher.ShortcutInfo: getColorFilter:[com.google.android.calendar] is normal.
02-16 16:48:17.110  3154  3154 D Launcher.ShortcutInfo: getColorFilter:[org.chromium.webapk.a10a01e5701fc0547_v2] is normal.
02-16 16:48:17.110  3154  3154 D Launcher.ShortcutInfo: getColorFilter:[com.airbnb.android] is normal.
02-16 16:48:17.110  3154  3154 D Launcher.ShortcutInfo: getColorFilter:[com.digibites.accubattery] is normal.
02-16 16:48:17.110  3154  3154 D Launcher.ShortcutInfo: getColorFilter:[com.ionitech.airscreen] is normal.
02-16 16:48:17.110  3154  3154 D Launcher.ShortcutInfo: getColorFilter:[com.alibaba.aliexpresshd] is normal.
02-16 16:48:17.110  3154  3154 D Launcher.ShortcutInfo: getColorFilter:[com.insight2026.app] is normal.
02-16 16:48:17.111  3154  3154 D Launcher.ShortcutInfo: getColorFilter:[com.videoplayer.arcplayer] is normal.
02-16 16:48:17.111  3154  3154 D Launcher.ShortcutInfo: getColorFilter:[com.comuto] is normal.
02-16 16:48:17.111  3154  3154 D Launcher.ShortcutInfo: getColorFilter:[com.miui.calculator] is normal.
02-16 16:48:17.111  3154  3154 D Launcher.ShortcutInfo: getColorFilter:[callfilter.app] is normal.
02-16 16:48:17.111  3154  3154 D Launcher.ShortcutInfo: getColorFilter:[com.android.camera] is normal.
02-16 16:48:17.111  3154  3154 D Launcher.ShortcutInfo: getColorFilter:[com.canva.editor] is normal.
02-16 16:48:17.111  1746  1796 V BugManager_JNI: bug message start: fd=409,tag =0X01004803
02-16 16:48:17.111  3154  3154 D Launcher.ShortcutInfo: getColorFilter:[com.ovz.carscanner] is normal.
02-16 16:48:16.143     0     0 E         : [__hawkeye_capture_idle_msg 97]current msg total count=1024 larger than allow
02-16 16:48:16.143     0     0 E         : [libhawkeye_create_msg 196]no idle msg failed
02-16 16:48:16.143     0     0 E         : [__hawkeye_create_msg 41]client fd=16795651,errid=16756740 no empty msg
02-16 16:48:17.111  3154  3491 D Recent.NavStubView: onTouchEvent: action=2, count=1
02-16 16:48:17.111  3154  3154 D Launcher.ShortcutInfo: getColorFilter:[com.google.android.apps.walletnfcrel] is normal.
02-16 16:48:17.112  3154  3154 D Launcher.ShortcutInfo: getColorFilter:[com.android.chrome] is normal.
02-16 16:48:17.112  3154  3154 D Launcher.ShortcutInfo: getColorFilter:[com.clickbus.mobile] is normal.
02-16 16:48:17.112  3154  3154 D Launcher.ShortcutInfo: getColorFilter:[com.miui.weather2] is normal.
02-16 16:48:17.112  3154  3154 D FancyDrawable: setColorFilter
02-16 16:48:17.112  3154  3154 D Launcher.ShortcutInfo: getColorFilter:[com.openai.chatgpt] is normal.
02-16 16:48:17.112  3154  3154 D Launcher.ShortcutInfo: getColorFilter:[inovatech.mercafacil.prado.clube.amigo] is normal.
02-16 16:48:17.112  3154  3154 D Launcher.ShortcutInfo: getColorFilter:[br.gov.serpro.cnhe] is normal.
02-16 16:48:17.113  3154  3491 D Recent.NavStubView: onPointEvent: rawX=551.1167   rawY=2214.888   action=2   mIsInFsMode=false
02-16 16:48:17.113  3154  3154 D Launcher.ShortcutInfo: getColorFilter:[com.android.settings] is normal.
02-16 16:48:17.113  3154  3154 D Launcher.ShortcutInfo: getColorFilter:[com.google.android.contacts] is normal.
02-16 16:48:17.113  3154  3154 D Launcher.ShortcutInfo: getColorFilter:[com.crunchyroll.crunchyroid] is normal.
02-16 16:48:17.113  3154  3154 D Launcher.ShortcutInfo: getColorFilter:[com.xiaomi.scanner] is normal.
02-16 16:48:17.113  3154  3154 D Launcher.ShortcutInfo: getColorFilter:[com.discord] is normal.
02-16 16:48:17.113  3154  3154 D Launcher.ShortcutInfo: getColorFilter:[com.google.android.apps.docs.editors.docs] is normal.
02-16 16:48:17.114  3154  3154 D Launcher.ShortcutInfo: getColorFilter:[org.dolphinemu.dolphinemu] is normal.
02-16 16:48:17.114  3154  3154 D Launcher.ShortcutInfo: getColorFilter:[com.android.providers.downloads.ui] is normal.
02-16 16:48:17.114  3154  3154 D Launcher.ShortcutInfo: getColorFilter:[com.google.android.apps.docs] is normal.
02-16 16:48:17.114  3154  3154 D Launcher.ShortcutInfo: getColorFilter:[com.github.stenzek.duckstation] is normal.
02-16 16:48:17.114  3154  3154 D Launcher.ShortcutInfo: getColorFilter:[com.miHoYo.Yuanshen] is normal.
02-16 16:48:17.114  3154  3154 D Launcher.ShortcutInfo: getColorFilter:[host.exp.exponent] is normal.
02-16 16:48:17.115  3154  3154 D Launcher.ShortcutInfo: getColorFilter:[com.facebook.katana] is normal.
02-16 16:48:17.115  1038  1819 W SurfaceFlinger: eEarlyWakeup is deprecated. Use eExplicitEarlyWakeup[Start|End]
02-16 16:48:17.115  3154  3491 W GestureStateMachine: AppDragState msg=3
02-16 16:48:17.116  1038  3456 W SurfaceFlinger: eEarlyWakeup is deprecated. Use eExplicitEarlyWakeup[Start|End]
02-16 16:48:17.116  3154  3491 W GestureStateMachine: AppDragState msg=2
02-16 16:48:17.117  3154  3154 D Launcher.DeviceConfig: getDeviceProfile :orientation =  1
02-16 16:48:17.118  3154  3154 D Launcher.DeviceConfig: getDeviceProfile :orientation =  1
02-16 16:48:17.118  3154  3491 D Recent.NavStubView: onTouchEvent: action=2, count=1
02-16 16:48:17.119  3154  3491 D Recent.NavStubView: onPointEvent: rawX=550.8068   rawY=2182.5354   action=2   mIsInFsMode=false
02-16 16:48:17.119  1038  1819 W SurfaceFlinger: eEarlyWakeup is deprecated. Use eExplicitEarlyWakeup[Start|End]
02-16 16:48:17.119  3154  3491 W GestureStateMachine: AppDragState msg=3
02-16 16:48:17.120  1038  3456 W SurfaceFlinger: eEarlyWakeup is deprecated. Use eExplicitEarlyWakeup[Start|End]
02-16 16:48:17.125  3154  3491 D Recent.NavStubView: onTouchEvent: action=2, count=1
02-16 16:48:17.126  3154  3491 D Recent.NavStubView: onPointEvent: rawX=553.0048   rawY=2144.015   action=2   mIsInFsMode=false
02-16 16:48:17.127  1038  3456 W SurfaceFlinger: eEarlyWakeup is deprecated. Use eExplicitEarlyWakeup[Start|End]
02-16 16:48:17.127  3154  3491 W GestureStateMachine: AppDragState msg=3
02-16 16:48:17.128  1038  3456 W SurfaceFlinger: eEarlyWakeup is deprecated. Use eExplicitEarlyWakeup[Start|End]
02-16 16:48:17.130  1746  2356 D MIUIInput: [MotionEvent] publisher action=0x1, 214618411, channel '8ff2554 GestureStub (server)'
02-16 16:48:17.130  1746  2356 D MIUIInput: [MotionEvent]  Pointer 0: id=0, x=554.750000, y=2122.312500, pressure=1.000000
02-16 16:48:17.131  3154  3491 D Recent.NavStubView: onTouchEvent: action=2, count=1
02-16 16:48:17.131  3154  3491 D Recent.NavStubView: onTouchEvent: action=1, count=1
02-16 16:48:17.131  3154  3491 D Recent.NavStubView: ACTION_UP: mIsGestureStarted: true
02-16 16:48:17.131  3154  3491 D Recent.NavStubView: onPointEvent: rawX=554.75   rawY=2122.3125   action=2   mIsInFsMode=false
02-16 16:48:17.132  1038  3456 W SurfaceFlinger: eEarlyWakeup is deprecated. Use eExplicitEarlyWakeup[Start|End]
02-16 16:48:17.133  3154  3491 D Recent.NavStubView: onPointEvent: rawX=554.75   rawY=2122.3125   action=1   mIsInFsMode=false
02-16 16:48:17.133  3154  3491 D Recent.NavStubView: enableInputProxy()
02-16 16:48:17.133  3154  3491 D Recent.NavStubView: isFastPullUp  mPivotLocY=2263   mFollowTailY=2346.9185   TAIL_GAP=25   vx=0.23427452   vy=-4.8174577
02-16 16:48:17.133  3154  3491 W GestureStateMachine: AppDragState msg=3
02-16 16:48:17.133  1038  3456 W SurfaceFlinger: eEarlyWakeup is deprecated. Use eExplicitEarlyWakeup[Start|End]
02-16 16:48:17.134  3154  3491 W GestureStateMachine: AppDragState msg=5
02-16 16:48:17.134  3154  3491 D Recent.NavStubView: performAppToHome
02-16 16:48:17.134  3154  3491 D Recent.NavStubView: startAppToHomeAnim, isQuickSwich=false, isUseSimpleAnim=false
02-16 16:48:17.134  3154  3491 D Recent.NavStubView: startAppToHomeAnim, homeRotationStartRectF=RectF(68.312775, 204.79663, 981.57166, 2128.75), homeRotationTargetRectF=RectF(451.0, 1533.0, 629.0, 1711.0), homeRotation=0, currentDisplayRotation=0, icon=com.miui.home.launcher.AppIcon{39f8c53 VFE...CL. ........ 439,1293-642,1608}(Configurações)
02-16 16:48:17.134  3154  3491 D Recent.NavStubView: ===>>>finalization executed from: performAppToHome
02-16 16:48:17.134  3154  3491 E RotationHelper: setCurrentTransitionRequest: request=0
02-16 16:48:17.134  3154  3491 E RotationHelper: notifyChange activityFlags=1, mMultiWindowRotationRequest=3, mCurrentTransitionRequest=0, mCurrentStateRequest=0
02-16 16:48:17.135  1038  3456 W SurfaceFlinger: eEarlyWakeup is deprecated. Use eExplicitEarlyWakeup[Start|End]
02-16 16:48:17.135  3154  3154 D Recent.NavStubView: startHomeFadeInAnim
02-16 16:48:17.135  3154  3154 D Launcher: changeViewByFsGestureState,  view=ShortcutMenuLayer,  alpha=0.0,  scale=0.75
02-16 16:48:17.135  3154  3154 E BlurUtils: fastBlur ratio=0.0   withAnim=true   sBlurRatioValue=1.0
02-16 16:48:17.135  3154  3489 I Launcher: notifyPowerKeeperGesture status: to_home
02-16 16:48:17.135  3154  3154 D Launcher: onHomeIntentCallback:0
02-16 16:48:17.135  3154  3154 D Recent.NavStubView: startAppToHomeInMainThread
02-16 16:48:17.135  3154  3154 E FloatingIconView: recycle
02-16 16:48:17.135  3154  3154 D FloatingIconViewJuiInjector: onInit:com.miui.home.launcher.AppIcon{39f8c53 VFE...CL. ........ 439,1293-642,1608}(Configurações)
02-16 16:48:17.136  3154  3154 D FloatingIconView: init, icon=com.miui.home.launcher.AppIcon{39f8c53 VFE...CL. ........ 439,1293-642,1608}(Configurações), isOpening=false, mIsAdaptiveIcon=false, iconOffset=0
02-16 16:48:17.136  3154  3154 D FloatingIconView: onAnimationStart
02-16 16:48:17.136  3154  3154 D Recent.NavStubView: startAppToHomeInMainThread mAppToHomeAnim2 start, icon=com.miui.home.launcher.AppIcon{39f8c53 VFE...CL. .......D 439,1293-642,1608}(Configurações)
02-16 16:48:17.136  3154  3381 E StateBroadcastUtils: sendFsStateBroadCast state=crossSafeArea   channel=gesture
02-16 16:48:17.137  2631  2631 D StatusBar: disable<e i a s b h r c s > disable2<q i n >
02-16 16:48:17.137  1746  1802 D ArtManagerInternalImpl: /data/misc/iorapd/com.miui.home/423003249/com.miui.home.launcher.Launcher/compiled_traces/compiled_trace.pb doesn't exist
02-16 16:48:17.138  3154  3381 E StateBroadcastUtils: sendFsStateBroadCast state=toHome   channel=gesture
02-16 16:48:17.142  3154  3154 D Launcher: changeViewByFsGestureState,  view=ShortcutMenuLayer,  alpha=0.0,  scale=0.75
02-16 16:48:17.142  1038  1097 W SurfaceFlinger: eEarlyWakeup is deprecated. Use eExplicitEarlyWakeup[Start|End]
02-16 16:48:17.142  1038  3456 W SurfaceFlinger: eEarlyWakeup is deprecated. Use eExplicitEarlyWakeup[Start|End]
02-16 16:48:17.143  2631  2631 D StatusBar: disable<e i a s b h r c s > disable2<q i n >
02-16 16:48:17.146  1746 14161 D MIUIInput: [FoucsChange]: Display  0 FocusedWindow From Window{52c27a4 mode=0 rootTaskId=5069 u0 com.android.settings/com.android.settings.SubSettings}(1,1)  to recents_animation_input_consumer(1,1)
02-16 16:48:17.150  3154  3154 D Launcher: changeViewByFsGestureState,  view=ShortcutMenuLayer,  alpha=0.012576388,  scale=0.7531441
02-16 16:48:17.150  3154  3154 E BlurUtils: fastBlurDirectly ratio=0.9974755   win=com.android.internal.policy.MiuiPhoneWindow@27e7d27
02-16 16:48:17.151  1038  3456 W SurfaceFlinger: eEarlyWakeup is deprecated. Use eExplicitEarlyWakeup[Start|End]
02-16 16:48:17.151  1038  3456 W SurfaceFlinger: eEarlyWakeup is deprecated. Use eExplicitEarlyWakeup[Start|End]
02-16 16:48:17.152  3154  3177 W System  : A resource failed to call release. 
02-16 16:48:17.153  2631  2631 V KeyguardStatusView: Enable transport text marquee
02-16 16:48:17.153  3154  3177 W System  : A resource failed to call release. 
02-16 16:48:17.153  3154  3177 W System  : A resource failed to call release. 
02-16 16:48:17.158  3154  3154 D Launcher: changeViewByFsGestureState,  view=ShortcutMenuLayer,  alpha=0.050276447,  scale=0.7625691
02-16 16:48:17.159  1038  1819 W SurfaceFlinger: eEarlyWakeup is deprecated. Use eExplicitEarlyWakeup[Start|End]
02-16 16:48:17.159  1038  1819 W SurfaceFlinger: eEarlyWakeup is deprecated. Use eExplicitEarlyWakeup[Start|End]
02-16 16:48:17.167  3154  3154 D Launcher: changeViewByFsGestureState,  view=ShortcutMenuLayer,  alpha=0.097727284,  scale=0.7744318
02-16 16:48:17.167  3154  3154 E BlurUtils: fastBlurDirectly ratio=0.97552824   win=com.android.internal.policy.MiuiPhoneWindow@27e7d27
02-16 16:48:17.167  1038  1097 W SurfaceFlinger: eEarlyWakeup is deprecated. Use eExplicitEarlyWakeup[Start|End]
02-16 16:48:17.167  1038  2986 W SurfaceFlinger: eEarlyWakeup is deprecated. Use eExplicitEarlyWakeup[Start|End]
02-16 16:48:17.175  3154  3154 D Launcher: changeViewByFsGestureState,  view=ShortcutMenuLayer,  alpha=0.1532877,  scale=0.7883219
02-16 16:48:17.175  1038  2986 W SurfaceFlinger: eEarlyWakeup is deprecated. Use eExplicitEarlyWakeup[Start|End]
02-16 16:48:17.175  1038  1819 W SurfaceFlinger: eEarlyWakeup is deprecated. Use eExplicitEarlyWakeup[Start|End]
02-16 16:48:17.183  3154  3154 D Launcher: changeViewByFsGestureState,  view=ShortcutMenuLayer,  alpha=0.22102372,  scale=0.80525595
02-16 16:48:16.214     0     0 I msm_dwc3_perf_vote_work: in_perf_mode:0, interrupts in last sample:0
02-16 16:48:17.183  3154  3154 E BlurUtils: fastBlurDirectly ratio=0.9319617   win=com.android.internal.policy.MiuiPhoneWindow@27e7d27
02-16 16:48:17.184  1038  1097 W SurfaceFlinger: eEarlyWakeup is deprecated. Use eExplicitEarlyWakeup[Start|End]
02-16 16:48:17.184  1038  1097 W SurfaceFlinger: eEarlyWakeup is deprecated. Use eExplicitEarlyWakeup[Start|End]
02-16 16:48:17.191  3154  3154 D Launcher: changeViewByFsGestureState,  view=ShortcutMenuLayer,  alpha=0.2829467,  scale=0.82073665
02-16 16:48:17.192  1038  2986 W SurfaceFlinger: eEarlyWakeup is deprecated. Use eExplicitEarlyWakeup[Start|End]
02-16 16:48:17.192  1038  2986 W SurfaceFlinger: eEarlyWakeup is deprecated. Use eExplicitEarlyWakeup[Start|End]
02-16 16:48:17.200  3154  3154 D Launcher: changeViewByFsGestureState,  view=ShortcutMenuLayer,  alpha=0.3444783,  scale=0.8361196
02-16 16:48:17.200  3154  3154 E BlurUtils: fastBlurDirectly ratio=0.8729706   win=com.android.internal.policy.MiuiPhoneWindow@27e7d27
02-16 16:48:17.200  1038  3456 W SurfaceFlinger: eEarlyWakeup is deprecated. Use eExplicitEarlyWakeup[Start|End]
02-16 16:48:17.200  1038  3456 W SurfaceFlinger: eEarlyWakeup is deprecated. Use eExplicitEarlyWakeup[Start|End]
02-16 16:48:17.208  3154  3154 D Launcher: changeViewByFsGestureState,  view=ShortcutMenuLayer,  alpha=0.4042625,  scale=0.85106564
02-16 16:48:17.208  1038  2986 W SurfaceFlinger: eEarlyWakeup is deprecated. Use eExplicitEarlyWakeup[Start|End]
02-16 16:48:17.209  1038  2986 W SurfaceFlinger: eEarlyWakeup is deprecated. Use eExplicitEarlyWakeup[Start|End]
02-16 16:48:17.216  3154  3154 D Launcher: changeViewByFsGestureState,  view=ShortcutMenuLayer,  alpha=0.4682842,  scale=0.86707103
02-16 16:48:17.216  3154  3154 E BlurUtils: fastBlurDirectly ratio=0.7938927   win=com.android.internal.policy.MiuiPhoneWindow@27e7d27
02-16 16:48:17.217  1038  2986 W SurfaceFlinger: eEarlyWakeup is deprecated. Use eExplicitEarlyWakeup[Start|End]
02-16 16:48:17.217  1038  1097 W SurfaceFlinger: eEarlyWakeup is deprecated. Use eExplicitEarlyWakeup[Start|End]
02-16 16:48:17.224  3154  3154 D Launcher: changeViewByFsGestureState,  view=ShortcutMenuLayer,  alpha=0.52166533,  scale=0.88041633
02-16 16:48:17.225  1038  1097 W SurfaceFlinger: eEarlyWakeup is deprecated. Use eExplicitEarlyWakeup[Start|End]
02-16 16:48:17.225  1038  1097 W SurfaceFlinger: eEarlyWakeup is deprecated. Use eExplicitEarlyWakeup[Start|End]
02-16 16:48:17.233  3154  3154 D Launcher: changeViewByFsGestureState,  view=ShortcutMenuLayer,  alpha=0.5713768,  scale=0.8928442
02-16 16:48:17.233  3154  3154 E BlurUtils: fastBlurDirectly ratio=0.70718783   win=com.android.internal.policy.MiuiPhoneWindow@27e7d27
02-16 16:48:17.233  1038  3456 W SurfaceFlinger: eEarlyWakeup is deprecated. Use eExplicitEarlyWakeup[Start|End]
02-16 16:48:17.233  3154  3521 D Recent.NavStubView: NavStubView::exitSmallWindowCrop
02-16 16:48:17.233  1038  2986 W SurfaceFlinger: eEarlyWakeup is deprecated. Use eExplicitEarlyWakeup[Start|End]
02-16 16:48:17.241  3154  3154 D Launcher: changeViewByFsGestureState,  view=ShortcutMenuLayer,  alpha=0.61726964,  scale=0.9043174
02-16 16:48:17.241  1038  1819 W SurfaceFlinger: eEarlyWakeup is deprecated. Use eExplicitEarlyWakeup[Start|End]
02-16 16:48:17.242  1038  1819 W SurfaceFlinger: eEarlyWakeup is deprecated. Use eExplicitEarlyWakeup[Start|End]
02-16 16:48:17.245  1038  3456 W SurfaceFlinger: eEarlyWakeup is deprecated. Use eExplicitEarlyWakeup[Start|End]
02-16 16:48:17.245  1388  3341 I OMX-VDEC-1080P: set_frame_rate: the current time is 164817
02-16 16:48:17.247  1388  3341 I chatty  : uid=1046(mediacodec) VideoDecMsgThre identical 1 line
02-16 16:48:17.247  1388  3341 I OMX-VDEC-1080P: set_frame_rate: the current time is 164817
