02-16 16:44:30.067 17348 10368 W PhBaseOp: druw: 29537: Stale snapshot for com.google.android.gms.gmslogger#com.google.android.gms(new configuration available)
02-16 16:44:30.067 17348 10368 W PhBaseOp: 	at drwu.d(:com.google.android.gms@260438022@26.04.38 (150400-867839860):480)
02-16 16:44:30.067 17348 10368 W PhBaseOp: 	at drwu.b(:com.google.android.gms@260438022@26.04.38 (150400-867839860):44)
02-16 16:44:30.067 17348 10368 W PhBaseOp: 	at drwt.i(:com.google.android.gms@260438022@26.04.38 (150400-867839860):3)
02-16 16:44:30.067 17348 10368 W PhBaseOp: 	at drwp.h(:com.google.android.gms@260438022@26.04.38 (150400-867839860):31)
02-16 16:44:30.067 17348 10368 W PhBaseOp: 	at drwp.f(:com.google.android.gms@260438022@26.04.38 (150400-867839860):13)
02-16 16:44:30.067 17348 10368 W PhBaseOp: 	at cnfo.fz(:com.google.android.gms@260438022@26.04.38 (150400-867839860):1)
02-16 16:44:30.067 17348 10368 W PhBaseOp: 	at cnfs.run(:com.google.android.gms@260438022@26.04.38 (150400-867839860):118)
02-16 16:44:30.067 17348 10368 W PhBaseOp: 	at fkmy.run(:com.google.android.gms@260438022@26.04.38 (150400-867839860):19)
02-16 16:44:30.067 17348 10368 W PhBaseOp: 	at bcqz.c(:com.google.android.gms@260438022@26.04.38 (150400-867839860):50)
02-16 16:44:30.067 17348 10368 W PhBaseOp: 	at bcqz.run(:com.google.android.gms@260438022@26.04.38 (150400-867839860):73)
02-16 16:44:30.067 17348 10368 W PhBaseOp: 	at java.util.concurrent.ThreadPoolExecutor.runWorker(ThreadPoolExecutor.java:1167)
02-16 16:44:30.067 17348 10368 W PhBaseOp: 	at java.util.concurrent.ThreadPoolExecutor$Worker.run(ThreadPoolExecutor.java:641)
02-16 16:44:30.067 17348 10368 W PhBaseOp: 	at bcwq.run(:com.google.android.gms@260438022@26.04.38 (150400-867839860):8)
02-16 16:44:30.067 17348 10368 W PhBaseOp: 	at java.lang.Thread.run(Thread.java:923)
02-16 16:44:30.067 17348 10368 W AsyncOperation: operation=CommitToConfigurationOperationCall, opStatusCode=29537 [CONTEXT service_id=51 ]
02-16 16:44:30.067 17348 10368 W AsyncOperation: OperationException[Status{statusCode=Stale snapshot for com.google.android.gms.gmslogger#com.google.android.gms(new configuration available), resolution=null}]
02-16 16:44:30.067 17348 10368 W AsyncOperation: 	at drwp.h(:com.google.android.gms@260438022@26.04.38 (150400-867839860):61)
02-16 16:44:30.067 17348 10368 W AsyncOperation: 	at drwp.f(:com.google.android.gms@260438022@26.04.38 (150400-867839860):13)
02-16 16:44:30.067 17348 10368 W AsyncOperation: 	at cnfo.fz(:com.google.android.gms@260438022@26.04.38 (150400-867839860):1)
02-16 16:44:30.067 17348 10368 W AsyncOperation: 	at cnfs.run(:com.google.android.gms@260438022@26.04.38 (150400-867839860):118)
02-16 16:44:30.067 17348 10368 W AsyncOperation: 	at fkmy.run(:com.google.android.gms@260438022@26.04.38 (150400-867839860):19)
02-16 16:44:30.067 17348 10368 W AsyncOperation: 	at bcqz.c(:com.google.android.gms@260438022@26.04.38 (150400-867839860):50)
02-16 16:44:30.067 17348 10368 W AsyncOperation: 	at bcqz.run(:com.google.android.gms@260438022@26.04.38 (150400-867839860):73)
02-16 16:44:30.067 17348 10368 W AsyncOperation: 	at java.util.concurrent.ThreadPoolExecutor.runWorker(ThreadPoolExecutor.java:1167)
02-16 16:44:30.067 17348 10368 W AsyncOperation: 	at java.util.concurrent.ThreadPoolExecutor$Worker.run(ThreadPoolExecutor.java:641)
02-16 16:44:30.067 17348 10368 W AsyncOperation: 	at bcwq.run(:com.google.android.gms@260438022@26.04.38 (150400-867839860):8)
02-16 16:44:30.067 17348 10368 W AsyncOperation: 	at java.lang.Thread.run(Thread.java:923)
02-16 16:44:30.110 17348 25892 W PhBaseOp: Phenotype API error. Event: # hdsn@92344e16, EventCode: COMMIT_CONFIG [CONTEXT service_id=51 ]
02-16 16:44:30.110 17348 25892 W PhBaseOp: druw: 29537: Stale snapshot for com.google.android.gms.gaia_experiments#com.google.android.gms(new configuration available)
02-16 16:44:30.110 17348 25892 W PhBaseOp: 	at drwu.d(:com.google.android.gms@260438022@26.04.38 (150400-867839860):480)
02-16 16:44:30.110 17348 25892 W PhBaseOp: 	at drwu.b(:com.google.android.gms@260438022@26.04.38 (150400-867839860):44)
02-16 16:44:30.110 17348 25892 W PhBaseOp: 	at drwt.i(:com.google.android.gms@260438022@26.04.38 (150400-867839860):3)
02-16 16:44:30.110 17348 25892 W PhBaseOp: 	at drwp.h(:com.google.android.gms@260438022@26.04.38 (150400-867839860):31)
02-16 16:44:30.110 17348 25892 W PhBaseOp: 	at drwp.f(:com.google.android.gms@260438022@26.04.38 (150400-867839860):13)
02-16 16:44:30.110 17348 25892 W PhBaseOp: 	at cnfo.fz(:com.google.android.gms@260438022@26.04.38 (150400-867839860):1)
02-16 16:44:30.110 17348 25892 W PhBaseOp: 	at cnfs.run(:com.google.android.gms@260438022@26.04.38 (150400-867839860):118)
02-16 16:44:30.110 17348 25892 W PhBaseOp: 	at fkmy.run(:com.google.android.gms@260438022@26.04.38 (150400-867839860):19)
02-16 16:44:30.110 17348 25892 W PhBaseOp: 	at bcqz.c(:com.google.android.gms@260438022@26.04.38 (150400-867839860):50)
02-16 16:44:30.110 17348 25892 W PhBaseOp: 	at bcqz.run(:com.google.android.gms@260438022@26.04.38 (150400-867839860):73)
02-16 16:44:30.110 17348 25892 W PhBaseOp: 	at java.util.concurrent.ThreadPoolExecutor.runWorker(ThreadPoolExecutor.java:1167)
02-16 16:44:30.110 17348 25892 W PhBaseOp: 	at java.util.concurrent.ThreadPoolExecutor$Worker.run(ThreadPoolExecutor.java:641)
02-16 16:44:30.110 17348 25892 W PhBaseOp: 	at bcwq.run(:com.google.android.gms@260438022@26.04.38 (150400-867839860):8)
02-16 16:44:30.110 17348 25892 W PhBaseOp: 	at java.lang.Thread.run(Thread.java:923)
02-16 16:44:30.110 17348 25892 W AsyncOperation: operation=CommitToConfigurationOperationCall, opStatusCode=29537 [CONTEXT service_id=51 ]
02-16 16:44:30.110 17348 25892 W AsyncOperation: OperationException[Status{statusCode=Stale snapshot for com.google.android.gms.gaia_experiments#com.google.android.gms(new configuration available), resolution=null}]
02-16 16:44:30.110 17348 25892 W AsyncOperation: 	at drwp.h(:com.google.android.gms@260438022@26.04.38 (150400-867839860):61)
02-16 16:44:30.110 17348 25892 W AsyncOperation: 	at drwp.f(:com.google.android.gms@260438022@26.04.38 (150400-867839860):13)
02-16 16:44:30.110 17348 25892 W AsyncOperation: 	at cnfo.fz(:com.google.android.gms@260438022@26.04.38 (150400-867839860):1)
02-16 16:44:30.110 17348 25892 W AsyncOperation: 	at cnfs.run(:com.google.android.gms@260438022@26.04.38 (150400-867839860):118)
02-16 16:44:30.110 17348 25892 W AsyncOperation: 	at fkmy.run(:com.google.android.gms@260438022@26.04.38 (150400-867839860):19)
02-16 16:44:30.110 17348 25892 W AsyncOperation: 	at bcqz.c(:com.google.android.gms@260438022@26.04.38 (150400-867839860):50)
02-16 16:44:30.110 17348 25892 W AsyncOperation: 	at bcqz.run(:com.google.android.gms@260438022@26.04.38 (150400-867839860):73)
02-16 16:44:30.110 17348 25892 W AsyncOperation: 	at java.util.concurrent.ThreadPoolExecutor.runWorker(ThreadPoolExecutor.java:1167)
02-16 16:44:30.110 17348 25892 W AsyncOperation: 	at java.util.concurrent.ThreadPoolExecutor$Worker.run(ThreadPoolExecutor.java:641)
02-16 16:44:30.110 17348 25892 W AsyncOperation: 	at bcwq.run(:com.google.android.gms@260438022@26.04.38 (150400-867839860):8)
02-16 16:44:30.110 17348 25892 W AsyncOperation: 	at java.lang.Thread.run(Thread.java:923)
02-16 16:44:30.140 14109 14127 W TracingHelper: No RequestContext found in the trace or trace not available. [CONTEXT service_id=259 ratelimit_count=1410065408 ]
02-16 16:44:30.211   980  1217 I GameEngine: ThmMonitor: set dynamic fps prop: 0, delta: 0
02-16 16:44:30.243   965  1192 I sensors-hal: batch:180, android.sensor.linear_acceleration/26, period=20000000, max_latency=0
02-16 16:44:30.244   965  1192 I sensors-hal: batch:189, android.sensor.linear_acceleration/26, period=20000000, max_latency=0 request completed
02-16 16:44:30.244   965  1192 I sensors-hal: activate:147, android.sensor.linear_acceleration/26 en=1
02-16 16:44:30.245   965  1192 I sensors-hal: get_qmi_debug_flag:241, support_qmi_debug : false
02-16 16:44:30.249   965  1192 I sensors-hal: activate:158, android.sensor.linear_acceleration/26 en=1 completed
02-16 16:44:30.251   965  1192 I sensors-hal: batch:180, android.sensor.rotation_vector/12, period=20000000, max_latency=0
02-16 16:44:30.251   965  1192 I sensors-hal: batch:189, android.sensor.rotation_vector/12, period=20000000, max_latency=0 request completed
02-16 16:44:30.251   965  1192 I sensors-hal: activate:147, android.sensor.rotation_vector/12 en=1
02-16 16:44:30.251   965  1192 I sensors-hal: get_qmi_debug_flag:241, support_qmi_debug : false
02-16 16:44:30.277   965  1192 I sensors-hal: activate:158, android.sensor.rotation_vector/12 en=1 completed
02-16 16:44:30.294  1746  5282 E BatteryService: condition id: + 1  TimeStamp-> 1771271058362   value->3382000  callingPid->14109
02-16 16:44:30.325 14109 14127 E libc    : Access denied finding property "persist.adb.tls_server.enable"
02-16 16:44:30.318 14109 14109 W Binder:14109_3: type=1400 audit(0.0:3438783): avc: denied { read } for name="u:object_r:system_adbd_prop:s0" dev="tmpfs" ino=3976 scontext=u:r:gmscore_app:s0:c512,c768 tcontext=u:object_r:system_adbd_prop:s0 tclass=file permissive=0 app=com.google.android.gms
02-16 16:44:30.325 14109 14127 E libc    : Access denied finding property "service.adb.tls.port"
02-16 16:44:30.318 14109 14109 W Binder:14109_3: type=1400 audit(0.0:3438784): avc: denied { read } for name="u:object_r:adbd_prop:s0" dev="tmpfs" ino=3840 scontext=u:r:gmscore_app:s0:c512,c768 tcontext=u:object_r:adbd_prop:s0 tclass=file permissive=0 app=com.google.android.gms
02-16 16:44:30.486  1746  5277 D CompatibilityInfo: mCompatibilityFlags - 0
02-16 16:44:30.486  1746  5277 D CompatibilityInfo: applicationDensity - 440
02-16 16:44:30.486  1746  5277 D CompatibilityInfo: applicationScale - 1.0
02-16 16:44:30.488 15081 15081 D BoundBrokerSvc: onBind: Intent { act=com.google.android.gms.checkin.START pkg=com.google.android.gms }
02-16 16:44:30.488 15081 15081 D BoundBrokerSvc: Loading bound service for intent: Intent { act=com.google.android.gms.checkin.START pkg=com.google.android.gms }
02-16 16:44:30.490 15081 17344 I Checkin : [CheckinApiChimeraService] onGetService
02-16 16:44:30.506 11778 14108 W BpBinder: PerfMonitor binderTransact :  time=392ms interface=com.google.android.gms.droidguard.internal.IDroidGuardHandle code=5
02-16 16:44:30.506  1746  5277 E BatteryService: condition id: + 2  TimeStamp-> 1771271068505   value->-50000  callingPid->27630
02-16 16:44:30.507  1746  5277 E BatteryService: condition id: + 4  TimeStamp-> 1771271068506   value->100  callingPid->27630
02-16 16:44:30.544   965  1192 I sensors-hal: flush:209, android.sensor.linear_acceleration/26
02-16 16:44:30.546   965  1192 I sensors-hal: flush:215, android.sensor.linear_acceleration/26 completed
02-16 16:44:30.549   965  1192 I sensors-hal: flush:209, android.sensor.rotation_vector/12
02-16 16:44:30.553   965  1192 I sensors-hal: flush:215, android.sensor.rotation_vector/12 completed
02-16 16:44:30.554  5587  5693 D Be20Peripheral: getConnectTwsEarphoneDevice: null
02-16 16:44:30.555  5587  5693 D Peripheral: onPeripheralDeviceChanged 31  0   1368
02-16 16:44:30.564  1746  5282 E BatteryService: return id:1  cache value:3382000   callingpid:14109
02-16 16:44:30.591 14109 14127 E libc    : Access denied finding property "persist.adb.tls_server.enable"
02-16 16:44:30.586 14109 14109 W Binder:14109_3: type=1400 audit(0.0:3438785): avc: denied { read } for name="u:object_r:system_adbd_prop:s0" dev="tmpfs" ino=3976 scontext=u:r:gmscore_app:s0:c512,c768 tcontext=u:object_r:system_adbd_prop:s0 tclass=file permissive=0 app=com.google.android.gms
02-16 16:44:30.592 14109 14127 E libc    : Access denied finding property "service.adb.tls.port"
02-16 16:44:29.624     0     0 W audit   : audit_lost=3311851 audit_rate_limit=5 audit_backlog_limit=64
02-16 16:44:29.624     0     0 E audit   : rate limit exceeded
02-16 16:44:30.602  1746  5282 D CompatibilityInfo: mCompatibilityFlags - 0
02-16 16:44:30.602  1746  5282 D CompatibilityInfo: applicationDensity - 440
02-16 16:44:30.602  1746  5282 D CompatibilityInfo: applicationScale - 1.0
02-16 16:44:30.605  1746  2389 I MiuiNetworkPolicy: updateUidState uid = 10123, uidState = 4
02-16 16:44:30.605  3084 23993 D UidStateDetector: notifyUidStateChange: uid 10123 change from 3 to 2
02-16 16:44:30.605  1034  3376 I AudioPolicyService: updateUid  uid:10123  state:4 wasActive:1 active:1 insert:1 
02-16 16:44:30.610  1746  2389 I MiuiNetworkPolicy: updateUidState uid = 10123, uidState = 6
02-16 16:44:30.610  3084 23993 D UidStateDetector: notifyUidStateChange: uid 10123 change from 2 to 3
02-16 16:44:30.610  1034  3376 I AudioPolicyService: updateUid  uid:10123  state:6 wasActive:1 active:1 insert:1 
02-16 16:44:30.735 11778 14108 W BpBinder: PerfMonitor binderTransact :  time=228ms interface=com.google.android.gms.droidguard.internal.IDroidGuardHandle code=5
02-16 16:44:30.735 11778 14108 D DGInternalHandle: maybeAddInteractionEvents(): The EventCollector is not initialized. This means that the client hasn't intended to collect any interaction events so far.
02-16 16:44:30.760 11778 14108 D DGInternalHandle: maybeAddInteractionEvents(): The EventCollector is not initialized. This means that the client hasn't intended to collect any interaction events so far.
02-16 16:44:30.778   965   965 I sensors-hal: batch:180, android.sensor.rotation_vector/12, period=20000000, max_latency=0
02-16 16:44:30.778   965   965 I sensors-hal: batch:189, android.sensor.rotation_vector/12, period=20000000, max_latency=0 request completed
02-16 16:44:30.779 11778 11830 I BugleProtoData: TachyonPhoneDataService: Setting probationary values, state: 3, client feature flags: [6, 15, 17], client capabilities extension: [# fnev@903cf161, # fnev@21a40069, # fnev@2ed15938, # fnev@e07b5824, # fnev@d53aab91, # fnev@1575ce86, # fnev@a2ba5d75, # fnev@4e083e2b, # fnev@6e0da6cf, # fnev@5fe00964, # fnev@5a823ddb, # fnev@7f9bd6b7, # fnev@b2051f47, # fnev@db7b0b8c, # fnev@12c40670, # fnev@14f9d732, # fnev@4b92e0b7, # fnev@6db73379, # fnev@5d8c23e4, # fnev@8a0c8992, # fnev@67d273c6, # fnev@67e25aa1, # fnev@2216766b], client caps: [3, 1, 2, 5]
02-16 16:44:30.780   965   965 I sensors-hal: batch:180, android.sensor.linear_acceleration/26, period=20000000, max_latency=0
02-16 16:44:30.780   965   965 I sensors-hal: batch:189, android.sensor.linear_acceleration/26, period=20000000, max_latency=0 request completed
02-16 16:44:30.783   965  1192 I sensors-hal: activate:147, android.sensor.rotation_vector/12 en=0
02-16 16:44:30.783   965  1192 I sensors-hal: activate:158, android.sensor.rotation_vector/12 en=0 completed
02-16 16:44:30.783   965  1192 I sensors-hal: activate:147, android.sensor.linear_acceleration/26 en=0
02-16 16:44:30.784   965  1192 I sensors-hal: activate:158, android.sensor.linear_acceleration/26 en=0 completed
02-16 16:44:30.784 11778 11879 I BugleProtoData: TachyonPhoneDataService: Setting probationary values, state: 3, client feature flags: [6, 15, 17], client capabilities extension: [# fnev@903cf161, # fnev@21a40069, # fnev@2ed15938, # fnev@e07b5824, # fnev@d53aab91, # fnev@1575ce86, # fnev@a2ba5d75, # fnev@4e083e2b, # fnev@6e0da6cf, # fnev@5fe00964, # fnev@5a823ddb, # fnev@7f9bd6b7, # fnev@b2051f47, # fnev@db7b0b8c, # fnev@12c40670, # fnev@14f9d732, # fnev@4b92e0b7, # fnev@6db73379, # fnev@5d8c23e4, # fnev@8a0c8992, # fnev@67d273c6, # fnev@67e25aa1, # fnev@2216766b], client caps: [3, 1, 2, 5]
02-16 16:44:30.807 11778 14104 I CronetEngineBuilderFact: Found Cronet providers: Google-Play-Services-Cronet-Provider, App-Packaged-Cronet-Provider, Fallback-Cronet-Provider
02-16 16:44:30.808 11778 14104 I CronetEngineBuilderFact: Selected Cronet provider is App-Packaged-Cronet-Provider, version 145.0.7582.0
02-16 16:44:30.812 11778 14167 D HttpFlagsLoader: Found application exporting HTTP flags: com.google.android.gms
02-16 16:44:30.812 11778 14167 D HttpFlagsLoader: HTTP flags file path: /data/user_de/0/com.google.android.gms/app_httpflags/flags.binarypb
02-16 16:44:30.816 11778 14167 I HttpFlagsLoader: HTTP flags log line (Impl): Using live production flag values from Google
02-16 16:44:30.817 11778 14104 W linker  : Warning: "/data/app/~~L5WDy5FhuWSV8RLya-GqRg==/com.google.android.apps.messaging-MmPUGaKo5mPjr6W4FYWfyw==/split_config.arm64_v8a.apk!/lib/arm64-v8a/libcronet.145.0.7582.0.so" unused DT entry: unknown processor-specific (type 0x70000001 arg 0x0) (ignoring)
02-16 16:44:30.818  1746  2424 D SlaveWifiManager: getWifiSlaveConnectionInfo
02-16 16:44:30.821  1746  2424 D SlaveWifiManager: getWifiSlaveConnectionInfo
02-16 16:44:30.821  1746  2535 D WIFI_AWARE_FACTORY: got request NetworkRequest [ TRACK_DEFAULT id=8971, [ Capabilities: INTERNET&NOT_RESTRICTED&TRUSTED Uid: 10203 AdministratorUids: [] RequestorUid: 10203 RequestorPackageName: com.google.android.apps.messaging] ] with score 60 and providerId 7
02-16 16:44:30.821  1746  2395 D UntrustedWifiNetworkFactory: got request NetworkRequest [ TRACK_DEFAULT id=8971, [ Capabilities: INTERNET&NOT_RESTRICTED&TRUSTED Uid: 10203 AdministratorUids: [] RequestorUid: 10203 RequestorPackageName: com.google.android.apps.messaging] ] with score 60 and providerId 7
02-16 16:44:30.821  1746  2395 D WifiSlaveNetworkFactory: got request NetworkRequest [ TRACK_DEFAULT id=8971, [ Capabilities: INTERNET&NOT_RESTRICTED&TRUSTED Uid: 10203 AdministratorUids: [] RequestorUid: 10203 RequestorPackageName: com.google.android.apps.messaging] ] with score 60 and providerId 7
02-16 16:44:30.821  1746  2395 D UntrustedWifiNetworkFactory: got request NetworkRequest [ TRACK_DEFAULT id=8971, [ Capabilities: INTERNET&NOT_RESTRICTED&TRUSTED Uid: 10203 AdministratorUids: [] RequestorUid: 10203 RequestorPackageName: com.google.android.apps.messaging] ] with score 60 and providerId 7
02-16 16:44:30.821  1746  2536 D Ethernet: got request NetworkRequest [ TRACK_DEFAULT id=8971, [ Capabilities: INTERNET&NOT_RESTRICTED&TRUSTED Uid: 10203 AdministratorUids: [] RequestorUid: 10203 RequestorPackageName: com.google.android.apps.messaging] ] with score 60 and providerId 7
02-16 16:44:30.821  1746  2395 D WifiNetworkFactory: got request NetworkRequest [ TRACK_DEFAULT id=8971, [ Capabilities: INTERNET&NOT_RESTRICTED&TRUSTED Uid: 10203 AdministratorUids: [] RequestorUid: 10203 RequestorPackageName: com.google.android.apps.messaging] ] with score 60 and providerId 7
02-16 16:44:30.821  3140  3140 D PhoneSwitcherNetworkRequstListener: got request NetworkRequest [ TRACK_DEFAULT id=8971, [ Capabilities: INTERNET&NOT_RESTRICTED&TRUSTED Uid: 10203 AdministratorUids: [] RequestorUid: 10203 RequestorPackageName: com.google.android.apps.messaging] ] with score 60 and providerId 7
02-16 16:44:30.822  1746  2424 D SlaveWifiManager: getWifiSlaveConnectionInfo
02-16 16:44:30.822  1746  2424 D SlaveWifiManager: getWifiSlaveConnectionInfo
02-16 16:44:30.822  3084  3084 D CellularNetworkRequestListener: got request NetworkRequest [ TRACK_DEFAULT id=8971, [ Capabilities: INTERNET&NOT_RESTRICTED&TRUSTED Uid: 10203 AdministratorUids: [] RequestorUid: 10203 RequestorPackageName: com.google.android.apps.messaging] ] with score 60 and providerId 7
02-16 16:44:30.822  1746  2424 D SlaveWifiManager: getWifiSlaveConnectionInfo
02-16 16:44:30.823  1746  2424 D SlaveWifiManager: getWifiSlaveConnectionInfo
02-16 16:44:30.838 11778 14104 I cn_CronetLibraryLoader: Cronet version: 145.0.7582.0, arch: aarch64
02-16 16:44:30.845 11778 14104 I BugleNetwork: Creating gRPC Managed channel with Cronet for usage:[tachyon_phone] [CONTEXT grpc_host="instantmessaging-pa-jms-us.googleapis.com" grpc_port=443 ]
02-16 16:44:30.988  1746  2424 D SlaveWifiManager: getWifiSlaveConnectionInfo
02-16 16:44:30.988  1746  2424 D SlaveWifiManager: getWifiSlaveConnectionInfo
02-16 16:44:30.990  3084  3084 D ModeSwitcher: Rcv RSSI_CHANGED_ACTION mStat=0, mWifiConnected=true
02-16 16:44:30.989  2631  2781 D NetworkController: onReceive: intent=Intent { act=android.net.wifi.RSSI_CHANGED flg=0x4000010 (has extras) }
02-16 16:44:30.992 27343 27388 D QCNEJ/WlanStaInfoRelay: Received action: android.net.wifi.RSSI_CHANGED
02-16 16:44:30.993  3084  3084 D ModeSwitcher: add 3 WifiStatOnCmocmna @1771271070,LostTxPacketsPerSecond=0.0,rssi=-54
02-16 16:44:30.993  3084  3084 D ModeSwitcher: mWifiStatiList size=3, gap=33
02-16 16:44:31.000 20303 20372 I BugleRcsEngine: handleMessage processing message:[NOTIFY_UPTIME_IGNORE_STATE_CHANGED] with [non-null]:RcsEngineImpl reference [CONTEXT log_prefix="RcsEngineImpl[DUAL_REG]:[0dcaf9a8-6ef4]>Handler" thread_id=22784 ]
02-16 16:44:31.000 20303 20342 I BugleRcsEngine: Connected state: [1], networkType: [WIFI] [CONTEXT thread_id=22775 ]
02-16 16:44:31.004 11778 14093 D WM-NetworkStateTracker: Network capabilities changed: [ Transports: WIFI Capabilities: NOT_METERED&INTERNET&NOT_RESTRICTED&TRUSTED&NOT_VPN&VALIDATED&NOT_ROAMING&FOREGROUND&NOT_CONGESTED&NOT_SUSPENDED LinkUpBandwidth>=515137Kbps LinkDnBandwidth>=542250Kbps SignalStrength: -54 AdministratorUids: [] RequestorUid: -1 RequestorPackageName: null]
02-16 16:44:31.006  1746  2389 I MiuiNetworkPolicy: updateUidState uid = 99229, uidState = 5
02-16 16:44:31.006  3084 23441 D UidStateDetector: notifyUidStateChange: uid 99229 change from 3 to 2
02-16 16:44:30.039     0     0 I QCOM-STEPCHG: handle_jeita: handle_jeita: temp:379, fcc_ua:12000000
02-16 16:44:31.008  1034  3376 I AudioPolicyService: updateUid  uid:99229  state:5 wasActive:1 active:1 insert:1 
02-16 16:44:31.009 20303 20372 I BugleRcsEngine: Rcs is enabled from user settings: true [CONTEXT log_prefix="ProvisioningEngineDataRetriever" thread_id=22784 ]
02-16 16:44:31.012 13758 13758 W Looper  : PerfMonitor longMsg : seq=93 plan=16:44:29.978 late=0ms wall=1033ms running=1ms h=X.0m6 c=X.0D6 procState=11
02-16 16:44:30.040     0     0 I QCOM-STEPCHG: taper_fcc_step_chg: cur:1300000, target:6500000, rate:30, vol:8728000 cfg[index-1].value:8000000, low:8460000, high:8699000, hysteresis:30000
02-16 16:44:30.422     0     0 I msm_dwc3_perf_vote_work: in_perf_mode:0, interrupts in last sample:0
02-16 16:44:31.852 11778 14171 I cn_CronetUrlRequestContext: destroyNativeStreamLocked org.chromium.net.impl.CronetBidirectionalStream@abf21fd
02-16 16:44:31.852 11778 14171 I cn_CronetUrlRequestContext: destroyNativeStreamLocked org.chromium.net.impl.CronetBidirectionalStream@66abef2
02-16 16:44:31.856 11778 11879 I BugleNetwork: RegistrationProvider: Received Tachyon registration refresh token
02-16 16:44:31.859 11778 11879 I BugleNetwork: RegistrationProvider: Received Tachyon registration refresh token
02-16 16:44:31.864 11778 14094 I BugleProtoData: TachyonPhoneDataService: Setting probationary values, state: 3, client feature flags: [6, 15, 17], client capabilities extension: [# fnev@903cf161, # fnev@21a40069, # fnev@2ed15938, # fnev@e07b5824, # fnev@d53aab91, # fnev@1575ce86, # fnev@a2ba5d75, # fnev@4e083e2b, # fnev@6e0da6cf, # fnev@5fe00964, # fnev@5a823ddb, # fnev@7f9bd6b7, # fnev@b2051f47, # fnev@db7b0b8c, # fnev@12c40670, # fnev@14f9d732, # fnev@4b92e0b7, # fnev@6db73379, # fnev@5d8c23e4, # fnev@8a0c8992, # fnev@67d273c6, # fnev@67e25aa1, # fnev@2216766b], client caps: [3, 1, 2, 5]
02-16 16:44:31.871 11778 11828 I BugleE2eeEtouffee: EtouffeeStateMachine: onRegistrationUpdate from Tachyon, previousState: REGISTERED_WITH_PREKEYS, newState: REGISTERED_WITH_PREKEYS, reason: TACHYON_UPDATE_REFRESH
02-16 16:44:31.872 11778 11828 I BugleE2eeEtouffee: EtouffeeStateMachine: E2EE provisioning state update, Previous Etouffee status: PROVISIONED, New Etouffee status: PROVISIONED
02-16 16:44:31.872 11778 14104 I BugleProtoData: TachyonPhoneDataService: Setting probationary values, state: 3, client feature flags: [6, 15, 17], client capabilities extension: [# fnev@903cf161, # fnev@21a40069, # fnev@2ed15938, # fnev@e07b5824, # fnev@d53aab91, # fnev@1575ce86, # fnev@a2ba5d75, # fnev@4e083e2b, # fnev@6e0da6cf, # fnev@5fe00964, # fnev@5a823ddb, # fnev@7f9bd6b7, # fnev@b2051f47, # fnev@db7b0b8c, # fnev@12c40670, # fnev@14f9d732, # fnev@4b92e0b7, # fnev@6db73379, # fnev@5d8c23e4, # fnev@8a0c8992, # fnev@67d273c6, # fnev@67e25aa1, # fnev@2216766b], client caps: [3, 1, 2, 5]
02-16 16:44:31.873 11778 11828 I BugleNetwork: Issuing a new PullMessages RPC [CONTEXT PullHandler="TACHYON_REGISTRATION_TYPE_PHONE_NUMBER" ]
02-16 16:44:31.875 11778 11827 I BugleE2eeEtouffee: EtouffeeStateMachine: onRegistrationUpdate from Tachyon, previousState: REGISTERED_WITH_PREKEYS, newState: REGISTERED_WITH_PREKEYS, reason: TACHYON_UPDATE_REFRESH
02-16 16:44:31.875 11778 11827 I BugleE2eeEtouffee: EtouffeeStateMachine: E2EE provisioning state update, Previous Etouffee status: PROVISIONED, New Etouffee status: PROVISIONED
02-16 16:44:31.876 11778 11827 I BugleNetwork: Issuing a new PullMessages RPC [CONTEXT PullHandler="TACHYON_REGISTRATION_TYPE_PHONE_NUMBER" ]
02-16 16:44:31.888 11778 14094 W .apps.messagin: ClassLoaderContext classpath size mismatch. expected=14, found=0 (DLC[];PCL[base.apk*3065568285:base.apk!classes2.dex*3268766306:base.apk!classes3.dex*2843513413:base.apk!classes4.dex*220832387:base.apk!classes5.dex*3740167182:base.apk!classes6.dex*3180699162:base.apk!classes7.dex*3000953131:base.apk!classes8.dex*3931833946:base.apk!classes9.dex*1916331472:base.apk!classes10.dex*2715193237:base.apk!classes11.dex*1280460714:base.apk!classes12.dex*3584490133:base.apk!classes13.dex*655467241:base.apk!classes14.dex*483459455]{PCL[/system/framework/org.apache.http.legacy.jar*317971097]#PCL[/apex/com.android.extservices/javalib/android.ext.adservices.jar*1727077579]#PCL[/system/framework/com.android.location.provider.jar*1664931834]#PCL[/system/framework/com.android.media.remotedisplay.jar*1573936315]#PCL[/apex/com.android.extservices/javalib/android.ext.adservices.jar*1727077579]} | DLC[];PCL[])
02-16 16:44:31.889 11778 14094 I .apps.messagin: Waiting for a blocking GC ClassLinker
02-16 16:44:31.920 11778 14094 I .apps.messagin: WaitForGcToComplete blocked ClassLinker on ProfileSaver for 30.431ms
02-16 16:44:31.921 11778 14094 I DynamiteModule: Considering local module com.google.android.gms.cronet_dynamite:0 and remote module com.google.android.gms.cronet_dynamite:4311
02-16 16:44:31.922 11778 14094 I DynamiteModule: Selected remote version of com.google.android.gms.cronet_dynamite, version >= 4311
02-16 16:44:31.922 11778 14094 V DynamiteModule: Dynamite loader version >= 2, using loadModule2NoCrashUtils
02-16 16:44:31.926 11778 14094 W System  : ClassLoader referenced unknown path: 
02-16 16:44:31.935 11778 14094 W .apps.messagin: ClassLoaderContext classpath size mismatch. expected=14, found=9 (DLC[];PCL[base.apk*3065568285:base.apk!classes2.dex*3268766306:base.apk!classes3.dex*2843513413:base.apk!classes4.dex*220832387:base.apk!classes5.dex*3740167182:base.apk!classes6.dex*3180699162:base.apk!classes7.dex*3000953131:base.apk!classes8.dex*3931833946:base.apk!classes9.dex*1916331472:base.apk!classes10.dex*2715193237:base.apk!classes11.dex*1280460714:base.apk!classes12.dex*3584490133:base.apk!classes13.dex*655467241:base.apk!classes14.dex*483459455]{PCL[/system/framework/org.apache.http.legacy.jar*317971097]#PCL[/apex/com.android.extservices/javalib/android.ext.adservices.jar*1727077579]#PCL[/system/framework/com.android.location.provider.jar*1664931834]#PCL[/system/framework/com.android.media.remotedisplay.jar*1573936315]#PCL[/apex/com.android.extservices/javalib/android.ext.adservices.jar*1727077579]} | DLC[];PCL[/data/app/~~L5WDy5FhuWSV8RLya-GqRg==/com.google.android.apps.messaging-MmPUGaKo5mPjr6W4FYWfyw==/base.apk*2819968707:/data/app/~~L5WDy5FhuWSV8RLya-GqRg==/com.google.android.apps.messaging-MmPUGaKo5mPjr6W4FYWfyw==/base.apk!classes2.dex*2484721928:/data/app/~~L5WDy5FhuWSV8RLya-GqRg==/com.google.android.apps.messaging-MmPUGaKo5mPjr6W4FYWfyw==/base.apk!classes3.dex*3750043149:/data/app/~~L5WDy5FhuWSV8RLya-GqRg==/com.google.android.apps.messaging-MmPUGaKo5mPjr6W4FYWfyw==/base.apk!classes4.dex*3411959900:/data/app/~~L5WDy5FhuWSV8RLya-GqRg==/com.google.android.apps.messaging-MmPUGaKo5mPjr6W4FYWfyw==/base.apk!classes5.dex*1771297766:/data/app/~~L5WDy5FhuWSV8RLya-GqRg==/com.google.android.apps.messaging-MmPUGaKo5mPjr6W4FYWfyw==/base.apk!classes6.dex*1927338695:/data/app/~~L5WDy5FhuWSV8RLya-GqRg==/com.google.android.apps.messaging-MmPUGaKo5mPjr6W4FYWfyw==/base.apk!classes7.dex*2777516239:/data/app/~~L5WDy5FhuWSV8RLya-GqRg==/com.google.android.apps.messaging-MmPUGaKo5mPjr6W4FYWfyw==/base.apk!classes8.dex*1242263510:/data/app/~~L5WDy5FhuWSV8RLya-GqRg==/com.google.android.apps.messaging-MmPUGaKo5mPjr6W4FYWfyw==/base.apk!classes9.dex*1307440392]{PCL[/system/framework/org.apache.http.legacy.jar*317971097]})
02-16 16:44:31.941 11778 14094 W .apps.messagin: Found duplicate classes, falling back to extracting from APK : /data/app/~~w163CM3z102azX2JQUF9jQ==/com.google.android.gms-KNgEvynos1YAOlhOB33SvQ==/split_CronetDynamite_installtime.apk
02-16 16:44:31.941 11778 14094 W .apps.messagin: NOTE: This wastes RAM and hurts startup performance.
02-16 16:44:31.941 11778 14094 W .apps.messagin: Found duplicated class when checking oat files: 'Landroid/app/AppComponentFactory;' in /data/app/~~L5WDy5FhuWSV8RLya-GqRg==/com.google.android.apps.messaging-MmPUGaKo5mPjr6W4FYWfyw==/base.apk and /data/app/~~w163CM3z102azX2JQUF9jQ==/com.google.android.gms-KNgEvynos1YAOlhOB33SvQ==/split_CronetDynamite_installtime.apk
02-16 16:44:32.013  1746  2389 I MiuiNetworkPolicy: updateUidState uid = 99229, uidState = 10
02-16 16:44:32.013  3084 23441 D UidStateDetector: notifyUidStateChange: uid 99229 change from 2 to 3
02-16 16:44:32.013  1034 14871 I AudioPolicyService: updateUid  uid:99229  state:10 wasActive:1 active:1 insert:1 
02-16 16:44:31.063     0     0 I QCOM-STEPCHG: handle_jeita: handle_jeita: temp:379, fcc_ua:12000000
02-16 16:44:32.041 13758 13758 W Looper  : PerfMonitor longMsg : seq=94 plan=16:44:31.011 late=1ms wall=1028ms running=1ms h=X.0m6 c=X.0D6 procState=11
02-16 16:44:32.145 11778 14171 I cn_CronetUrlRequestContext: destroyNativeStreamLocked org.chromium.net.impl.CronetBidirectionalStream@3f1adb2
02-16 16:44:32.146 11778 11902 I BugleNetwork: Pull completed, messagecount: 0, pulledAll: true [CONTEXT PullHandler="TACHYON_REGISTRATION_TYPE_PHONE_NUMBER" ]
02-16 16:44:32.147 11778 11828 I BugleNetwork: End of pullMessagesForPhone
02-16 16:44:32.162 11778 14171 I cn_CronetUrlRequestContext: destroyNativeStreamLocked org.chromium.net.impl.CronetBidirectionalStream@a7f6103
02-16 16:44:32.162 11778 11827 I BugleNetwork: Pull completed, messagecount: 0, pulledAll: true [CONTEXT PullHandler="TACHYON_REGISTRATION_TYPE_PHONE_NUMBER" ]
02-16 16:44:32.163 11778 11828 I BugleNetwork: End of pullMessagesForPhone
02-16 16:44:32.167 11778 11880 I SyncManagerImpl: #sync() complete
02-16 16:44:32.168 11778 11880 I SyncManagerImpl: Completed sync. Scheduling next wakeup
02-16 16:44:32.169 11778 11880 I SyncWorkManagerPeriodic: Scheduling next periodic WorkManager workers
02-16 16:44:32.171 11778 14094 I WM-WorkerWrapper: Worker result SUCCESS for Work [ id=f6556322-d956-4f6d-ab58-09f056143a17, tags={ com.google.apps.tiktok.contrib.work.TikTokListenableWorker,com.google.apps.tiktok.sync.impl.workmanager.SyncPeriodicWorker,TikTokWorker#com.google.apps.tiktok.sync.impl.workmanager.SyncPeriodicWorker } ]
02-16 16:44:32.176 11778 11778 D WM-Processor: sdi f6556322-d956-4f6d-ab58-09f056143a17 executed; reschedule = false
02-16 16:44:32.177 11778 11778 D WM-GreedyScheduler: Stopping tracking for WorkGenerationalId(workSpecId=f6556322-d956-4f6d-ab58-09f056143a17, generation=7823)
02-16 16:44:32.180 11778 14104 D WM-GreedyScheduler: Cancelling work ID d491ab39-ac7c-4bac-a931-baa0eb61ae69
02-16 16:44:32.196 11778 14104 D WM-SystemJobScheduler: Scheduling work ID d491ab39-ac7c-4bac-a931-baa0eb61ae69Job ID 1130
02-16 16:44:32.197 11778 14104 D WM-SystemJobScheduler: Scheduling work ID f6556322-d956-4f6d-ab58-09f056143a17Job ID 1125
02-16 16:44:31.241     0     0 I         : Alarmtimer { Binder:1746_D', '342907497'}
02-16 16:44:31.241     0     0 I alarmtimer_enqueue: comm:Binder:1746_D pid:5203 exp:342907497 func:timerfd_alarmproc
02-16 16:44:31.241     0     0 I         : Alarmtimer { Binder:1746_D', '342907497'}
02-16 16:44:31.241     0     0 I alarmtimer_enqueue: comm:Binder:1746_D pid:5203 exp:342907497 func:timerfd_alarmproc
02-16 16:44:32.210 11778 14104 D WM-GreedyScheduler: Ignoring {WorkSpec: 6161aa74-db82-47d5-acc1-29fd0cbe1b0f}. Requires ContentUri triggers.
02-16 16:44:32.210 11778 14104 D WM-GreedyScheduler: Ignoring {WorkSpec: 17a9b130-ac88-43bc-a1eb-c72cd03aa14e}. Requires device idle.
02-16 16:44:32.210 11778 14104 D WM-GreedyScheduler: Ignoring {WorkSpec: afd1ef73-303f-48e5-84b7-43f76d705c1d}. Requires ContentUri triggers.
02-16 16:44:32.210 11778 14104 D WM-GreedyScheduler: Ignoring {WorkSpec: 74597897-9ea4-4d1f-adec-329893bd4d62}. Requires device idle.
02-16 16:44:32.249 11778 14094 D WM-GreedyScheduler: Cancelling work ID 1f6d6c4c-6de1-48c8-bedf-2472262c790a
02-16 16:44:32.261 11778 14094 D WM-SystemJobScheduler: Scheduling work ID 1f6d6c4c-6de1-48c8-bedf-2472262c790aJob ID 1131
02-16 16:44:32.264 11778 14094 D WM-GreedyScheduler: Ignoring {WorkSpec: 6161aa74-db82-47d5-acc1-29fd0cbe1b0f}. Requires ContentUri triggers.
02-16 16:44:32.264 11778 14094 D WM-GreedyScheduler: Ignoring {WorkSpec: 17a9b130-ac88-43bc-a1eb-c72cd03aa14e}. Requires device idle.
02-16 16:44:32.264 11778 14094 D WM-GreedyScheduler: Ignoring {WorkSpec: afd1ef73-303f-48e5-84b7-43f76d705c1d}. Requires ContentUri triggers.
02-16 16:44:32.264 11778 14094 D WM-GreedyScheduler: Ignoring {WorkSpec: 74597897-9ea4-4d1f-adec-329893bd4d62}. Requires device idle.
02-16 16:44:32.278 11778 14104 D WM-GreedyScheduler: Cancelling work ID 856aff96-a984-44be-b44e-139d9ef41429
02-16 16:44:32.287 11778 14104 D WM-SystemJobScheduler: Scheduling work ID 856aff96-a984-44be-b44e-139d9ef41429Job ID 1132
02-16 16:44:32.288 11778 14104 D WM-GreedyScheduler: Ignoring {WorkSpec: 6161aa74-db82-47d5-acc1-29fd0cbe1b0f}. Requires ContentUri triggers.
02-16 16:44:32.288 11778 14104 D WM-GreedyScheduler: Ignoring {WorkSpec: 17a9b130-ac88-43bc-a1eb-c72cd03aa14e}. Requires device idle.
02-16 16:44:32.288 11778 14104 D WM-GreedyScheduler: Ignoring {WorkSpec: afd1ef73-303f-48e5-84b7-43f76d705c1d}. Requires ContentUri triggers.
02-16 16:44:32.288 11778 14104 D WM-GreedyScheduler: Ignoring {WorkSpec: 74597897-9ea4-4d1f-adec-329893bd4d62}. Requires device idle.
02-16 16:44:32.301 11778 14094 D WM-GreedyScheduler: Cancelling work ID f6556322-d956-4f6d-ab58-09f056143a17
02-16 16:44:32.314 11778 14094 D WM-SystemJobScheduler: Scheduling work ID f6556322-d956-4f6d-ab58-09f056143a17Job ID 1133
02-16 16:44:32.315 11778 14094 D WM-GreedyScheduler: Ignoring {WorkSpec: 6161aa74-db82-47d5-acc1-29fd0cbe1b0f}. Requires ContentUri triggers.
02-16 16:44:32.316 11778 14094 D WM-GreedyScheduler: Ignoring {WorkSpec: 17a9b130-ac88-43bc-a1eb-c72cd03aa14e}. Requires device idle.
02-16 16:44:32.316 11778 14094 D WM-GreedyScheduler: Ignoring {WorkSpec: afd1ef73-303f-48e5-84b7-43f76d705c1d}. Requires ContentUri triggers.
02-16 16:44:32.316 11778 14094 D WM-GreedyScheduler: Ignoring {WorkSpec: 74597897-9ea4-4d1f-adec-329893bd4d62}. Requires device idle.
02-16 16:44:32.323 11778 11828 I SyncWorkManagerPeriodic: Successfully scheduled next periodic workers
02-16 16:44:32.333 11778 14104 D WM-GreedyScheduler: Cancelling work ID f6556322-d956-4f6d-ab58-09f056143a17
02-16 16:44:32.337 11778 14104 D WM-GreedyScheduler: Ignoring {WorkSpec: 6161aa74-db82-47d5-acc1-29fd0cbe1b0f}. Requires ContentUri triggers.
02-16 16:44:32.337 11778 14104 D WM-GreedyScheduler: Ignoring {WorkSpec: 17a9b130-ac88-43bc-a1eb-c72cd03aa14e}. Requires device idle.
02-16 16:44:32.337 11778 14104 D WM-GreedyScheduler: Ignoring {WorkSpec: afd1ef73-303f-48e5-84b7-43f76d705c1d}. Requires ContentUri triggers.
02-16 16:44:32.337 11778 14104 D WM-GreedyScheduler: Ignoring {WorkSpec: 74597897-9ea4-4d1f-adec-329893bd4d62}. Requires device idle.
02-16 16:44:32.338 11778 14094 D WM-NetworkStateTracker: Unregistering network callback
02-16 16:44:32.507  1746  5203 E BatteryService: condition id: + 2  TimeStamp-> 1771271070506   value->-175000  callingPid->27630
02-16 16:44:32.509  1746  5203 E BatteryService: condition id: + 4  TimeStamp-> 1771271070508   value->100  callingPid->27630
02-16 16:44:31.838     0     0 E pm8150b_charger: smblib_get_prop_batt_status: Couldn't get otg state rc=-22
02-16 16:44:31.840     0     0 I [bq27z561] bq_battery_soc_smooth_tracking: avg:148 ma:112, changed:0 update:1 smooth:0 optimiz:101 soc:100 system:100 last:100 time:0
02-16 16:44:31.841     0     0 I [bq27z561] fg_update_status: SOC:100,Volt:8745,Cur:112,Temp:380,RM:1691,FC:1691, RAW_SOC:10000,SOH:72,FAST:0,Cell1:3899,Cell2:3898,Delta:4
02-16 16:44:31.841     0     0 I [bq27z561] fg_check_full_status: term:200, full_volt:8870, usb_present:1, batt_sw_fc:0
02-16 16:44:31.844     0     0 E pm8150b_charger: smblib_get_prop_batt_status: Couldn't get otg state rc=-22
02-16 16:44:31.844     0     0 E         : batt power supply prop 132 not supported
02-16 16:44:31.847     0     0 E pm8150b_charger: smblib_get_prop_batt_status: Couldn't get otg state rc=-22
02-16 16:44:31.848     0     0 I QCOM-BATT: pl_disable_vote_callback: parallel charging disabled
02-16 16:44:31.848     0     0 E qcom,qpnp-smb5 c440000.qcom,spmi: qcom,pm8150b@2:qcom,qpnp-smb5: ignore a unright relax
02-16 16:44:31.974     0     0 I [bq27z561] fg_print_buf: 7100111113110000000029220622a7ffbbff00000000d9ffe2ff000000009eff7fffa124
02-16 16:44:33.055 13758 13758 W Looper  : PerfMonitor longMsg : seq=95 plan=16:44:32.040 late=1ms wall=1013ms running=2ms h=X.0m6 c=X.0D6 procState=11
02-16 16:44:32.102     0     0 I [bq27z561] fg_print_buf: 7100131115110000000029220622c8ffcbff00000000e8ffe9ff00000000afff7fff4524
02-16 16:44:32.105     0     0 I QCOM-STEPCHG: handle_jeita: handle_jeita: temp:380, fcc_ua:12000000
02-16 16:44:32.234     0     0 I [bq27z561] fg_print_buf: 7100131115110000000029220622c8ffcbff00000000e8ffe9ff00000000afff7fff4524
02-16 16:44:32.234     0     0 I [bq27z561] fg_get_property: cell1_volt=4371, cell2_volt=4373, cell_delta=2
02-16 16:44:33.205  1746  5203 W BroadcastQueue: Background execution not allowed: receiving Intent { act=android.net.wifi.RSSI_CHANGED flg=0x4000010 (has extras) } to com.ionitech.airscreen/.service.BootBroadcastReceiver
02-16 16:44:33.210  1746  1803 D CompatibilityInfo: mCompatibilityFlags - 0
02-16 16:44:33.210  1746  1803 D CompatibilityInfo: applicationDensity - 440
02-16 16:44:33.210  1746  1803 D CompatibilityInfo: applicationScale - 1.0
02-16 16:44:33.210  1746  2389 I MiuiNetworkPolicy: updateUidState uid = 10299, uidState = 11
02-16 16:44:33.211  1034 14871 I AudioPolicyService: updateUid  uid:10299  state:11 wasActive:0 active:1 insert:1 
02-16 16:44:33.211   980  1217 I GameEngine: ThmMonitor: set dynamic fps prop: 0, delta: 0
02-16 16:44:32.361     0     0 I [bq27z561] fg_print_buf: 7600b40800005c029802004400000000000000000000000000000000000000000000910e
02-16 16:44:32.438     0     0 I msm_dwc3_perf_vote_work: in_perf_mode:0, interrupts in last sample:0
02-16 16:44:32.489     0     0 I [bq27z561] fg_print_buf: 7600b40800005c029802004400000000000000000000000000000000000000000000910e
02-16 16:44:33.555  1746  5277 E BatteryService: return id:4  cache value:100   callingpid:13287
02-16 16:44:32.618     0     0 I [bq27z561] fg_print_buf: 7600b40800005c029802004400000000000000000000000000000000000000000000910e
02-16 16:44:32.620     0     0 E pm8150b_charger: smblib_get_prop_batt_status: Couldn't get otg state rc=-22
02-16 16:44:32.621     0     0 W healthd : battery l=100 v=8749 t=38.0 h=2 st=2 c=-78 fc=3382000 cc=1021 ct=3382000 tl=0 ct=USB chg=u
02-16 16:44:32.621     0     0 W healthd : battery l=100 v=8749 t=38.0 h=2 st=2 c=-78 fc=3382000 cc=1021 ct=3382000 tl=0 ct=USB chg=u
02-16 16:44:32.745     0     0 I [bq27z561] fg_print_buf: 7600b40800005c029802004400000000000000000000000000000000000000000000910e
02-16 16:44:32.874     0     0 I [bq27z561] fg_print_buf: 7600b40800005c029802004400000000000000000000000000000000000000000000910e
02-16 16:44:32.877     0     0 E pm8150b_charger: smblib_get_prop_batt_status: Couldn't get otg state rc=-22
02-16 16:44:32.877     0     0 E batteryd: /sys/class/power_supply/usb/real_type = USB
02-16 16:44:32.878     0     0 E pm8150b_charger: smblib_get_prop_batt_status: Couldn't get otg state rc=-22
02-16 16:44:32.879     0     0 W healthd : battery l=100 v=8749 t=38.0 h=2 st=2 c=-65 fc=3382000 cc=1021 ct=3382000 tl=0 ct=USB chg=u
02-16 16:44:33.847   972   972 I BSHealth: BSHealthfastChargerTypePath = /sys/class/power_supply/usb/fast_charger_type
02-16 16:44:33.847   972   972 I BSHealth: BSHealth fast_charger_type access success
02-16 16:44:33.847  1746  1801 D bshealth-framework: fastChargerType = 1 mChargerLpd = 0 thermalRestrict = -1 level = 100
02-16 16:44:33.850  2631  2631 D BatteryController: onReceive: Intent = Intent { act=android.intent.action.BATTERY_CHANGED flg=0x60000010 (has extras) } action = android.intent.action.BATTERY_CHANGED
02-16 16:44:33.850  2631  2631 D KeyguardUpdateMonitor: received broadcast android.intent.action.BATTERY_CHANGED
02-16 16:44:33.852  3084  3288 D SmartTrafficController: changeAccelerator: old accelerator is 2, new accelerator is 2, setting is false
02-16 16:44:33.854 10581 10581 I BatteryInfoReceiver: ACTION_BATTERY_CHANGED
02-16 16:44:32.883     0     0 E pm8150b_charger: smblib_get_prop_batt_status: Couldn't get otg state rc=-22
02-16 16:44:32.885     0     0 W healthd : battery l=100 v=8756 t=38.0 h=2 st=2 c=-65 fc=3382000 cc=1021 ct=3382000 tl=0 ct=USB chg=u
02-16 16:44:33.855  5945  5945 E MtsService: isInBetaTransferData = false,  ENABLE_LOG =false,  Device Status = 2
02-16 16:44:33.856 29990 30062 D PowerCheckerService: onBatteryChanged, mBatteryLevel = 100, status = 2, level = 100, plug = 2, scale = 100
02-16 16:44:33.856   972   972 I BSHealth: BSHealthfastChargerTypePath = /sys/class/power_supply/usb/fast_charger_type
02-16 16:44:33.857   972   972 I BSHealth: BSHealth fast_charger_type access success
02-16 16:44:33.857  1746  2361 D bshealth-framework: fastChargerType = 1 mChargerLpd = 0 thermalRestrict = -1 level = 100
02-16 16:44:33.858  1746  5277 E BatteryService: condition id: + 1  TimeStamp-> 1771271070294   value->3382000  callingPid->27236
02-16 16:44:32.885     0     0 W healthd : battery l=100 v=8756 t=38.0 h=2 st=2 c=-65 fc=3382000 cc=1021 ct=3382000 tl=0 ct=USB chg=u
02-16 16:44:32.888     0     0 E pm8150b_charger: smblib_get_prop_batt_status: Couldn't get otg state rc=-22
02-16 16:44:32.888     0     0 W healthd : battery l=100 v=8756 t=38.0 h=2 st=2 c=-65 fc=3382000 cc=1021 ct=3382000 tl=0 ct=USB chg=u
02-16 16:44:33.858  1746  5282 E BatteryService: return id:4  cache value:100   callingpid:10817
02-16 16:44:33.859  2631  2631 D BatteryController: onReceive: Intent = Intent { act=android.intent.action.BATTERY_CHANGED flg=0x60000010 (has extras) } action = android.intent.action.BATTERY_CHANGED
02-16 16:44:33.859  2631  2631 D KeyguardUpdateMonitor: received broadcast android.intent.action.BATTERY_CHANGED
02-16 16:44:33.859  1746  5282 E BatteryService: return id:1  cache value:3382000   callingpid:10817
02-16 16:44:33.859  1746  5282 E BatteryService: condition id: + 3  TimeStamp-> 1771271058503   value->0  callingPid->10817
02-16 16:44:33.859  1746  5203 E BatteryService: return id:4  cache value:100   callingpid:13758
02-16 16:44:33.860  1746  5282 E BatteryService: return id:4  cache value:100   callingpid:11989
02-16 16:44:33.860  1746  5282 E BatteryService: return id:1  cache value:3382000   callingpid:11989
02-16 16:44:33.860  1746  5203 E BatteryService: return id:1  cache value:3382000   callingpid:13758
02-16 16:44:33.860  1746  5282 E BatteryService: condition id: + 3  TimeStamp-> 1771271073859   value->0  callingPid->11989
02-16 16:44:33.860  5945  5945 E MtsService: isInBetaTransferData = false,  ENABLE_LOG =false,  Device Status = 2
02-16 16:44:33.860  1746  5282 E BatteryService: condition id: + 3  TimeStamp-> 1771271073860   value->0  callingPid->13758
02-16 16:44:33.860  1746  5203 E BatteryService: return id:2  cache value:-113000   callingpid:11989
02-16 16:44:33.860  1746  5203 E BatteryService: return id:2  cache value:-113000   callingpid:13758
02-16 16:44:33.860  1746  5282 E BatteryService: condition id: + 5  TimeStamp-> 1771271058503   value->0  callingPid->11989
02-16 16:44:33.860  1746  5203 E BatteryService: condition id: + 5  TimeStamp-> 1771271073860   value->0  callingPid->13758
02-16 16:44:33.861 10581 10581 I BatteryInfoReceiver: ACTION_BATTERY_CHANGED
02-16 16:44:32.891     0     0 E pm8150b_charger: smblib_get_prop_batt_status: Couldn't get otg state rc=-22
02-16 16:44:32.892     0     0 W healthd : battery l=100 v=8756 t=38.0 h=2 st=2 c=-65 fc=3382000 cc=1021 ct=3382000 tl=0 ct=USB chg=u
02-16 16:44:33.862 29990 30062 D PowerCheckerService: onBatteryChanged, mBatteryLevel = 100, status = 2, level = 100, plug = 2, scale = 100
02-16 16:44:33.862  3084  3288 D SmartTrafficController: changeAccelerator: old accelerator is 2, new accelerator is 2, setting is false
02-16 16:44:33.863  1746  5265 E BatteryService: return id:4  cache value:100   callingpid:10817
02-16 16:44:33.863  1746  5265 E BatteryService: return id:1  cache value:3382000   callingpid:10817
02-16 16:44:33.863  1746  5265 E BatteryService: condition id: + 3  TimeStamp-> 1771271073860   value->0  callingPid->10817
02-16 16:44:33.864 27236 27236 D DeviceStatisticsService: chargerType=2 batteryLevel=100 totalBatteryCapacity=3382000
02-16 16:44:32.892     0     0 W healthd : battery l=100 v=8756 t=38.0 h=2 st=2 c=-65 fc=3382000 cc=1021 ct=3382000 tl=0 ct=USB chg=u
02-16 16:44:32.895     0     0 E pm8150b_charger: smblib_get_prop_batt_status: Couldn't get otg state rc=-22
02-16 16:44:33.864  1746  5282 E BatteryService: return id:1  cache value:3382000   callingpid:27236
02-16 16:44:33.864  1746  5203 E BatteryService: condition id: + 6  TimeStamp-> 1771271058500   value->2  callingPid->11989
02-16 16:44:33.864  1746  5282 E BatteryService: return id:6  cache value:2   callingpid:13758
02-16 16:44:32.895     0     0 W healthd : battery l=100 v=8756 t=38.0 h=2 st=2 c=-65 fc=3382000 cc=1021 ct=3382000 tl=0 ct=USB chg=u
02-16 16:44:33.865  1746  5282 E BatteryService: return id:4  cache value:100   callingpid:13758
02-16 16:44:32.897     0     0 E pm8150b_charger: smblib_get_prop_batt_status: Couldn't get otg state rc=-22
02-16 16:44:33.865  1746  5282 E BatteryService: return id:1  cache value:3382000   callingpid:13758
02-16 16:44:33.865  1746  5282 E BatteryService: condition id: + 3  TimeStamp-> 1771271073863   value->0  callingPid->13758
02-16 16:44:33.865  1746  5282 E BatteryService: return id:2  cache value:-113000   callingpid:13758
02-16 16:44:33.866  1746  5282 E BatteryService: condition id: + 5  TimeStamp-> 1771271073861   value->0  callingPid->13758
02-16 16:44:33.866  1746  5203 E BatteryService: return id:4  cache value:100   callingpid:11989
02-16 16:44:33.866  1746  5282 E BatteryService: return id:1  cache value:3382000   callingpid:11989
02-16 16:44:33.866  1746  5203 E BatteryService: return id:6  cache value:2   callingpid:13758
02-16 16:44:33.866  1746  5203 E BatteryService: condition id: + 3  TimeStamp-> 1771271073865   value->0  callingPid->11989
02-16 16:44:33.866  1746  5203 E BatteryService: return id:2  cache value:-113000   callingpid:11989
02-16 16:44:33.866  1746  5203 E BatteryService: condition id: + 5  TimeStamp-> 1771271073866   value->0  callingPid->11989
02-16 16:44:33.866  1746  5203 E BatteryService: return id:6  cache value:2   callingpid:11989
02-16 16:44:33.864 27236 27236 D DeviceStatisticsService: chargerType=2 batteryLevel=100 totalBatteryCapacity=3382000
02-16 16:44:33.902  2895  7898 D exlight@Service: SmartPolicyEventHub@onModeChanged,  p1: 280a642400000080  p2: 9000000000000000  package: com.android.settings  [alm:false mus:false gme:false scn:true]
02-16 16:44:33.904  2817  3111 I android_os_HwBinder: HwBinder: Starting thread pool for getting: com.blackshark.game_engine@1.0::IGameEngine/default
02-16 16:44:33.905   980   980 I GameEngine: notifyGameFactor {"para1":"2885228617065824384","para2":"-8070450532247928832","appInfo":{"packageName":"com.android.settings","pid":12639},"solarCore_level":"2","screen_fps":"120","battery_charge":"true","fast_charging_animation":"false","isLowDelayOpen":"false","fast_charge":"false","current_fps":"60526","solarCore_switch":"false","gpu_boost":"false","cpu_level":"0","solarCore_thermal_level":"1","smart_endurance":"true"}
02-16 16:44:33.905   980   980 I GameEngine: Factor: para1: 0x280a642400000080, para2: 0x9000000000000000, TopApp: 10
02-16 16:44:34.007  1746  2424 D SlaveWifiManager: getWifiSlaveConnectionInfo
02-16 16:44:34.007  1746  2424 D SlaveWifiManager: getWifiSlaveConnectionInfo
02-16 16:44:34.010  3084  3084 D ModeSwitcher: Rcv RSSI_CHANGED_ACTION mStat=0, mWifiConnected=true
02-16 16:44:34.011  2631  2781 D NetworkController: onReceive: intent=Intent { act=android.net.wifi.RSSI_CHANGED flg=0x4000010 (has extras) }
02-16 16:44:34.011 27343 27388 D QCNEJ/WlanStaInfoRelay: Received action: android.net.wifi.RSSI_CHANGED
02-16 16:44:34.013  3084  3084 D ModeSwitcher: add 4 WifiStatOnCmocmna @1771271074,LostTxPacketsPerSecond=0.0,rssi=-57
02-16 16:44:34.013  3084  3084 D ModeSwitcher: mWifiStatiList size=4, gap=37
02-16 16:44:34.020 20303 20372 I BugleRcsEngine: handleMessage processing message:[NOTIFY_UPTIME_IGNORE_STATE_CHANGED] with [non-null]:RcsEngineImpl reference [CONTEXT log_prefix="RcsEngineImpl[DUAL_REG]:[0dcaf9a8-6ef4]>Handler" thread_id=22784 ]
02-16 16:44:34.021 20303 20342 I BugleRcsEngine: Connected state: [1], networkType: [WIFI] [CONTEXT thread_id=22775 ]
02-16 16:44:34.024  1746  2389 I MiuiNetworkPolicy: updateUidState uid = 99229, uidState = 5
