02-16 16:43:56.601 13758 13848 W SessionScopedProviderInitializer: Initialize com.instagram.common.fxcacheinit.FxClientCacheOnUserSessionStart end
02-16 16:43:56.601 13758 13848 W SessionScopedProviderInitializer: Initialize com.instagram.common.memory.memoryredlogger.MemoryRedLogger.MemoryRedLoggerInitializer start
02-16 16:43:56.601 13758 13848 W SessionScopedProviderInitializer: Initialize com.instagram.common.memory.memoryredlogger.MemoryRedLogger.MemoryRedLoggerInitializer end
02-16 16:43:56.602 13758 13848 W SessionScopedProviderInitializer: Initialize com.instagram.common.storage.cask.experimentation.StorageExperimentInitializer start
02-16 16:43:56.602 13758 13848 W SessionScopedProviderInitializer: Initialize com.instagram.common.storage.cask.experimentation.StorageExperimentInitializer end
02-16 16:43:56.602 13758 13848 W SessionScopedProviderInitializer: Initialize com.instagram.crossposting.noticestate.manager.UserSessionStart start
02-16 16:43:56.604 13758 13848 W SessionScopedProviderInitializer: Initialize com.instagram.crossposting.noticestate.manager.UserSessionStart end
02-16 16:43:56.604 13758 13848 W SessionScopedProviderInitializer: Initialize com.instagram.deadcodedetection.IgDeadCodeDetectionManager start
02-16 16:43:56.604 13758 13848 W SessionScopedProviderInitializer: Initialize com.instagram.deadcodedetection.IgDeadCodeDetectionManager end
02-16 16:43:56.604 13758 13848 W SessionScopedProviderInitializer: Initialize com.instagram.wellbeing.timespent.listeners.InstagramLastActiveTimeLogger start
02-16 16:43:56.605 13758 13848 W SessionScopedProviderInitializer: Initialize com.instagram.wellbeing.timespent.listeners.InstagramLastActiveTimeLogger end
02-16 16:43:56.605 13758 13848 W SessionScopedProviderInitializer: Initialize com.instagram.wellbeing.timespent.listeners.InstagramTimeSpentManagerInitializer start
02-16 16:43:56.615 13758 13848 W SessionScopedProviderInitializer: Initialize com.instagram.wellbeing.timespent.listeners.InstagramTimeSpentManagerInitializer end
02-16 16:43:56.615 13758 13848 W SessionScopedProviderInitializer: Initialize com.instagram.debug.image.sessionhelper.UserSessionStart start
02-16 16:43:56.616 13758 13848 W SessionScopedProviderInitializer: Initialize com.instagram.debug.image.sessionhelper.UserSessionStart end
02-16 16:43:56.619 13758 13848 W SessionScopedProviderInitializer: Initialize com.instagram.debug.quickexperiment.dumper.QuickExperimentDumperPluginUserSessionListenerStatic start
02-16 16:43:56.619  2783 14859 W AlarmManager: Unrecognized alarm listener com.android.networkstack.android.net.ip.IpClientLinkObserver$Dhcp6PdPreferredPrefixAlarmListener@b506cf4
02-16 16:43:56.620 13758 13848 W SessionScopedProviderInitializer: Initialize com.instagram.debug.quickexperiment.dumper.QuickExperimentDumperPluginUserSessionListenerStatic end
02-16 16:43:56.620 13758 13848 W SessionScopedProviderInitializer: Initialize com.instagram.perf.scroll.UserSessionStart start
02-16 16:43:56.620  2783 14859 D ApfFilter: (wlan0): Ignoring RA RA fe80::1 -> ff02::1 30s 2804:1530:439:2701::/64 259200s/172800s RIO 30s 2804:1530:439:2700::/56  which matches RA fe80::1 -> ff02::1 30s 2804:1530:439:2701::/64 259200s/172800s RIO 30s 2804:1530:439:2700::/56 
02-16 16:43:56.620 13758 13848 W SessionScopedProviderInitializer: Initialize com.instagram.perf.scroll.UserSessionStart end
02-16 16:43:56.620 13758 13848 W SessionScopedProviderInitializer: Initialize com.instagram.direct.msys.bugreporter.UserSessionStart start
02-16 16:43:56.620 13758 13849 W SessionScopedProviderInitializer: Initialize com.instagram.video.player.hero.IgHeroServiceController.IgHeroServiceControllerInitializerProvider end
02-16 16:43:56.620 13758 13848 W SessionScopedProviderInitializer: Initialize com.instagram.direct.msys.bugreporter.UserSessionStart end
02-16 16:43:56.620 13758 13849 W SessionScopedProviderInitializer: Initialize com.instagram.direct.mutation.util.DirectMutationUserSessionStartListener start
02-16 16:43:56.620 13758 13849 W SessionScopedProviderInitializer: Initialize com.instagram.direct.mutation.util.DirectMutationUserSessionStartListener end
02-16 16:43:56.620 13758 13848 W SessionScopedProviderInitializer: Initialize com.instagram.emergencypush.EmergencyPushPeriodicFetchWorkerInitializer start
02-16 16:43:56.620 13758 13849 W SessionScopedProviderInitializer: Initialize com.instagram.fbpay.executor.UserSessionStart start
02-16 16:43:56.620 13758 13849 W SessionScopedProviderInitializer: Initialize com.instagram.fbpay.executor.UserSessionStart end
02-16 16:43:56.621 13758 13849 W SessionScopedProviderInitializer: Initialize com.instagram.fileregistry.impl.UserSessionStart start
02-16 16:43:56.621 13758 13849 W SessionScopedProviderInitializer: Initialize com.instagram.fileregistry.impl.UserSessionStart end
02-16 16:43:56.621 13758 13849 W SessionScopedProviderInitializer: Initialize com.instagram.firstpartyinstalltracker.UserSessionStart start
02-16 16:43:56.621 13758 13849 W SessionScopedProviderInitializer: Initialize com.instagram.firstpartyinstalltracker.UserSessionStart end
02-16 16:43:56.621 13758 13849 W SessionScopedProviderInitializer: Initialize com.instagram.settings2.core.services.Settings2ServiceInitializer start
02-16 16:43:56.622 13758 13849 W SessionScopedProviderInitializer: Initialize com.instagram.settings2.core.services.Settings2ServiceInitializer end
02-16 16:43:56.622 13758 13849 W SessionScopedProviderInitializer: Initialize com.instagram.fx.helper.companyidentityswitcher.prefetch.SwitcherFetchFBNTAEligibilitySessionStartUtil start
02-16 16:43:56.622 13758 13849 W SessionScopedProviderInitializer: Initialize com.instagram.fx.helper.companyidentityswitcher.prefetch.SwitcherFetchFBNTAEligibilitySessionStartUtil end
02-16 16:43:56.623 13758 13849 W SessionScopedProviderInitializer: Initialize com.instagram.fx.helper.companyidentityswitcher.prefetch.SwitcherFetchImpressionCapListSessionStartUtil start
02-16 16:43:56.624 13758 13975 W AudioCapabilities: Unsupported mime audio/dts
02-16 16:43:56.624 13758 13975 W AudioCapabilities: Unsupported mime audio/vnd.dts
02-16 16:43:56.625 13758 13975 W AudioCapabilities: Unsupported mime audio/vnd.dts.hd
02-16 16:43:56.625 13758 13975 W AudioCapabilities: Unsupported mime audio/vnd.dts.hd;profile=lbr
02-16 16:43:56.625 13758 13975 W VideoCapabilities: Unsupported mime image/vnd.android.heic
02-16 16:43:56.626 13758 13848 W SessionScopedProviderInitializer: Initialize com.instagram.emergencypush.EmergencyPushPeriodicFetchWorkerInitializer end
02-16 16:43:56.626 13758 13848 W SessionScopedProviderInitializer: Initialize com.instagram.igpermissions.igpermissionsutil.IGPermissionSharedAccountAccessInviteInfoSessionStart start
02-16 16:43:56.628 13758 13849 W SessionScopedProviderInitializer: Initialize com.instagram.fx.helper.companyidentityswitcher.prefetch.SwitcherFetchImpressionCapListSessionStartUtil end
02-16 16:43:56.628 13758 13849 W SessionScopedProviderInitializer: Initialize com.instagram.igpermissions.igpermissionsutil.IGPermissionsFeatureControlsSessionStart start
02-16 16:43:56.629  1746  2424 I chatty  : uid=1000(system) ConnectivitySer expire 608 lines
02-16 16:43:56.633  3140  3140 D PhoneSwitcherNetworkRequstListener: got request NetworkRequest [ TRACK_DEFAULT id=8964, [ Capabilities: INTERNET&NOT_RESTRICTED&TRUSTED Uid: 10289 AdministratorUids: [] RequestorUid: 10289 RequestorPackageName: com.reddit.frontpage] ] with score 60 and providerId 7
02-16 16:43:56.634  3084  3084 D CellularNetworkRequestListener: got request NetworkRequest [ TRACK_DEFAULT id=8964, [ Capabilities: INTERNET&NOT_RESTRICTED&TRUSTED Uid: 10289 AdministratorUids: [] RequestorUid: 10289 RequestorPackageName: com.reddit.frontpage] ] with score 60 and providerId 7
02-16 16:43:56.634 13758 13975 W VideoCapabilities: Unrecognized profile/level 0/3 for video/mpeg2
02-16 16:43:56.634 13758 13975 W VideoCapabilities: Unrecognized profile/level 0/3 for video/mpeg2
02-16 16:43:56.634 13751 13979 W ConnectivityManager.CallbackHandler: callback not found for CALLBACK_AVAILABLE message
02-16 16:43:56.644  1746  5275 I chatty  : uid=1000(system) Binder:1746_17 expire 3 lines
02-16 16:43:56.644 13758 13848 W SessionScopedProviderInitializer: Initialize com.instagram.igpermissions.igpermissionsutil.IGPermissionSharedAccountAccessInviteInfoSessionStart end
02-16 16:43:56.644 13758 13849 W SessionScopedProviderInitializer: Initialize com.instagram.igpermissions.igpermissionsutil.IGPermissionsFeatureControlsSessionStart end
02-16 16:43:56.645 13758 13848 W SessionScopedProviderInitializer: Initialize com.instagram.igpermissions.igpermissionsutil.IGPermissionsMessagingControlsSessionStart start
02-16 16:43:56.645 13758 13849 W SessionScopedProviderInitializer: Initialize com.instagram.igpermissions.igpermissionsutil.IGPermissionsSharedAccountsSessionStart start
02-16 16:43:56.645 13758 13848 W SessionScopedProviderInitializer: Initialize com.instagram.igpermissions.igpermissionsutil.IGPermissionsMessagingControlsSessionStart end
02-16 16:43:56.645 13758 13848 W SessionScopedProviderInitializer: Initialize com.instagram.monetization.util.UserSessionStart start
02-16 16:43:56.645 13758 13848 W SessionScopedProviderInitializer: Initialize com.instagram.monetization.util.UserSessionStart end
02-16 16:43:56.645 13758 13848 W SessionScopedProviderInitializer: Initialize com.instagram.inappbrowser.launcher.clickidhelper.UserSessionStart start
02-16 16:43:56.645 13758 13848 W SessionScopedProviderInitializer: Initialize com.instagram.inappbrowser.launcher.clickidhelper.UserSessionStart end
02-16 16:43:56.645 13758 13848 W SessionScopedProviderInitializer: Initialize com.instagram.jobscheduler.bgfetch.scheduler.IgBgFetchConfigOnUserSessionStart start
02-16 16:43:56.645 13758 13848 W SessionScopedProviderInitializer: Initialize com.instagram.jobscheduler.bgfetch.scheduler.IgBgFetchConfigOnUserSessionStart end
02-16 16:43:56.645 13758 13848 W SessionScopedProviderInitializer: Initialize com.instagram.jobscheduler.bgfetch.scheduler.UserSessionStart start
02-16 16:43:56.645 13758 13848 W SessionScopedProviderInitializer: Initialize com.instagram.jobscheduler.bgfetch.scheduler.UserSessionStart end
02-16 16:43:56.645 13758 13848 W SessionScopedProviderInitializer: Initialize com.instagram.launcherbadges.UserSessionStart start
02-16 16:43:56.646 13758 13848 W SessionScopedProviderInitializer: Initialize com.instagram.launcherbadges.UserSessionStart end
02-16 16:43:56.646 13758 13848 W SessionScopedProviderInitializer: Initialize com.instagram.mainfeed.delivery.logging.UserSessionStart start
02-16 16:43:56.646 13758 13848 W SessionScopedProviderInitializer: Initialize com.instagram.mainfeed.delivery.logging.UserSessionStart end
02-16 16:43:56.646 13758 13848 W SessionScopedProviderInitializer: Initialize com.instagram.messagingconnectivitylogger.appjobdelegate.MCLAppJobDelegate.UserSessionStart start
02-16 16:43:56.646 13758 13848 W SessionScopedProviderInitializer: Initialize com.instagram.messagingconnectivitylogger.appjobdelegate.MCLAppJobDelegate.UserSessionStart end
02-16 16:43:56.646 13758 13848 W SessionScopedProviderInitializer: Initialize com.instagram.odml.p13n.PersonalizationManager.UserSessionStart start
02-16 16:43:56.646 13758 13848 W SessionScopedProviderInitializer: Initialize com.instagram.odml.p13n.PersonalizationManager.UserSessionStart end
02-16 16:43:56.647 13758 13848 W SessionScopedProviderInitializer: Initialize com.instagram.pendingmedia.service.initializer.PendingMediaStoreInitializer start
02-16 16:43:56.647 13758 13848 W SessionScopedProviderInitializer: Initialize com.instagram.pendingmedia.service.initializer.PendingMediaStoreInitializer end
02-16 16:43:56.647 13758 13848 W SessionScopedProviderInitializer: Initialize com.instagram.perf.sampling.UserSessionStart start
02-16 16:43:56.647 13758 13848 W SessionScopedProviderInitializer: Initialize com.instagram.perf.sampling.UserSessionStart end
02-16 16:43:56.647 13758 13848 W SessionScopedProviderInitializer: Initialize com.instagram.periodicreporter.UserSessionStart start
02-16 16:43:56.647 13758 13848 W SessionScopedProviderInitializer: Initialize com.instagram.periodicreporter.UserSessionStart end
02-16 16:43:56.647 13758 13848 W SessionScopedProviderInitializer: Initialize com.instagram.presence.dgw.IgPresenceDgwListener.UserSessionStart start
02-16 16:43:56.647 13758 13848 W SessionScopedProviderInitializer: Initialize com.instagram.presence.dgw.IgPresenceDgwListener.UserSessionStart end
02-16 16:43:56.647 13758 13848 W SessionScopedProviderInitializer: Initialize com.instagram.realtime.requeststream.PulsarSchedulerStatic start
02-16 16:43:56.647 13758 13848 W SessionScopedProviderInitializer: Initialize com.instagram.realtime.requeststream.PulsarSchedulerStatic end
02-16 16:43:56.648 13758 13848 W SessionScopedProviderInitializer: Initialize com.instagram.redex.dynamicanalysis.IgDynamicAnalysisUserSessionStart start
02-16 16:43:56.648 13758 13848 W SessionScopedProviderInitializer: Initialize com.instagram.redex.dynamicanalysis.IgDynamicAnalysisUserSessionStart end
02-16 16:43:56.648 13758 13848 W SessionScopedProviderInitializer: Initialize com.instagram.reels.network.realtime.UserSessionStart start
02-16 16:43:56.648 13758 13848 W SessionScopedProviderInitializer: Initialize com.instagram.reels.network.realtime.UserSessionStart end
02-16 16:43:56.648 13758 13848 W SessionScopedProviderInitializer: Initialize com.instagram.reliability.experiments.ReliabilityExperimentInitializer start
02-16 16:43:56.648 13758 13848 W SessionScopedProviderInitializer: Initialize com.instagram.reliability.experiments.ReliabilityExperimentInitializer end
02-16 16:43:56.648 13758 13848 W SessionScopedProviderInitializer: Initialize com.instagram.reliablemedia.UserSessionStart start
02-16 16:43:56.648 13758 13848 W SessionScopedProviderInitializer: Initialize com.instagram.reliablemedia.UserSessionStart end
02-16 16:43:56.648 13758 13848 W SessionScopedProviderInitializer: Initialize com.instagram.rtc.dgw.IGRTCDGWStartupService start
02-16 16:43:56.648 13758 13848 W SessionScopedProviderInitializer: Initialize com.instagram.rtc.dgw.IGRTCDGWStartupService end
02-16 16:43:56.648 13758 13848 W SessionScopedProviderInitializer: Initialize com.instagram.screentime.IgScreenTimeSyncListenerStart start
02-16 16:43:56.648 13758 13848 W SessionScopedProviderInitializer: Initialize com.instagram.screentime.IgScreenTimeSyncListenerStart end
02-16 16:43:56.648 13758 13848 W SessionScopedProviderInitializer: Initialize com.instagram.shopping.analytics.shopsbau.IGShopsBAU.IGShopsBAUInitializerProvider start
02-16 16:43:56.649 13758 13848 W SessionScopedProviderInitializer: Initialize com.instagram.shopping.analytics.shopsbau.IGShopsBAU.IGShopsBAUInitializerProvider end
02-16 16:43:56.649 13758 13848 W SessionScopedProviderInitializer: Initialize com.instagram.sponsored.asyncads.logging.qpl.UserSessionStart start
02-16 16:43:56.649 13758 13848 W SessionScopedProviderInitializer: Initialize com.instagram.sponsored.asyncads.logging.qpl.UserSessionStart end
02-16 16:43:56.649 13758 13848 W SessionScopedProviderInitializer: Initialize com.instagram.sponsored.asyncads.requestpathsignals.sessionlevelsignals.sessiontime.SessionTimeTrackerStarting start
02-16 16:43:56.649 13758 13848 W SessionScopedProviderInitializer: Initialize com.instagram.sponsored.asyncads.requestpathsignals.sessionlevelsignals.sessiontime.SessionTimeTrackerStarting end
02-16 16:43:56.649 13758 13848 W SessionScopedProviderInitializer: Initialize com.instagram.traffic.nts.iglib.IGTrafficNTSUserSessionStarting start
02-16 16:43:56.649 13758 13848 W SessionScopedProviderInitializer: Initialize com.instagram.traffic.nts.iglib.IGTrafficNTSUserSessionStarting end
02-16 16:43:56.649 13758 13848 W SessionScopedProviderInitializer: Initialize com.instagram.util.startup.transitions.EnableColdStartTransitionsTask start
02-16 16:43:56.649 13758 13848 W SessionScopedProviderInitializer: Initialize com.instagram.util.startup.transitions.EnableColdStartTransitionsTask end
02-16 16:43:56.653  1034  3376 I AudioPolicyService: updateUid  uid:10289  state:8 wasActive:0 active:1 insert:1 
02-16 16:43:56.654 13758 13849 W SessionScopedProviderInitializer: Initialize com.instagram.igpermissions.igpermissionsutil.IGPermissionsSharedAccountsSessionStart end
02-16 16:43:56.654 13758 13848 W SessionScopedProviderInitializer: Initialize com.instagram.wellbeing.privacyflow.util.PrivacyFlowHelper start
02-16 16:43:56.654 13758 13849 W SessionScopedProviderInitializer: Initialize com.instagram.wellbeing.timeinapp.indexing.TimeInAppIndexCreationTask start
02-16 16:43:56.654 13758 13849 W SessionScopedProviderInitializer: Initialize com.instagram.wellbeing.timeinapp.indexing.TimeInAppIndexCreationTask end
02-16 16:43:56.655 13758 13849 W SessionScopedProviderInitializer: Initialize com.instagram.wellbeing.timeinapp.instrumentation.IgTimeInAppActivityListenerStatic start
02-16 16:43:56.655 13758 13848 W SessionScopedProviderInitializer: Initialize com.instagram.wellbeing.privacyflow.util.PrivacyFlowHelper end
02-16 16:43:56.655 13758 13848 W SessionScopedProviderInitializer: Initialize com.instagram.wellbeing.timespent.provider.QuietTimeUserSessionStart start
02-16 16:43:56.655 13758 13848 W SessionScopedProviderInitializer: Initialize com.instagram.wellbeing.timespent.provider.QuietTimeUserSessionStart end
02-16 16:43:56.655 13758 13848 W SessionScopedProviderInitializer: Initialize com.instagram.wellbeing.timespent.provider.ScreenTimeUserSessionStart start
02-16 16:43:56.655 13758 13848 W SessionScopedProviderInitializer: Initialize com.instagram.wellbeing.timespent.provider.ScreenTimeUserSessionStart end
02-16 16:43:56.655  1034  3376 I AudioPolicyService: updateUid  uid:99229  state:8 wasActive:0 active:1 insert:1 
02-16 16:43:56.655 13758 13848 W SessionScopedProviderInitializer: Initialize com.instagram.zero.experiments.ZeroEarlyExperimentsUserSessionStart start
02-16 16:43:56.677 13758 13849 W SessionScopedProviderInitializer: Initialize com.instagram.wellbeing.timeinapp.instrumentation.IgTimeInAppActivityListenerStatic end
02-16 16:43:56.677 13758 13849 W SessionScopedProviderInitializer: Initialize com.instagram.zero.main.IgZeroMainInitializer start
02-16 16:43:56.677 13758 13849 W SessionScopedProviderInitializer: Initialize com.instagram.zero.main.IgZeroMainInitializer end
02-16 16:43:56.677 13758 13849 W SessionScopedProviderInitializer: Initialize com.instagram.zero.main.IgZeroMainStartupLog start
02-16 16:43:56.678 13758 13849 W SessionScopedProviderInitializer: Initialize com.instagram.zero.main.IgZeroMainStartupLog end
02-16 16:43:56.678 13758 13849 W SessionScopedProviderInitializer: Initialize X.Amt start
02-16 16:43:56.678 13758 13849 W SessionScopedProviderInitializer: Initialize X.Amt end
02-16 16:43:56.678 13758 13849 W SessionScopedProviderInitializer: Initialize X.5wv start
02-16 16:43:56.680 13758 13849 W SessionScopedProviderInitializer: Initialize X.5wv end
02-16 16:43:56.680 13758 13849 W SessionScopedProviderInitializer: Initialize X.H8P start
02-16 16:43:56.680 13758 13849 W SessionScopedProviderInitializer: Initialize X.H8P end
02-16 16:43:56.680 13758 13849 W SessionScopedProviderInitializer: Initialize com.instagram.profilo.IgProfiloSessionManager start
02-16 16:43:56.680 13758 13849 W SessionScopedProviderInitializer: Initialize com.instagram.profilo.IgProfiloSessionManager end
02-16 16:43:56.683  3140  3140 D PhoneSwitcherNetworkRequstListener: got request NetworkRequest [ TRACK_DEFAULT id=8965, [ Capabilities: INTERNET&NOT_RESTRICTED&TRUSTED Uid: 10289 AdministratorUids: [] RequestorUid: 10289 RequestorPackageName: com.reddit.frontpage] ] with score 60 and providerId 7
02-16 16:43:56.683 13758 13848 W SessionScopedProviderInitializer: Initialize com.instagram.zero.experiments.ZeroEarlyExperimentsUserSessionStart end
02-16 16:43:56.684  3084  3084 D CellularNetworkRequestListener: got request NetworkRequest [ TRACK_DEFAULT id=8965, [ Capabilities: INTERNET&NOT_RESTRICTED&TRUSTED Uid: 10289 AdministratorUids: [] RequestorUid: 10289 RequestorPackageName: com.reddit.frontpage] ] with score 60 and providerId 7
02-16 16:43:56.696  1746  2395 I chatty  : uid=1000(system) WifiHandlerThre expire 12 lines
02-16 16:43:56.696  3140  3140 D PhoneSwitcherNetworkRequstListener: got request NetworkRequest [ TRACK_DEFAULT id=8966, [ Capabilities: INTERNET&NOT_RESTRICTED&TRUSTED Uid: 10299 AdministratorUids: [] RequestorUid: 10299 RequestorPackageName: com.instagram.barcelona] ] with score 60 and providerId 7
02-16 16:43:56.697  3084  3084 D CellularNetworkRequestListener: got request NetworkRequest [ TRACK_DEFAULT id=8966, [ Capabilities: INTERNET&NOT_RESTRICTED&TRUSTED Uid: 10299 AdministratorUids: [] RequestorUid: 10299 RequestorPackageName: com.instagram.barcelona] ] with score 60 and providerId 7
02-16 16:43:56.720 13758 13850 W SessionScopedProviderInitializer: Initialize com.instagram.bugreporter.rageshake.UserSessionStart end
02-16 16:43:56.721 13758 13758 W IgMetaConfig: Could not obtain MC: null_user_session 
02-16 16:43:56.721 13758 13758 W IgMetaConfig: java.lang.RuntimeException: Could not obtain MC, call-site will receive default values
02-16 16:43:56.721 13758 13758 W IgMetaConfig: 	at X.1kT.A04(:4)
02-16 16:43:56.721 13758 13758 W IgMetaConfig: 	at X.1kT.A03(:7)
02-16 16:43:56.721 13758 13758 W IgMetaConfig: 	at X.1kT.A01(:2)
02-16 16:43:56.721 13758 13758 W IgMetaConfig: 	at X.5xv.A00(:8)
02-16 16:43:56.721 13758 13758 W IgMetaConfig: 	at X.5xv.Cru(:0)
02-16 16:43:56.721 13758 13758 W IgMetaConfig: 	at X.1wA.A03(:39)
02-16 16:43:56.721 13758 13758 W IgMetaConfig: 	at X.1hH.A01(:39)
02-16 16:43:56.721 13758 13758 W IgMetaConfig: 	at com.instagram.barcelona.process.main.BarcelonaApplicationForMainProcess.A07(:2052)
02-16 16:43:56.721 13758 13758 W IgMetaConfig: 	at com.instagram.barcelona.app.BarcelonaAppShell.onCreate(:653)
02-16 16:43:56.721 13758 13758 W IgMetaConfig: 	at android.app.Instrumentation.callApplicationOnCreate(Instrumentation.java:1198)
02-16 16:43:56.721 13758 13758 W IgMetaConfig: 	at android.app.ActivityThread.handleBindApplication(ActivityThread.java:7346)
02-16 16:43:56.721 13758 13758 W IgMetaConfig: 	at android.app.ActivityThread.access$1600(ActivityThread.java:261)
02-16 16:43:56.721 13758 13758 W IgMetaConfig: 	at android.app.ActivityThread$H.handleMessage(ActivityThread.java:2180)
02-16 16:43:56.721 13758 13758 W IgMetaConfig: 	at android.os.Handler.dispatchMessage(Handler.java:106)
02-16 16:43:56.721 13758 13758 W IgMetaConfig: 	at android.os.Looper.loop(Looper.java:237)
02-16 16:43:56.721 13758 13758 W IgMetaConfig: 	at android.app.ActivityThread.main(ActivityThread.java:8414)
02-16 16:43:56.721 13758 13758 W IgMetaConfig: 	at java.lang.reflect.Method.invoke(Native Method)
02-16 16:43:56.721 13758 13758 W IgMetaConfig: 	at com.android.internal.os.RuntimeInit$MethodAndArgsCaller.run(RuntimeInit.java:663)
02-16 16:43:56.721 13758 13758 W IgMetaConfig: 	at com.android.internal.os.ZygoteInit.main(ZygoteInit.java:967)
02-16 16:43:56.723  1034  3376 I AudioPolicyService: updateUid  uid:10289  state:10 wasActive:0 active:1 insert:1 
02-16 16:43:56.724  1034  3376 I AudioPolicyService: updateUid  uid:99229  state:10 wasActive:0 active:1 insert:1 
02-16 16:43:56.728 13758 13758 W IgMetaConfig: Could not obtain MC: null_user_session 
02-16 16:43:56.728 13758 13758 W IgMetaConfig: java.lang.RuntimeException: Could not obtain MC, call-site will receive default values
02-16 16:43:56.728 13758 13758 W IgMetaConfig: 	at X.1kT.A04(:4)
02-16 16:43:56.728 13758 13758 W IgMetaConfig: 	at X.1kT.A03(:7)
02-16 16:43:56.728 13758 13758 W IgMetaConfig: 	at X.1kT.A01(:2)
02-16 16:43:56.728 13758 13758 W IgMetaConfig: 	at X.1hV.A03(:1)
02-16 16:43:56.728 13758 13758 W IgMetaConfig: 	at X.1hH.A01(:39)
02-16 16:43:56.728 13758 13758 W IgMetaConfig: 	at com.instagram.barcelona.process.main.BarcelonaApplicationForMainProcess.A07(:2052)
02-16 16:43:56.728 13758 13758 W IgMetaConfig: 	at com.instagram.barcelona.app.BarcelonaAppShell.onCreate(:653)
02-16 16:43:56.728 13758 13758 W IgMetaConfig: 	at android.app.Instrumentation.callApplicationOnCreate(Instrumentation.java:1198)
02-16 16:43:56.728 13758 13758 W IgMetaConfig: 	at android.app.ActivityThread.handleBindApplication(ActivityThread.java:7346)
02-16 16:43:56.728 13758 13758 W IgMetaConfig: 	at android.app.ActivityThread.access$1600(ActivityThread.java:261)
02-16 16:43:56.728 13758 13758 W IgMetaConfig: 	at android.app.ActivityThread$H.handleMessage(ActivityThread.java:2180)
02-16 16:43:56.728 13758 13758 W IgMetaConfig: 	at android.os.Handler.dispatchMessage(Handler.java:106)
02-16 16:43:56.728 13758 13758 W IgMetaConfig: 	at android.os.Looper.loop(Looper.java:237)
02-16 16:43:56.728 13758 13758 W IgMetaConfig: 	at android.app.ActivityThread.main(ActivityThread.java:8414)
02-16 16:43:56.728 13758 13758 W IgMetaConfig: 	at java.lang.reflect.Method.invoke(Native Method)
02-16 16:43:56.728 13758 13758 W IgMetaConfig: 	at com.android.internal.os.RuntimeInit$MethodAndArgsCaller.run(RuntimeInit.java:663)
02-16 16:43:56.728 13758 13758 W IgMetaConfig: 	at com.android.internal.os.ZygoteInit.main(ZygoteInit.java:967)
02-16 16:43:56.734  1034  3376 I AudioPolicyService: updateUid  uid:10289  state:19 wasActive:0 active:1 insert:1 
02-16 16:43:56.739 13758 13853 E PendingMediaStoreSerializer: deserialize start
02-16 16:43:56.739 13758 13853 E PendingMediaStoreSerializer: start reading pending media
02-16 16:43:56.740 13758 13853 E PendingMediaStoreSerializer: Set the submedia on albums
02-16 16:43:56.740 13758 13853 E PendingMediaStoreSerializer: Set the submedia on post threads
02-16 16:43:56.740 13758 13853 E PendingMediaStoreSerializer: Set the submedia on story templates
02-16 16:43:56.740 13758 13758 W IgZoneModule: IgFury is disabled. No-op Zone is setup
02-16 16:43:56.740 13758 13853 E PendingMediaStoreSerializer: deserialize is done. start calling callbacks
02-16 16:43:56.740 13758 13853 E PendingMediaStoreSerializer: deserialize end
02-16 16:43:56.777  3154  3154 D Launcher.Model: LauncherAppsCallback onShortcutsChanged|com.instagram.barcelona|UserHandle{0}
02-16 16:43:56.779  3154  3154 D Launcher.Model: LauncherAppsCallback onShortcutsChanged|com.instagram.barcelona|UserHandle{0}
02-16 16:43:56.805 13758 13853 W DGWClientHolder: DGWClientConfig IG4A\B4A: {deviceOS:android,isWorkBuild:false,appVersion:416.0.0.44.66,appId:3419628305025917,streamIdleTimeoutMs:2700000,responseCompression:zstd,enableHTTP3:true,zeroRatingEnabled:false,zeroUrlRewritingV2Enabled:false,zeroRatingCachingEnabled:false,gatewayDomain:gateway.instagram.com,streamGroupPingPeriod:25,streamGroupPingTimeout:10,streamGroupStopBgPingDelay:300,useCachedStreamGroupsStatus:false,closeNetworkConnectionOnTimeout:true,connectivityManagerOptions:{enablePingInBackground:false,bgPingIntervalMs:260000,pingIntervalInMs:{HIGH:0,MID:0,LOW:0,DEFAULT:120000},pingTimeoutInMs:{HIGH:0,MID:0,LOW:0,DEFAULT:50000},pingLatencyInMs:{HIGH:70, MID:200},skipPingAfterIngressTraffic:true,disablePingWhileNoActiveStream:true,sendPingOnAppForeground:false,pingTrafficTracingSamplingRate:0,initAppStateAsBackground:true,ignoreOnNetworkDisconnectedSignalForPing:true,initialUnreachableDelayFastMode:1000,ignoreOnNetworkDisconnectedSignalAndSendPing:false,markDisconnectedInBackground:false,shouldSetNotStartedOnFg:false,enableNetworkMonitorV2:false,extendedFgIntervalSeconds:120,useExtendedFgInterval:false,disableTransportInitFromNetworkMonitor:false,useExtendedFgIntervalNetworkChangeOnly:false,useTigon:false,useTigonInDeprecatedMNSClient:false,enableDeviceDataSettingsGetter:false,enableNetworkRevalidationOnError:false},personalizationConfig:null,eagerStreamGroupEnabled:true,keepStreamGroupAliveAfterLastStream:false,enableFetchRegionHintFromWww:false,regionHintCacheTtlHours:0,matchMqttWakeup:false,enableTunnelRetriableLayer:false,useExecutorProxies:false,useExecutorProxiesPhaseTwo:false,avoidCopyingBuffer:false,fallbackConfig:null,retryableLayerConfig:{useStreamGroupsForConnectivity: true, maxRetries: 10, connectTimeoutSeconds: 10, bgTeardownDelaySeconds: 0, connectSchedulerConfig: {numberOfFastModeRetries: 2, initialUnreachableDelayFastMode: 200, additionalBackgroundDelayFastMode: 100, additionalDelayPerTryFastMode: 100, initialReachableDelayBackOffMode: 500, initialUnreachableDelayBackOffMode: 1000, additionalBackgroundDelayBackOffMode: 300, maxDelayBackOffMode: 40000, randomizeFactorBackOffModeEnabled: true, triesOffsetBackOffMode: 0}, closeConnectionOnNetworkInterfaceChange: true, enableEarlyFailOnSuspended: false, bufferBgRequestsAfterTeardown: false, stopPingsOnSuspended: false},enableEligibilityHashHeader:false,userAgent:,removeAsyncExecutorFromTunnelNetworkCallbacks:false,enableCallingSgErrorOnlyOnceInSgt:false,msysStreamGroupTransportSampleRate:0,msysStreamLifecycleSampleRate:0,msysNotifyStreamGroupOnPubAckTimeout:false,closeNetworkRequestOnTunnelStreamDestruct:true,useTigon:true,useTigonInDeprecatedMNSClient:false,allowRetriableWithConnectivityAwareLayer:false,msysBufferRequestWhileNoConnectivity:true, disableRetriableLayer:false, disableCancellationForTigonRequests:false, subscribeSgPingertoAppStatusCallbacks:false, triggerMsysHighSignalSyncOnAllConnections:true, h2MaxRequestsPerConnection:0, mvfstUseUDPSocketConnect:false, enableLogoutOnAuthFailure:false, useTunnelExecutor:false, tunnelConnectAckDisableConnectionClosure:false, mvfstKeepAliveTimeoutSeconds:0, enableSeparateHTTPClientForTunnel:false, forceHTTP2ForTunnel:false, enableCertificateRevocation:false, certificateRevocationListJSON:, mvfstMaximumPTOs0}
02-16 16:43:56.805 13758 13853 W DGWClientHolder: DGWMNSConfig IG4A\B4A: MNSDGWNetworkStackConfig: dnsCacheDir:/data/user/0/com.instagram.barcelona/files/android_ig_mns_dgw_dns_cache, quicEnabled:true, quicIdleTimeoutSec:30, quicKeepAliveTimeoutSec:0, quicHandshakeTimeoutSec:5, http2PingIntervalSec:260, http2MaxRequestsPerConnection:0, userAgent:Barcelona 416.0.0.44.66 Android (30/11; 440dpi; 1080x2400; blackshark; SHARK PRS-H0; penrose; qcom; pt_BR; 879745620), enableQuicEarlyData:true, tcpDelayMs:0, tcpConnectTimeoutSec:5, highPriorityEvLoopThread:false, enableHttpVersionCache:false, evLoopThreadPriority:0,  quicKnobs:, trustSandboxCertificates:false, quicUseMvfstMobileLibrary:false, enableQlog:false, maxQlogLines:500, mvfstUseHandshakeTimeout:false, preferIPv6ForBothTCPAndQUIC:false, closeWhenNoRequests:false,  closeConnectionThrottlingWindowMs:0, useTigon:true, useTigonInDeprecatedMNSClient:false, mvfstUseUDPSocketConnect:false, mvfstKeepAliveTimeoutSeconds:0, enableSeparateHTTPClientForTunnel:false, forceHTTP2ForTunnel:false, enableCertificateRevocation:false, certificateRevocationListJSON:, mvfstMaximumPTOs:0
02-16 16:43:56.808 13758 13853 W DGW     : W[reportSoftError:24] pingTimeout: value 50000 outside valid range [4000, 30000]
02-16 16:43:56.808 13758 13853 W soft_error.cpp: [DGWClientConfig] : pingTimeout: value 50000 outside valid range [4000, 30000] <force_oncall:mi_client_infra:force_oncall>
02-16 16:43:56.821  3140  3140 D PhoneSwitcherNetworkRequstListener: got request NetworkRequest [ TRACK_DEFAULT id=8967, [ Capabilities: INTERNET&NOT_RESTRICTED&TRUSTED Uid: 10299 AdministratorUids: [] RequestorUid: 10299 RequestorPackageName: com.instagram.barcelona] ] with score 60 and providerId 7
02-16 16:43:56.822  3084  3084 D CellularNetworkRequestListener: got request NetworkRequest [ TRACK_DEFAULT id=8967, [ Capabilities: INTERNET&NOT_RESTRICTED&TRUSTED Uid: 10299 AdministratorUids: [] RequestorUid: 10299 RequestorPackageName: com.instagram.barcelona] ] with score 60 and providerId 7
02-16 16:43:55.999     0     0 E pm8150b_charger: smblib_get_prop_batt_status: Couldn't get otg state rc=-22
02-16 16:43:56.000     0     0 I [bq27z561] bq_battery_soc_smooth_tracking: avg:139 ma:372, changed:0 update:1 smooth:0 optimiz:101 soc:100 system:100 last:100 time:0
02-16 16:43:56.001     0     0 I [bq27z561] fg_update_status: SOC:100,Volt:8650,Cur:372,Temp:383,RM:1691,FC:1691, RAW_SOC:10000,SOH:72,FAST:0,Cell1:3899,Cell2:3898,Delta:4
02-16 16:43:56.001     0     0 I [bq27z561] fg_check_full_status: term:200, full_volt:8870, usb_present:1, batt_sw_fc:0
02-16 16:43:56.075     0     0 I qcom_rpmh DRV: apps_rsc TCS Busy, retrying RPMH message send: addr=0x30080
02-16 16:43:57.049 13758 13758 W HalfnosisBarcelonaInitializer: Halfnosis is not enabled, skipping initialization.
02-16 16:43:57.060 13758 13758 W Looper  : PerfMonitor longMsg : seq=2 plan=16:43:55.691 late=2ms wall=1367ms running=686ms runnable=256ms io=100ms binder=39ms h=android.app.ActivityThread$H w=110 procState=8
02-16 16:43:57.062 13758 13758 W BackgroundStartupDetector: coldStartMode=DEFINITELY_BACKGROUND
02-16 16:43:57.063 13758 13758 W BackgroundStartupDetector: bgMode=BACKGROUND
02-16 16:43:57.064 13758 13758 I Choreographer: Skipped 113 frames!  The application may be doing too much work on its main thread.
02-16 16:43:57.065 13758 13758 W Looper  : PerfMonitor doFrame : time=0ms vsyncFrame=10617077 latency=946ms procState=8 historyMsgCount=5 (msgIndex=1 wall=1367ms seq=2 running=686ms runnable=256ms io=100ms binder=39ms late=2ms h=android.app.ActivityThread$H w=110)
02-16 16:43:57.071 13758 13758 E PendingMediaStoreSerializer: wait for deserialization lock
02-16 16:43:57.071 13758 13758 E PendingMediaStoreSerializer: calling callbacks
02-16 16:43:57.073 13758 14008 E EmergencyPushPeriodicFetchWorker: Skipping fetch since app is backgrounded
02-16 16:43:56.113     0     0 I         : Alarmtimer { Binder:1746_17', '342907497'}
02-16 16:43:56.113     0     0 I alarmtimer_enqueue: comm:Binder:1746_17 pid:5275 exp:342907497 func:timerfd_alarmproc
02-16 16:43:57.091 13758 14005 W FileBasedMultiProcessTracker: <default>: Initializing FileBasedMultiProcessTracking using /data/user/0/com.instagram.barcelona/app_multiprocess_tracking
02-16 16:43:57.091 13758 14005 W FileBasedMultiProcessTracker: <default>: Creating file to track 13758
02-16 16:43:57.106  1746  5275 W ActivityManager: Background start not allowed: service Intent { act=Orca.START cmp=com.instagram.barcelona/com.facebook.rti.pushv2.inapp.InappFbnsService (has extras) } to com.instagram.barcelona/com.facebook.rti.pushv2.inapp.InappFbnsService from pid=13758 uid=10299 pkg=com.instagram.barcelona startFg?=false
02-16 16:43:57.106 10581 10818 I TrafficManageService: mina mTrafficStatsReceiver onReceive
02-16 16:43:57.107 13758 13758 W RtiGracefulSystemMethodHelper: [AI] Failed to start service due to IllegalStateException on Android O
02-16 16:43:57.107 13758 13758 W RtiGracefulSystemMethodHelper: java.lang.IllegalStateException: Not allowed to start service Intent { act=Orca.START cmp=com.instagram.barcelona/com.facebook.rti.pushv2.inapp.InappFbnsService (has extras) }: app is in background uid UidRecord{b62b97b u0a299 TRNB idle change:uncached procs:1 seq(0,0,0)}
02-16 16:43:57.107 13758 13758 W RtiGracefulSystemMethodHelper: 	at android.app.ContextImpl.startServiceCommon(ContextImpl.java:1725)
02-16 16:43:57.107 13758 13758 W RtiGracefulSystemMethodHelper: 	at android.app.ContextImpl.startService(ContextImpl.java:1680)
02-16 16:43:57.107 13758 13758 W RtiGracefulSystemMethodHelper: 	at android.content.ContextWrapper.startService(ContextWrapper.java:731)
02-16 16:43:57.107 13758 13758 W RtiGracefulSystemMethodHelper: 	at X.1AS.A01(:30)
02-16 16:43:57.107 13758 13758 W RtiGracefulSystemMethodHelper: 	at X.17z.A01(:12)
02-16 16:43:57.107 13758 13758 W RtiGracefulSystemMethodHelper: 	at X.0zH.CkP(:344)
02-16 16:43:57.107 13758 13758 W RtiGracefulSystemMethodHelper: 	at X.5ym.onQueueIdle(:28)
02-16 16:43:57.107 13758 13758 W RtiGracefulSystemMethodHelper: 	at X.3kv.queueIdle(:33)
02-16 16:43:57.107 13758 13758 W RtiGracefulSystemMethodHelper: 	at android.os.MessageQueue.next(MessageQueue.java:404)
02-16 16:43:57.107 13758 13758 W RtiGracefulSystemMethodHelper: 	at android.os.Looper.loop(Looper.java:194)
02-16 16:43:57.107 13758 13758 W RtiGracefulSystemMethodHelper: 	at android.app.ActivityThread.main(ActivityThread.java:8414)
02-16 16:43:57.107 13758 13758 W RtiGracefulSystemMethodHelper: 	at java.lang.reflect.Method.invoke(Native Method)
02-16 16:43:57.107 13758 13758 W RtiGracefulSystemMethodHelper: 	at com.android.internal.os.RuntimeInit$MethodAndArgsCaller.run(RuntimeInit.java:663)
02-16 16:43:57.107 13758 13758 W RtiGracefulSystemMethodHelper: 	at com.android.internal.os.ZygoteInit.main(ZygoteInit.java:967)
02-16 16:43:57.110  1034  3376 I AudioFlinger: setGameParameters keyvalue: xlog.volume.music.speaker=1
02-16 16:43:57.110   939  1077 D audio_hw_primary: adev_set_parameters: enter: xlog.volume.music.speaker=1
02-16 16:43:57.110   939  1077 V msm8974_platform: platform_set_parameters: enter: xlog.volume.music.speaker=1
02-16 16:43:57.110   939  1077 D audio_hw_hfp: hfp_set_parameters: enter
02-16 16:43:57.110   939  1077 D audio_hw_hfp: hfp_set_parameters: enter
02-16 16:43:57.110   939  1077 V a2dp_offload: end of a2dp setparam
02-16 16:43:57.110   939  1077 D audio_hw_extn: audio_extn_fm_set_parameters: Enter
02-16 16:43:57.110   939  1077 D audio_hw_hfp: hfp_set_parameters: enter
02-16 16:43:57.110   939  1077 V a2dp_offload: end of a2dp setparam
02-16 16:43:57.110   939  1077 D audio_hw_primary: adev_set_parameters: exit with code(0)
02-16 16:43:57.112  1746  5203 W ActivityManager: Background start not allowed: service Intent { act=Orca.START cmp=com.instagram.barcelona/com.facebook.rti.pushv2.inapp.InappFbnsService (has extras) } to com.instagram.barcelona/com.facebook.rti.pushv2.inapp.InappFbnsService from pid=13758 uid=10299 pkg=com.instagram.barcelona startFg?=false
02-16 16:43:57.113 13758 13758 W RtiGracefulSystemMethodHelper: [AI] Failed to start service due to IllegalStateException on Android O
02-16 16:43:57.113 13758 13758 W RtiGracefulSystemMethodHelper: java.lang.IllegalStateException: Not allowed to start service Intent { act=Orca.START cmp=com.instagram.barcelona/com.facebook.rti.pushv2.inapp.InappFbnsService (has extras) }: app is in background uid UidRecord{b62b97b u0a299 TRNB idle change:uncached procs:1 seq(0,0,0)}
02-16 16:43:57.113 13758 13758 W RtiGracefulSystemMethodHelper: 	at android.app.ContextImpl.startServiceCommon(ContextImpl.java:1725)
02-16 16:43:57.113 13758 13758 W RtiGracefulSystemMethodHelper: 	at android.app.ContextImpl.startService(ContextImpl.java:1680)
02-16 16:43:57.113 13758 13758 W RtiGracefulSystemMethodHelper: 	at android.content.ContextWrapper.startService(ContextWrapper.java:731)
02-16 16:43:57.113 13758 13758 W RtiGracefulSystemMethodHelper: 	at X.1AS.A01(:30)
02-16 16:43:57.113 13758 13758 W RtiGracefulSystemMethodHelper: 	at X.17z.A01(:12)
02-16 16:43:57.113 13758 13758 W RtiGracefulSystemMethodHelper: 	at X.0zH.CkP(:344)
02-16 16:43:57.113 13758 13758 W RtiGracefulSystemMethodHelper: 	at com.instagram.push.FbnsInitBroadcastReceiver.onReceive(:308)
02-16 16:43:57.113 13758 13758 W RtiGracefulSystemMethodHelper: 	at android.app.LoadedApk$ReceiverDispatcher$Args.lambda$getRunnable$0$LoadedApk$ReceiverDispatcher$Args(LoadedApk.java:1564)
02-16 16:43:57.113 13758 13758 W RtiGracefulSystemMethodHelper: 	at android.app.-$$Lambda$LoadedApk$ReceiverDispatcher$Args$_BumDX2UKsnxLVrE6UJsJZkotuA.run(lambda:2)
02-16 16:43:57.113 13758 13758 W RtiGracefulSystemMethodHelper: 	at android.os.Handler.handleCallback(Handler.java:938)
02-16 16:43:57.113 13758 13758 W RtiGracefulSystemMethodHelper: 	at android.os.Handler.dispatchMessage(Handler.java:99)
02-16 16:43:57.113 13758 13758 W RtiGracefulSystemMethodHelper: 	at X.0m9.A02(:11)
02-16 16:43:57.113 13758 13758 W RtiGracefulSystemMethodHelper: 	at X.0m6.dispatchMessage(:38)
02-16 16:43:57.113 13758 13758 W RtiGracefulSystemMethodHelper: 	at android.os.Looper.loop(Looper.java:237)
02-16 16:43:57.113 13758 13758 W RtiGracefulSystemMethodHelper: 	at android.app.ActivityThread.main(ActivityThread.java:8414)
02-16 16:43:57.113 13758 13758 W RtiGracefulSystemMethodHelper: 	at java.lang.reflect.Method.invoke(Native Method)
02-16 16:43:57.113 13758 13758 W RtiGracefulSystemMethodHelper: 	at com.android.internal.os.RuntimeInit$MethodAndArgsCaller.run(RuntimeInit.java:663)
02-16 16:43:57.113 13758 13758 W RtiGracefulSystemMethodHelper: 	at com.android.internal.os.ZygoteInit.main(ZygoteInit.java:967)
02-16 16:43:56.150     0     0 I msm_dwc3_perf_vote_work: in_perf_mode:0, interrupts in last sample:0
02-16 16:43:57.126 13758 14005 W FileBasedMultiProcessTracker: <default>: FileBasedMultiProcessTracker ready!
02-16 16:43:57.137  1034  3376 I AudioPolicyService: updateUid  uid:10299  state:11 wasActive:0 active:1 insert:1 
02-16 16:43:57.142 13758 14011 W FileBasedMultiProcessTracker: <default>: Observed removed PID: 3419
02-16 16:43:57.146 13758 13849 W ServiceInfoParser: X.6oc: Service com.facebook.browser.lite.BrowserLiteInMainProcessIntentService is missing meta key com.facebook.common.jobscheduler.compat.jobIds
02-16 16:43:57.146 13758 13849 W ServiceInfoParser: X.6oc: Service instagram.features.creation.location.NearbyVenuesService is missing meta key com.facebook.common.jobscheduler.compat.jobIds
02-16 16:43:57.146 13758 13849 W ServiceInfoParser: X.6oc: Service com.instagram.gallery.scanner.MediaScannerJobService is missing meta key com.facebook.common.jobscheduler.compat.jobIds
02-16 16:43:57.147 13758 13849 W ServiceInfoParser: X.6oc: Service com.facebook.appcomponentmanager.AppComponentManagerService is missing meta key com.facebook.common.jobscheduler.compat.jobIds
02-16 16:43:57.147 13758 13849 W ServiceInfoParser: X.6oc: Service com.instagram.util.offline.BackgroundPrefetchJobService is missing meta key com.facebook.common.jobscheduler.compat.jobIds
02-16 16:43:57.147 13758 13849 W ServiceInfoParser: X.6oc: Service com.google.android.datatransport.runtime.scheduling.jobscheduling.JobInfoSchedulerService is missing meta key com.facebook.common.jobscheduler.compat.jobIds
02-16 16:43:57.147 13758 13849 W ServiceInfoParser: X.6oc: Service com.facebook.voltron.download.scheduledinstaller.OxygenScheduledInstallerJobService is missing meta key com.facebook.common.jobscheduler.compat.jobIds
02-16 16:43:57.147 13758 13849 W ServiceInfoParser: X.6oc: Service com.instagram.pendingmedia.service.impl.PendingMediaUIDTJob is missing meta key com.facebook.common.jobscheduler.compat.jobIds
02-16 16:43:57.147 13758 13849 W ServiceInfoParser: X.6oc: Service com.instagram.jobscheduler.bgfetch.scheduler.IgBgFetchSchedulerService is missing meta key com.facebook.common.jobscheduler.compat.jobIds
02-16 16:43:57.147 13758 13849 W ServiceInfoParser: X.6oc: Service com.instagram.notifications.push.GCMJobService is missing meta key com.facebook.common.jobscheduler.compat.jobIds
02-16 16:43:57.147 13758 13849 W ServiceInfoParser: X.6oc: Service com.instagram.notifications.push.IgPushRegistrationService is missing meta key com.facebook.common.jobscheduler.compat.jobIds
02-16 16:43:57.147 13758 13849 W ServiceInfoParser: X.6oc: Service com.instagram.notifications.push.ADMMessageJobHandler is missing meta key com.facebook.common.jobscheduler.compat.jobIds
02-16 16:43:57.147 13758 13849 W ServiceInfoParser: X.6oc: Service com.instagram.publisher.TransactionRevivalJobService is missing meta key com.facebook.common.jobscheduler.compat.jobIds
02-16 16:43:57.148 13758 13849 W ServiceInfoParser: X.6oc: Service com.instagram.publisher.HeartbeatJobService is missing meta key com.facebook.common.jobscheduler.compat.jobIds
02-16 16:43:57.148 13758 13849 W ServiceInfoParser: X.6oc: Service com.facebook.oxygen.preloads.sdk.firstparty.managedappcache.IsManagedAppCacheJobService is missing meta key com.facebook.common.jobscheduler.compat.jobIds
02-16 16:43:57.148 13758 13849 W ServiceInfoParser: X.6oc: Service com.google.android.gms.analytics.AnalyticsJobService is missing meta key com.facebook.common.jobscheduler.compat.jobIds
02-16 16:43:57.148 13758 13849 W ServiceInfoParser: X.6oc: Service androidx.work.impl.background.systemjob.SystemJobService is missing meta key com.facebook.common.jobscheduler.compat.jobIds
02-16 16:43:57.148 13758 13849 W ServiceInfoParser: X.6oc: Service com.facebook.analytics2.logger.service.LollipopUploadSafeService is missing meta key com.facebook.common.jobscheduler.compat.jobIds
02-16 16:43:57.148 13758 13849 W ServiceInfoParser: X.6oc: Service com.facebook.analytics2.logger.legacy.uploader.LollipopUploadService is missing meta key com.facebook.common.jobscheduler.compat.jobIds
02-16 16:43:57.148 13758 13849 W ServiceInfoParser: X.6oc: Service com.facebook.analytics2.logger.legacy.uploader.Analytics2UploadService is missing meta key com.facebook.common.jobscheduler.compat.jobIds
02-16 16:43:56.212     0     0 I         : Alarmtimer { Binder:1746_17', '342907497'}
02-16 16:43:56.212     0     0 I alarmtimer_enqueue: comm:Binder:1746_17 pid:5275 exp:342907497 func:timerfd_alarmproc
02-16 16:43:56.212     0     0 I         : Alarmtimer { Binder:1746_17', '342907497'}
02-16 16:43:56.212     0     0 I alarmtimer_enqueue: comm:Binder:1746_17 pid:5275 exp:342907497 func:timerfd_alarmproc
02-16 16:43:56.227     0     0 I         : Alarmtimer { Binder:1746_17', '342907497'}
02-16 16:43:56.227     0     0 I alarmtimer_enqueue: comm:Binder:1746_17 pid:5275 exp:342907497 func:timerfd_alarmproc
02-16 16:43:56.227     0     0 I         : Alarmtimer { Binder:1746_17', '342907497'}
02-16 16:43:56.227     0     0 I alarmtimer_enqueue: comm:Binder:1746_17 pid:5275 exp:342907497 func:timerfd_alarmproc
02-16 16:43:57.204   980  1217 I GameEngine: ThmMonitor: set dynamic fps prop: 0, delta: 0
02-16 16:43:56.241     0     0 I         : Alarmtimer { Binder:1746_17', '342907497'}
02-16 16:43:56.241     0     0 I alarmtimer_enqueue: comm:Binder:1746_17 pid:5275 exp:342907497 func:timerfd_alarmproc
02-16 16:43:56.241     0     0 I         : Alarmtimer { Binder:1746_17', '342907497'}
02-16 16:43:56.241     0     0 I alarmtimer_enqueue: comm:Binder:1746_17 pid:5275 exp:342907497 func:timerfd_alarmproc
02-16 16:43:56.252     0     0 I QCOM-STEPCHG: handle_jeita: handle_jeita: temp:383, fcc_ua:12000000
02-16 16:43:57.335 13751 13825 W eddit.frontpag: Long monitor contention with owner DefaultDispatcher-worker-3 (13827) at java.lang.Object cl0.b.get()(r8-map-id-2757bc5a12c8a89888a75afedcc959219a569cccc32657e555c1b123116d684e:66) waiters=0 in java.lang.Object cl0.b.get() for 849ms
02-16 16:43:57.450 13751 14015 W eddit.frontpag: ClassLoaderContext classpath size mismatch. expected=14, found=0 (DLC[];PCL[base.apk*3065568285:base.apk!classes2.dex*3268766306:base.apk!classes3.dex*2843513413:base.apk!classes4.dex*220832387:base.apk!classes5.dex*3740167182:base.apk!classes6.dex*3180699162:base.apk!classes7.dex*3000953131:base.apk!classes8.dex*3931833946:base.apk!classes9.dex*1916331472:base.apk!classes10.dex*2715193237:base.apk!classes11.dex*1280460714:base.apk!classes12.dex*3584490133:base.apk!classes13.dex*655467241:base.apk!classes14.dex*483459455]{PCL[/system/framework/org.apache.http.legacy.jar*317971097]#PCL[/apex/com.android.extservices/javalib/android.ext.adservices.jar*1727077579]#PCL[/system/framework/com.android.location.provider.jar*1664931834]#PCL[/system/framework/com.android.media.remotedisplay.jar*1573936315]#PCL[/apex/com.android.extservices/javalib/android.ext.adservices.jar*1727077579]} | DLC[];PCL[])
02-16 16:43:57.468 13751 14026 W AudioCapabilities: Unsupported mime audio/dts
02-16 16:43:57.468 13751 14026 W AudioCapabilities: Unsupported mime audio/vnd.dts
02-16 16:43:57.469 13751 14026 W AudioCapabilities: Unsupported mime audio/vnd.dts.hd
02-16 16:43:57.469 13751 14026 W AudioCapabilities: Unsupported mime audio/vnd.dts.hd;profile=lbr
02-16 16:43:57.469 13751 14026 W VideoCapabilities: Unsupported mime image/vnd.android.heic
02-16 16:43:57.470 13751 14026 W VideoCapabilities: Unrecognized profile/level 0/3 for video/mpeg2
02-16 16:43:57.470 13751 14026 W VideoCapabilities: Unrecognized profile/level 0/3 for video/mpeg2
02-16 16:43:57.470  1034  3376 I AudioPolicyService: updateUid  uid:10289  state:8 wasActive:0 active:1 insert:1 
02-16 16:43:57.471  1034  3376 I AudioPolicyService: updateUid  uid:99229  state:8 wasActive:0 active:1 insert:1 
02-16 16:43:57.494 13751 14015 W System  : ClassLoader referenced unknown path: 
