02-16 16:43:56.270 13758 13852 E QPLProvider: 	at X.2et.Anv(:2)
02-16 16:43:56.270 13758 13852 E QPLProvider: 	at X.2mh.A00(:279)
02-16 16:43:56.270 13758 13852 E QPLProvider: 	at X.2ij.get(:256)
02-16 16:43:56.270 13758 13852 E QPLProvider: 	at X.2io.A01(:9)
02-16 16:43:56.270 13758 13852 E QPLProvider: 	at X.2iu.run(:83)
02-16 16:43:56.270 13758 13852 E QPLProvider: 	at X.1qj.run(:25)
02-16 16:43:56.270 13758 13852 E QPLProvider: 	at X.2dx.run(:16)
02-16 16:43:56.270 13758 13852 E QPLProvider: 	at X.1qj.run(:25)
02-16 16:43:56.270 13758 13852 E QPLProvider: 	at X.1qj.run(:25)
02-16 16:43:56.270 13758 13852 E QPLProvider: 	at X.1pz.A00(:110)
02-16 16:43:56.270 13758 13852 E QPLProvider: 	at X.1pz.run(:136)
02-16 16:43:56.270 13758 13852 E QPLProvider: QuickPerformanceLogger instance wasn't installed in provider, returning noop. Please call QuickPerformanceLoggerProvider.setQuickPerformanceLogger() before getting the instance.
02-16 16:43:56.270 13758 13852 E QPLProvider: java.lang.IllegalStateException: No QPL instance provided
02-16 16:43:56.270 13758 13852 E QPLProvider: 	at com.facebook.quicklog.QuickPerformanceLoggerProvider.getQPLInstance(:8)
02-16 16:43:56.270 13758 13852 E QPLProvider: 	at X.2fm.A01(:127)
02-16 16:43:56.270 13758 13852 E QPLProvider: 	at X.2et.Anv(:2)
02-16 16:43:56.270 13758 13852 E QPLProvider: 	at X.2mh.A00(:279)
02-16 16:43:56.270 13758 13852 E QPLProvider: 	at X.2ij.get(:256)
02-16 16:43:56.270 13758 13852 E QPLProvider: 	at X.2io.A01(:9)
02-16 16:43:56.270 13758 13852 E QPLProvider: 	at X.2iu.run(:83)
02-16 16:43:56.270 13758 13852 E QPLProvider: 	at X.1qj.run(:25)
02-16 16:43:56.270 13758 13852 E QPLProvider: 	at X.2dx.run(:16)
02-16 16:43:56.270 13758 13852 E QPLProvider: 	at X.1qj.run(:25)
02-16 16:43:56.270 13758 13852 E QPLProvider: 	at X.1qj.run(:25)
02-16 16:43:56.270 13758 13852 E QPLProvider: 	at X.1pz.A00(:110)
02-16 16:43:56.270 13758 13852 E QPLProvider: 	at X.1pz.run(:136)
02-16 16:43:56.270 13758 13852 E QPLProvider: QuickPerformanceLogger instance wasn't installed in provider, returning noop. Please call QuickPerformanceLoggerProvider.setQuickPerformanceLogger() before getting the instance.
02-16 16:43:56.270 13758 13852 E QPLProvider: java.lang.IllegalStateException: No QPL instance provided
02-16 16:43:56.270 13758 13852 E QPLProvider: 	at com.facebook.quicklog.QuickPerformanceLoggerProvider.getQPLInstance(:8)
02-16 16:43:56.270 13758 13852 E QPLProvider: 	at X.2fm.A01(:138)
02-16 16:43:56.270 13758 13852 E QPLProvider: 	at X.2et.Anv(:2)
02-16 16:43:56.270 13758 13852 E QPLProvider: 	at X.2mh.A00(:279)
02-16 16:43:56.270 13758 13852 E QPLProvider: 	at X.2ij.get(:256)
02-16 16:43:56.270 13758 13852 E QPLProvider: 	at X.2io.A01(:9)
02-16 16:43:56.270 13758 13852 E QPLProvider: 	at X.2iu.run(:83)
02-16 16:43:56.270 13758 13852 E QPLProvider: 	at X.1qj.run(:25)
02-16 16:43:56.270 13758 13852 E QPLProvider: 	at X.2dx.run(:16)
02-16 16:43:56.270 13758 13852 E QPLProvider: 	at X.1qj.run(:25)
02-16 16:43:56.270 13758 13852 E QPLProvider: 	at X.1qj.run(:25)
02-16 16:43:56.270 13758 13852 E QPLProvider: 	at X.1pz.A00(:110)
02-16 16:43:56.270 13758 13852 E QPLProvider: 	at X.1pz.run(:136)
02-16 16:43:56.278 13758 13852 E QPLProvider: QuickPerformanceLogger instance wasn't installed in provider, returning noop. Please call QuickPerformanceLoggerProvider.setQuickPerformanceLogger() before getting the instance.
02-16 16:43:56.278 13758 13852 E QPLProvider: java.lang.IllegalStateException: No QPL instance provided
02-16 16:43:56.278 13758 13852 E QPLProvider: 	at com.facebook.quicklog.QuickPerformanceLoggerProvider.getQPLInstance(:8)
02-16 16:43:56.278 13758 13852 E QPLProvider: 	at com.facebook.quicklog.QuickPerformanceLoggerNativeProvider.getQPLInstance(:0)
02-16 16:43:56.278 13758 13852 E QPLProvider: 	at com.instagram.service.tigon.IGTigonService.initHybrid(Native Method)
02-16 16:43:56.278 13758 13852 E QPLProvider: 	at com.instagram.service.tigon.IGTigonService.<init>(:34)
02-16 16:43:56.278 13758 13852 E QPLProvider: 	at X.2mh.A00(:507)
02-16 16:43:56.278 13758 13852 E QPLProvider: 	at X.2ij.get(:256)
02-16 16:43:56.278 13758 13852 E QPLProvider: 	at X.2io.A01(:9)
02-16 16:43:56.278 13758 13852 E QPLProvider: 	at X.2iu.run(:83)
02-16 16:43:56.278 13758 13852 E QPLProvider: 	at X.1qj.run(:25)
02-16 16:43:56.278 13758 13852 E QPLProvider: 	at X.2dx.run(:16)
02-16 16:43:56.278 13758 13852 E QPLProvider: 	at X.1qj.run(:25)
02-16 16:43:56.278 13758 13852 E QPLProvider: 	at X.1qj.run(:25)
02-16 16:43:56.278 13758 13852 E QPLProvider: 	at X.1pz.A00(:110)
02-16 16:43:56.278 13758 13852 E QPLProvider: 	at X.1pz.run(:136)
02-16 16:43:56.282 13758 13758 W IgMetaConfig: Could not obtain MC: not_user_session session=X.1gV@8f26708
02-16 16:43:56.282 13758 13758 W IgMetaConfig: java.lang.RuntimeException: Could not obtain MC, call-site will receive default values
02-16 16:43:56.282 13758 13758 W IgMetaConfig: 	at X.1kT.A04(:4)
02-16 16:43:56.282 13758 13758 W IgMetaConfig: 	at X.1kT.A03(:7)
02-16 16:43:56.282 13758 13758 W IgMetaConfig: 	at X.1kT.A01(:2)
02-16 16:43:56.282 13758 13758 W IgMetaConfig: 	at X.2zh.A00(:8)
02-16 16:43:56.282 13758 13758 W IgMetaConfig: 	at X.2zh.A01(:2)
02-16 16:43:56.282 13758 13758 W IgMetaConfig: 	at X.2zc.A00(:8)
02-16 16:43:56.282 13758 13758 W IgMetaConfig: 	at X.2za.<init>(:19)
02-16 16:43:56.282 13758 13758 W IgMetaConfig: 	at X.2dF.invoke(:1269)
02-16 16:43:56.282 13758 13758 W IgMetaConfig: 	at X.3c9.getValue(:25)
02-16 16:43:56.282 13758 13758 W IgMetaConfig: 	at X.2dF.invoke(:1283)
02-16 16:43:56.282 13758 13758 W IgMetaConfig: 	at X.2eA.A05(:32)
02-16 16:43:56.282 13758 13758 W IgMetaConfig: 	at X.1va.A03(:167)
02-16 16:43:56.282 13758 13758 W IgMetaConfig: 	at X.1hH.A01(:39)
02-16 16:43:56.282 13758 13758 W IgMetaConfig: 	at com.instagram.barcelona.process.main.BarcelonaApplicationForMainProcess.A07(:2052)
02-16 16:43:56.282 13758 13758 W IgMetaConfig: 	at com.instagram.barcelona.app.BarcelonaAppShell.onCreate(:653)
02-16 16:43:56.282 13758 13758 W IgMetaConfig: 	at android.app.Instrumentation.callApplicationOnCreate(Instrumentation.java:1198)
02-16 16:43:56.282 13758 13758 W IgMetaConfig: 	at android.app.ActivityThread.handleBindApplication(ActivityThread.java:7346)
02-16 16:43:56.282 13758 13758 W IgMetaConfig: 	at android.app.ActivityThread.access$1600(ActivityThread.java:261)
02-16 16:43:56.282 13758 13758 W IgMetaConfig: 	at android.app.ActivityThread$H.handleMessage(ActivityThread.java:2180)
02-16 16:43:56.282 13758 13758 W IgMetaConfig: 	at android.os.Handler.dispatchMessage(Handler.java:106)
02-16 16:43:56.282 13758 13758 W IgMetaConfig: 	at android.os.Looper.loop(Looper.java:237)
02-16 16:43:56.282 13758 13758 W IgMetaConfig: 	at android.app.ActivityThread.main(ActivityThread.java:8414)
02-16 16:43:56.282 13758 13758 W IgMetaConfig: 	at java.lang.reflect.Method.invoke(Native Method)
02-16 16:43:56.282 13758 13758 W IgMetaConfig: 	at com.android.internal.os.RuntimeInit$MethodAndArgsCaller.run(RuntimeInit.java:663)
02-16 16:43:56.282 13758 13758 W IgMetaConfig: 	at com.android.internal.os.ZygoteInit.main(ZygoteInit.java:967)
02-16 16:43:56.285 13758 13906 E QPLProvider: QuickPerformanceLogger instance wasn't installed in provider, returning noop. Please call QuickPerformanceLoggerProvider.setQuickPerformanceLogger() before getting the instance.
02-16 16:43:56.285 13758 13906 E QPLProvider: java.lang.IllegalStateException: No QPL instance provided
02-16 16:43:56.285 13758 13906 E QPLProvider: 	at com.facebook.quicklog.QuickPerformanceLoggerProvider.getQPLInstance(:8)
02-16 16:43:56.285 13758 13906 E QPLProvider: 	at com.facebook.quicklog.QuickPerformanceLoggerNativeProvider.getQPLInstance(:0)
02-16 16:43:56.285 13758 13906 E QPLProvider: 	at com.facebook.common.jniexecutors.NativeRunnable.nativeRun(Native Method)
02-16 16:43:56.285 13758 13906 E QPLProvider: 	at com.facebook.common.jniexecutors.NativeRunnable.run(:8)
02-16 16:43:56.285 13758 13906 E QPLProvider: 	at com.facebook.common.jniexecutors.PooledNativeRunnable.run(:0)
02-16 16:43:56.285 13758 13906 E QPLProvider: 	at java.util.concurrent.Executors$RunnableAdapter.call(Executors.java:462)
02-16 16:43:56.285 13758 13906 E QPLProvider: 	at java.util.concurrent.FutureTask.run(FutureTask.java:266)
02-16 16:43:56.285 13758 13906 E QPLProvider: 	at java.util.concurrent.ScheduledThreadPoolExecutor$ScheduledFutureTask.run(ScheduledThreadPoolExecutor.java:301)
02-16 16:43:56.285 13758 13906 E QPLProvider: 	at java.util.concurrent.ThreadPoolExecutor.runWorker(ThreadPoolExecutor.java:1167)
02-16 16:43:56.285 13758 13906 E QPLProvider: 	at java.util.concurrent.ThreadPoolExecutor$Worker.run(ThreadPoolExecutor.java:641)
02-16 16:43:56.285 13758 13906 E QPLProvider: 	at java.lang.Thread.run(Thread.java:923)
02-16 16:43:56.300 13758 13758 W SoLoader: Loading mobileconfig-jni on the main thread
02-16 16:43:56.300 13758 13758 W SoLoader: Loading mobileconfig-stub-funcs on the main thread
02-16 16:43:56.309 13758 13850 E QPLProvider: QuickPerformanceLogger instance wasn't installed in provider, returning noop. Please call QuickPerformanceLoggerProvider.setQuickPerformanceLogger() before getting the instance.
02-16 16:43:56.309 13758 13850 E QPLProvider: java.lang.IllegalStateException: No QPL instance provided
02-16 16:43:56.309 13758 13850 E QPLProvider: 	at com.facebook.quicklog.QuickPerformanceLoggerProvider.getQPLInstance(:8)
02-16 16:43:56.309 13758 13850 E QPLProvider: 	at X.2fm.A01(:10)
02-16 16:43:56.309 13758 13850 E QPLProvider: 	at X.2et.Anv(:2)
02-16 16:43:56.309 13758 13850 E QPLProvider: 	at X.2xd.A00(:12)
02-16 16:43:56.309 13758 13850 E QPLProvider: 	at X.2xf.run(:2)
02-16 16:43:56.309 13758 13850 E QPLProvider: 	at X.1qj.run(:25)
02-16 16:43:56.309 13758 13850 E QPLProvider: 	at X.1qj.run(:25)
02-16 16:43:56.309 13758 13850 E QPLProvider: 	at X.1pz.A00(:110)
02-16 16:43:56.309 13758 13850 E QPLProvider: 	at X.1pz.run(:136)
02-16 16:43:56.309 13758 13850 E QPLProvider: QuickPerformanceLogger instance wasn't installed in provider, returning noop. Please call QuickPerformanceLoggerProvider.setQuickPerformanceLogger() before getting the instance.
02-16 16:43:56.309 13758 13850 E QPLProvider: java.lang.IllegalStateException: No QPL instance provided
02-16 16:43:56.309 13758 13850 E QPLProvider: 	at com.facebook.quicklog.QuickPerformanceLoggerProvider.getQPLInstance(:8)
02-16 16:43:56.309 13758 13850 E QPLProvider: 	at X.2fm.A01(:22)
02-16 16:43:56.309 13758 13850 E QPLProvider: 	at X.2et.Anv(:2)
02-16 16:43:56.309 13758 13850 E QPLProvider: 	at X.2xd.A00(:12)
02-16 16:43:56.309 13758 13850 E QPLProvider: 	at X.2xf.run(:2)
02-16 16:43:56.309 13758 13850 E QPLProvider: 	at X.1qj.run(:25)
02-16 16:43:56.309 13758 13850 E QPLProvider: 	at X.1qj.run(:25)
02-16 16:43:56.309 13758 13850 E QPLProvider: 	at X.1pz.A00(:110)
02-16 16:43:56.309 13758 13850 E QPLProvider: 	at X.1pz.run(:136)
02-16 16:43:56.309 13758 13850 E QPLProvider: QuickPerformanceLogger instance wasn't installed in provider, returning noop. Please call QuickPerformanceLoggerProvider.setQuickPerformanceLogger() before getting the instance.
02-16 16:43:56.309 13758 13850 E QPLProvider: java.lang.IllegalStateException: No QPL instance provided
02-16 16:43:56.309 13758 13850 E QPLProvider: 	at com.facebook.quicklog.QuickPerformanceLoggerProvider.getQPLInstance(:8)
02-16 16:43:56.309 13758 13850 E QPLProvider: 	at X.2fm.A01(:36)
02-16 16:43:56.309 13758 13850 E QPLProvider: 	at X.2et.Anv(:2)
02-16 16:43:56.309 13758 13850 E QPLProvider: 	at X.2xd.A00(:12)
02-16 16:43:56.309 13758 13850 E QPLProvider: 	at X.2xf.run(:2)
02-16 16:43:56.309 13758 13850 E QPLProvider: 	at X.1qj.run(:25)
02-16 16:43:56.309 13758 13850 E QPLProvider: 	at X.1qj.run(:25)
02-16 16:43:56.309 13758 13850 E QPLProvider: 	at X.1pz.A00(:110)
02-16 16:43:56.309 13758 13850 E QPLProvider: 	at X.1pz.run(:136)
02-16 16:43:56.309 13758 13850 E QPLProvider: QuickPerformanceLogger instance wasn't installed in provider, returning noop. Please call QuickPerformanceLoggerProvider.setQuickPerformanceLogger() before getting the instance.
02-16 16:43:56.309 13758 13850 E QPLProvider: java.lang.IllegalStateException: No QPL instance provided
02-16 16:43:56.309 13758 13850 E QPLProvider: 	at com.facebook.quicklog.QuickPerformanceLoggerProvider.getQPLInstance(:8)
02-16 16:43:56.309 13758 13850 E QPLProvider: 	at X.2et.A01(:12)
02-16 16:43:56.309 13758 13850 E QPLProvider: 	at X.2fm.A01(:47)
02-16 16:43:56.309 13758 13850 E QPLProvider: 	at X.2et.Anv(:2)
02-16 16:43:56.309 13758 13850 E QPLProvider: 	at X.2xd.A00(:12)
02-16 16:43:56.309 13758 13850 E QPLProvider: 	at X.2xf.run(:2)
02-16 16:43:56.309 13758 13850 E QPLProvider: 	at X.1qj.run(:25)
02-16 16:43:56.309 13758 13850 E QPLProvider: 	at X.1qj.run(:25)
02-16 16:43:56.309 13758 13850 E QPLProvider: 	at X.1pz.A00(:110)
02-16 16:43:56.309 13758 13850 E QPLProvider: 	at X.1pz.run(:136)
02-16 16:43:56.309 13758 13850 E QPLProvider: QuickPerformanceLogger instance wasn't installed in provider, returning noop. Please call QuickPerformanceLoggerProvider.setQuickPerformanceLogger() before getting the instance.
02-16 16:43:56.309 13758 13850 E QPLProvider: java.lang.IllegalStateException: No QPL instance provided
02-16 16:43:56.309 13758 13850 E QPLProvider: 	at com.facebook.quicklog.QuickPerformanceLoggerProvider.getQPLInstance(:8)
02-16 16:43:56.309 13758 13850 E QPLProvider: 	at X.2et.A01(:24)
02-16 16:43:56.309 13758 13850 E QPLProvider: 	at X.2fm.A01(:47)
02-16 16:43:56.309 13758 13850 E QPLProvider: 	at X.2et.Anv(:2)
02-16 16:43:56.309 13758 13850 E QPLProvider: 	at X.2xd.A00(:12)
02-16 16:43:56.309 13758 13850 E QPLProvider: 	at X.2xf.run(:2)
02-16 16:43:56.309 13758 13850 E QPLProvider: 	at X.1qj.run(:25)
02-16 16:43:56.309 13758 13850 E QPLProvider: 	at X.1qj.run(:25)
02-16 16:43:56.309 13758 13850 E QPLProvider: 	at X.1pz.A00(:110)
02-16 16:43:56.309 13758 13850 E QPLProvider: 	at X.1pz.run(:136)
02-16 16:43:56.309 13758 13850 E QPLProvider: QuickPerformanceLogger instance wasn't installed in provider, returning noop. Please call QuickPerformanceLoggerProvider.setQuickPerformanceLogger() before getting the instance.
02-16 16:43:56.309 13758 13850 E QPLProvider: java.lang.IllegalStateException: No QPL instance provided
02-16 16:43:56.309 13758 13850 E QPLProvider: 	at com.facebook.quicklog.QuickPerformanceLoggerProvider.getQPLInstance(:8)
02-16 16:43:56.309 13758 13850 E QPLProvider: 	at X.2et.A01(:38)
02-16 16:43:56.309 13758 13850 E QPLProvider: 	at X.2fm.A01(:47)
02-16 16:43:56.309 13758 13850 E QPLProvider: 	at X.2et.Anv(:2)
02-16 16:43:56.309 13758 13850 E QPLProvider: 	at X.2xd.A00(:12)
02-16 16:43:56.309 13758 13850 E QPLProvider: 	at X.2xf.run(:2)
02-16 16:43:56.309 13758 13850 E QPLProvider: 	at X.1qj.run(:25)
02-16 16:43:56.309 13758 13850 E QPLProvider: 	at X.1qj.run(:25)
02-16 16:43:56.309 13758 13850 E QPLProvider: 	at X.1pz.A00(:110)
02-16 16:43:56.309 13758 13850 E QPLProvider: 	at X.1pz.run(:136)
02-16 16:43:56.309 13758 13850 E QPLProvider: QuickPerformanceLogger instance wasn't installed in provider, returning noop. Please call QuickPerformanceLoggerProvider.setQuickPerformanceLogger() before getting the instance.
02-16 16:43:56.309 13758 13850 E QPLProvider: java.lang.IllegalStateException: No QPL instance provided
02-16 16:43:56.309 13758 13850 E QPLProvider: 	at com.facebook.quicklog.QuickPerformanceLoggerProvider.getQPLInstance(:8)
02-16 16:43:56.309 13758 13850 E QPLProvider: 	at X.2et.A01(:53)
02-16 16:43:56.309 13758 13850 E QPLProvider: 	at X.2fm.A01(:47)
02-16 16:43:56.309 13758 13850 E QPLProvider: 	at X.2et.Anv(:2)
02-16 16:43:56.309 13758 13850 E QPLProvider: 	at X.2xd.A00(:12)
02-16 16:43:56.309 13758 13850 E QPLProvider: 	at X.2xf.run(:2)
02-16 16:43:56.309 13758 13850 E QPLProvider: 	at X.1qj.run(:25)
02-16 16:43:56.309 13758 13850 E QPLProvider: 	at X.1qj.run(:25)
02-16 16:43:56.309 13758 13850 E QPLProvider: 	at X.1pz.A00(:110)
02-16 16:43:56.309 13758 13850 E QPLProvider: 	at X.1pz.run(:136)
02-16 16:43:56.309 13758 13850 E QPLProvider: QuickPerformanceLogger instance wasn't installed in provider, returning noop. Please call QuickPerformanceLoggerProvider.setQuickPerformanceLogger() before getting the instance.
02-16 16:43:56.309 13758 13850 E QPLProvider: java.lang.IllegalStateException: No QPL instance provided
02-16 16:43:56.309 13758 13850 E QPLProvider: 	at com.facebook.quicklog.QuickPerformanceLoggerProvider.getQPLInstance(:8)
02-16 16:43:56.309 13758 13850 E QPLProvider: 	at X.2et.A01(:64)
02-16 16:43:56.309 13758 13850 E QPLProvider: 	at X.2fm.A01(:47)
02-16 16:43:56.309 13758 13850 E QPLProvider: 	at X.2et.Anv(:2)
02-16 16:43:56.309 13758 13850 E QPLProvider: 	at X.2xd.A00(:12)
02-16 16:43:56.309 13758 13850 E QPLProvider: 	at X.2xf.run(:2)
02-16 16:43:56.309 13758 13850 E QPLProvider: 	at X.1qj.run(:25)
02-16 16:43:56.309 13758 13850 E QPLProvider: 	at X.1qj.run(:25)
02-16 16:43:56.309 13758 13850 E QPLProvider: 	at X.1pz.A00(:110)
02-16 16:43:56.309 13758 13850 E QPLProvider: 	at X.1pz.run(:136)
02-16 16:43:56.309 13758 13850 E QPLProvider: QuickPerformanceLogger instance wasn't installed in provider, returning noop. Please call QuickPerformanceLoggerProvider.setQuickPerformanceLogger() before getting the instance.
02-16 16:43:56.309 13758 13850 E QPLProvider: java.lang.IllegalStateException: No QPL instance provided
02-16 16:43:56.309 13758 13850 E QPLProvider: 	at com.facebook.quicklog.QuickPerformanceLoggerProvider.getQPLInstance(:8)
02-16 16:43:56.309 13758 13850 E QPLProvider: 	at X.2et.A01(:89)
02-16 16:43:56.309 13758 13850 E QPLProvider: 	at X.2fm.A01(:47)
02-16 16:43:56.309 13758 13850 E QPLProvider: 	at X.2et.Anv(:2)
02-16 16:43:56.309 13758 13850 E QPLProvider: 	at X.2xd.A00(:12)
02-16 16:43:56.309 13758 13850 E QPLProvider: 	at X.2xf.run(:2)
02-16 16:43:56.309 13758 13850 E QPLProvider: 	at X.1qj.run(:25)
02-16 16:43:56.309 13758 13850 E QPLProvider: 	at X.1qj.run(:25)
02-16 16:43:56.309 13758 13850 E QPLProvider: 	at X.1pz.A00(:110)
02-16 16:43:56.309 13758 13850 E QPLProvider: 	at X.1pz.run(:136)
02-16 16:43:56.309 13758 13850 E QPLProvider: QuickPerformanceLogger instance wasn't installed in provider, returning noop. Please call QuickPerformanceLoggerProvider.setQuickPerformanceLogger() before getting the instance.
02-16 16:43:56.309 13758 13850 E QPLProvider: java.lang.IllegalStateException: No QPL instance provided
02-16 16:43:56.309 13758 13850 E QPLProvider: 	at com.facebook.quicklog.QuickPerformanceLoggerProvider.getQPLInstance(:8)
02-16 16:43:56.309 13758 13850 E QPLProvider: 	at X.2et.A01(:100)
02-16 16:43:56.309 13758 13850 E QPLProvider: 	at X.2fm.A01(:47)
02-16 16:43:56.309 13758 13850 E QPLProvider: 	at X.2et.Anv(:2)
02-16 16:43:56.309 13758 13850 E QPLProvider: 	at X.2xd.A00(:12)
02-16 16:43:56.309 13758 13850 E QPLProvider: 	at X.2xf.run(:2)
02-16 16:43:56.309 13758 13850 E QPLProvider: 	at X.1qj.run(:25)
02-16 16:43:56.309 13758 13850 E QPLProvider: 	at X.1qj.run(:25)
02-16 16:43:56.309 13758 13850 E QPLProvider: 	at X.1pz.A00(:110)
02-16 16:43:56.309 13758 13850 E QPLProvider: 	at X.1pz.run(:136)
02-16 16:43:56.310 13758 13850 E QPLProvider: QuickPerformanceLogger instance wasn't installed in provider, returning noop. Please call QuickPerformanceLoggerProvider.setQuickPerformanceLogger() before getting the instance.
02-16 16:43:56.310 13758 13850 E QPLProvider: java.lang.IllegalStateException: No QPL instance provided
02-16 16:43:56.310 13758 13850 E QPLProvider: 	at com.facebook.quicklog.QuickPerformanceLoggerProvider.getQPLInstance(:8)
02-16 16:43:56.310 13758 13850 E QPLProvider: 	at X.2et.A01(:114)
02-16 16:43:56.310 13758 13850 E QPLProvider: 	at X.2fm.A01(:47)
02-16 16:43:56.310 13758 13850 E QPLProvider: 	at X.2et.Anv(:2)
02-16 16:43:56.310 13758 13850 E QPLProvider: 	at X.2xd.A00(:12)
02-16 16:43:56.310 13758 13850 E QPLProvider: 	at X.2xf.run(:2)
02-16 16:43:56.310 13758 13850 E QPLProvider: 	at X.1qj.run(:25)
02-16 16:43:56.310 13758 13850 E QPLProvider: 	at X.1qj.run(:25)
02-16 16:43:56.310 13758 13850 E QPLProvider: 	at X.1pz.A00(:110)
02-16 16:43:56.310 13758 13850 E QPLProvider: 	at X.1pz.run(:136)
02-16 16:43:56.310 13758 13850 E QPLProvider: QuickPerformanceLogger instance wasn't installed in provider, returning noop. Please call QuickPerformanceLoggerProvider.setQuickPerformanceLogger() before getting the instance.
02-16 16:43:56.310 13758 13850 E QPLProvider: java.lang.IllegalStateException: No QPL instance provided
02-16 16:43:56.310 13758 13850 E QPLProvider: 	at com.facebook.quicklog.QuickPerformanceLoggerProvider.getQPLInstance(:8)
02-16 16:43:56.310 13758 13850 E QPLProvider: 	at X.2et.A01(:138)
02-16 16:43:56.310 13758 13850 E QPLProvider: 	at X.2fm.A01(:47)
02-16 16:43:56.310 13758 13850 E QPLProvider: 	at X.2et.Anv(:2)
02-16 16:43:56.310 13758 13850 E QPLProvider: 	at X.2xd.A00(:12)
02-16 16:43:56.310 13758 13850 E QPLProvider: 	at X.2xf.run(:2)
02-16 16:43:56.310 13758 13850 E QPLProvider: 	at X.1qj.run(:25)
02-16 16:43:56.310 13758 13850 E QPLProvider: 	at X.1qj.run(:25)
02-16 16:43:56.310 13758 13850 E QPLProvider: 	at X.1pz.A00(:110)
02-16 16:43:56.310 13758 13850 E QPLProvider: 	at X.1pz.run(:136)
02-16 16:43:56.310 13758 13850 E QPLProvider: QuickPerformanceLogger instance wasn't installed in provider, returning noop. Please call QuickPerformanceLoggerProvider.setQuickPerformanceLogger() before getting the instance.
02-16 16:43:56.310 13758 13850 E QPLProvider: java.lang.IllegalStateException: No QPL instance provided
02-16 16:43:56.310 13758 13850 E QPLProvider: 	at com.facebook.quicklog.QuickPerformanceLoggerProvider.getQPLInstance(:8)
02-16 16:43:56.310 13758 13850 E QPLProvider: 	at X.2fm.A01(:51)
02-16 16:43:56.310 13758 13850 E QPLProvider: 	at X.2et.Anv(:2)
02-16 16:43:56.310 13758 13850 E QPLProvider: 	at X.2xd.A00(:12)
02-16 16:43:56.310 13758 13850 E QPLProvider: 	at X.2xf.run(:2)
02-16 16:43:56.310 13758 13850 E QPLProvider: 	at X.1qj.run(:25)
02-16 16:43:56.310 13758 13850 E QPLProvider: 	at X.1qj.run(:25)
02-16 16:43:56.310 13758 13850 E QPLProvider: 	at X.1pz.A00(:110)
02-16 16:43:56.310 13758 13850 E QPLProvider: 	at X.1pz.run(:136)
02-16 16:43:56.310 13758 13850 E QPLProvider: QuickPerformanceLogger instance wasn't installed in provider, returning noop. Please call QuickPerformanceLoggerProvider.setQuickPerformanceLogger() before getting the instance.
02-16 16:43:56.310 13758 13850 E QPLProvider: java.lang.IllegalStateException: No QPL instance provided
02-16 16:43:56.310 13758 13850 E QPLProvider: 	at com.facebook.quicklog.QuickPerformanceLoggerProvider.getQPLInstance(:8)
02-16 16:43:56.310 13758 13850 E QPLProvider: 	at X.2fm.A01(:62)
02-16 16:43:56.310 13758 13850 E QPLProvider: 	at X.2et.Anv(:2)
02-16 16:43:56.310 13758 13850 E QPLProvider: 	at X.2xd.A00(:12)
02-16 16:43:56.310 13758 13850 E QPLProvider: 	at X.2xf.run(:2)
02-16 16:43:56.310 13758 13850 E QPLProvider: 	at X.1qj.run(:25)
02-16 16:43:56.310 13758 13850 E QPLProvider: 	at X.1qj.run(:25)
02-16 16:43:56.310 13758 13850 E QPLProvider: 	at X.1pz.A00(:110)
02-16 16:43:56.310 13758 13850 E QPLProvider: 	at X.1pz.run(:136)
02-16 16:43:56.311 13758 13850 E QPLProvider: QuickPerformanceLogger instance wasn't installed in provider, returning noop. Please call QuickPerformanceLoggerProvider.setQuickPerformanceLogger() before getting the instance.
02-16 16:43:56.311 13758 13850 E QPLProvider: java.lang.IllegalStateException: No QPL instance provided
02-16 16:43:56.311 13758 13850 E QPLProvider: 	at com.facebook.quicklog.QuickPerformanceLoggerProvider.getQPLInstance(:8)
02-16 16:43:56.311 13758 13850 E QPLProvider: 	at X.2fm.A01(:92)
02-16 16:43:56.311 13758 13850 E QPLProvider: 	at X.2et.Anv(:2)
02-16 16:43:56.311 13758 13850 E QPLProvider: 	at X.2xd.A00(:12)
02-16 16:43:56.311 13758 13850 E QPLProvider: 	at X.2xf.run(:2)
02-16 16:43:56.311 13758 13850 E QPLProvider: 	at X.1qj.run(:25)
02-16 16:43:56.311 13758 13850 E QPLProvider: 	at X.1qj.run(:25)
02-16 16:43:56.311 13758 13850 E QPLProvider: 	at X.1pz.A00(:110)
02-16 16:43:56.311 13758 13850 E QPLProvider: 	at X.1pz.run(:136)
02-16 16:43:56.311 13758 13850 E QPLProvider: QuickPerformanceLogger instance wasn't installed in provider, returning noop. Please call QuickPerformanceLoggerProvider.setQuickPerformanceLogger() before getting the instance.
02-16 16:43:56.311 13758 13850 E QPLProvider: java.lang.IllegalStateException: No QPL instance provided
02-16 16:43:56.311 13758 13850 E QPLProvider: 	at com.facebook.quicklog.QuickPerformanceLoggerProvider.getQPLInstance(:8)
02-16 16:43:56.311 13758 13850 E QPLProvider: 	at X.2fm.A01(:103)
02-16 16:43:56.311 13758 13850 E QPLProvider: 	at X.2et.Anv(:2)
02-16 16:43:56.311 13758 13850 E QPLProvider: 	at X.2xd.A00(:12)
02-16 16:43:56.311 13758 13850 E QPLProvider: 	at X.2xf.run(:2)
02-16 16:43:56.311 13758 13850 E QPLProvider: 	at X.1qj.run(:25)
02-16 16:43:56.311 13758 13850 E QPLProvider: 	at X.1qj.run(:25)
02-16 16:43:56.311 13758 13850 E QPLProvider: 	at X.1pz.A00(:110)
02-16 16:43:56.311 13758 13850 E QPLProvider: 	at X.1pz.run(:136)
02-16 16:43:56.311 13758 13850 E QPLProvider: QuickPerformanceLogger instance wasn't installed in provider, returning noop. Please call QuickPerformanceLoggerProvider.setQuickPerformanceLogger() before getting the instance.
02-16 16:43:56.311 13758 13850 E QPLProvider: java.lang.IllegalStateException: No QPL instance provided
02-16 16:43:56.311 13758 13850 E QPLProvider: 	at com.facebook.quicklog.QuickPerformanceLoggerProvider.getQPLInstance(:8)
02-16 16:43:56.311 13758 13850 E QPLProvider: 	at X.2fm.A01(:127)
02-16 16:43:56.311 13758 13850 E QPLProvider: 	at X.2et.Anv(:2)
02-16 16:43:56.311 13758 13850 E QPLProvider: 	at X.2xd.A00(:12)
02-16 16:43:56.311 13758 13850 E QPLProvider: 	at X.2xf.run(:2)
02-16 16:43:56.311 13758 13850 E QPLProvider: 	at X.1qj.run(:25)
02-16 16:43:56.311 13758 13850 E QPLProvider: 	at X.1qj.run(:25)
02-16 16:43:56.311 13758 13850 E QPLProvider: 	at X.1pz.A00(:110)
02-16 16:43:56.311 13758 13850 E QPLProvider: 	at X.1pz.run(:136)
02-16 16:43:56.311 13758 13850 E QPLProvider: QuickPerformanceLogger instance wasn't installed in provider, returning noop. Please call QuickPerformanceLoggerProvider.setQuickPerformanceLogger() before getting the instance.
02-16 16:43:56.311 13758 13850 E QPLProvider: java.lang.IllegalStateException: No QPL instance provided
02-16 16:43:56.311 13758 13850 E QPLProvider: 	at com.facebook.quicklog.QuickPerformanceLoggerProvider.getQPLInstance(:8)
02-16 16:43:56.311 13758 13850 E QPLProvider: 	at X.2fm.A01(:138)
02-16 16:43:56.311 13758 13850 E QPLProvider: 	at X.2et.Anv(:2)
02-16 16:43:56.311 13758 13850 E QPLProvider: 	at X.2xd.A00(:12)
02-16 16:43:56.311 13758 13850 E QPLProvider: 	at X.2xf.run(:2)
02-16 16:43:56.311 13758 13850 E QPLProvider: 	at X.1qj.run(:25)
02-16 16:43:56.311 13758 13850 E QPLProvider: 	at X.1qj.run(:25)
02-16 16:43:56.311 13758 13850 E QPLProvider: 	at X.1pz.A00(:110)
02-16 16:43:56.311 13758 13850 E QPLProvider: 	at X.1pz.run(:136)
02-16 16:43:56.343 13758 13899 D CompatibilityChangeReporter: Compat change id reported: 147600208; UID 10299; state: ENABLED
02-16 16:43:56.368  1034 14871 I AudioPolicyService: updateUid  uid:10289  state:10 wasActive:0 active:1 insert:1 
02-16 16:43:56.374  1034 14871 I AudioPolicyService: updateUid  uid:99229  state:10 wasActive:0 active:1 insert:1 
02-16 16:43:56.376  1034 14871 I AudioPolicyService: updateUid  uid:10289  state:19 wasActive:0 active:1 insert:1 
02-16 16:43:56.388 13758 13887 W QPLConfig: failed to load config
02-16 16:43:56.388 13758 13887 W QPLConfig: java.io.FileNotFoundException: /data/user/0/com.instagram.barcelona/app_qpl/qpl_sampling_config_v2.null: open failed: ENOENT (No such file or directory)
02-16 16:43:56.388 13758 13887 W QPLConfig: 	at libcore.io.IoBridge.open(IoBridge.java:492)
02-16 16:43:56.388 13758 13887 W QPLConfig: 	at java.io.FileInputStream.<init>(FileInputStream.java:160)
02-16 16:43:56.388 13758 13887 W QPLConfig: 	at X.3dp.A00(:35)
02-16 16:43:56.388 13758 13887 W QPLConfig: 	at X.3dn.run(:51)
02-16 16:43:56.388 13758 13887 W QPLConfig: 	at X.2dw.run(:2)
02-16 16:43:56.388 13758 13887 W QPLConfig: 	at X.1qj.run(:25)
02-16 16:43:56.388 13758 13887 W QPLConfig: 	at X.2tz.run(:10)
02-16 16:43:56.388 13758 13887 W QPLConfig: 	at X.1qj.run(:25)
02-16 16:43:56.388 13758 13887 W QPLConfig: 	at java.util.concurrent.ThreadPoolExecutor.runWorker(ThreadPoolExecutor.java:1167)
02-16 16:43:56.388 13758 13887 W QPLConfig: 	at java.util.concurrent.ThreadPoolExecutor$Worker.run(ThreadPoolExecutor.java:641)
02-16 16:43:56.388 13758 13887 W QPLConfig: 	at X.1qm.run(:113)
02-16 16:43:56.388 13758 13887 W QPLConfig: 	at java.lang.Thread.run(Thread.java:923)
02-16 16:43:56.388 13758 13887 W QPLConfig: 	at X.1qy.run(:8)
02-16 16:43:56.388 13758 13887 W QPLConfig: Caused by: android.system.ErrnoException: open failed: ENOENT (No such file or directory)
02-16 16:43:56.388 13758 13887 W QPLConfig: 	at libcore.io.Linux.open(Native Method)
02-16 16:43:56.388 13758 13887 W QPLConfig: 	at libcore.io.ForwardingOs.open(ForwardingOs.java:166)
02-16 16:43:56.388 13758 13887 W QPLConfig: 	at libcore.io.BlockGuardOs.open(BlockGuardOs.java:254)
02-16 16:43:56.388 13758 13887 W QPLConfig: 	at libcore.io.ForwardingOs.open(ForwardingOs.java:166)
02-16 16:43:56.388 13758 13887 W QPLConfig: 	at android.app.ActivityThread$AndroidOs.open(ActivityThread.java:8287)
02-16 16:43:56.388 13758 13887 W QPLConfig: 	at libcore.io.IoBridge.open(IoBridge.java:478)
02-16 16:43:56.388 13758 13887 W QPLConfig: 	... 12 more
02-16 16:43:56.389  1746  1746 I chatty  : uid=1000(system) Binder:1746_3 expire 3 lines
02-16 16:43:56.390  1746  2389 I chatty  : uid=1000(system) MiuiNetworkPoli expire 30 lines
02-16 16:43:56.392 13758 13758 W SoLoader: Loading perfloggerxplat_init on the main thread
02-16 16:43:56.394  1034 14871 I AudioPolicyService: updateUid  uid:10289  state:8 wasActive:0 active:1 insert:1 
02-16 16:43:56.395  1034 14871 I AudioPolicyService: updateUid  uid:99229  state:8 wasActive:0 active:1 insert:1 
02-16 16:43:56.398 13758 13758 W SoLoader: Loading cache_key_generator_jni on the main thread
02-16 16:43:56.404 13758 13758 W FrscLanguagePackLoader: Loading FRSC strings for locale (pt)
02-16 16:43:56.407 13758 13758 D CACHE_HINTS: Entering madvise file
02-16 16:43:56.422 13758 13945 W FrscLanguagePackLoader: FRSC English strings buffer size - (limit : 463830, capacity : 463830)
02-16 16:43:55.465     0     0 I         : [c:CachedAppOptimi 2336, r:eddit.frontpage 13751] adj adjust 905 250
02-16 16:43:56.477  1034 14871 I AudioPolicyService: updateUid  uid:10289  state:10 wasActive:0 active:1 insert:1 
02-16 16:43:56.479  1034 14871 I AudioPolicyService: updateUid  uid:99229  state:10 wasActive:0 active:1 insert:1 
02-16 16:43:56.480  1034 14871 I AudioPolicyService: updateUid  uid:10289  state:19 wasActive:0 active:1 insert:1 
02-16 16:43:56.513  1034 14871 I AudioPolicyService: updateUid  uid:10341  state:10 wasActive:0 active:1 insert:1 
02-16 16:43:56.517  1034 14871 I AudioPolicyService: updateUid  uid:99271  state:10 wasActive:0 active:1 insert:1 
02-16 16:43:56.518  1034 14871 I AudioPolicyService: updateUid  uid:10341  state:18 wasActive:0 active:1 insert:1 
02-16 16:43:56.519  1034 14871 I AudioPolicyService: updateUid  uid:99271  state:19 wasActive:0 active:1 insert:1 
02-16 16:43:56.539 13758 13960 W SoLoader: SoLoader already initialized
02-16 16:43:56.546 13758 13848 W SessionScopedProviderInitializer: Initialize com.instagram.common.lifecycle.lifecyclelistener.LifecycleDetector.LifecycleListenersUserSessionManager start
02-16 16:43:56.546 13758 13848 W SessionScopedProviderInitializer: Initialize com.instagram.common.lifecycle.lifecyclelistener.LifecycleDetector.LifecycleListenersUserSessionManager end
02-16 16:43:56.546 13758 13848 W SessionScopedProviderInitializer: Initialize com.instagram.quickexperiment.util.crossaccountexperimentsutils.CrossAccountExperimentsUtils.SessionStartHandler start
02-16 16:43:56.546 13758 13848 W SessionScopedProviderInitializer: Initialize com.instagram.quickexperiment.util.crossaccountexperimentsutils.CrossAccountExperimentsUtils.SessionStartHandler end
02-16 16:43:56.546 13758 13848 W SessionScopedProviderInitializer: Initialize com.instagram.ui.widget.keyboardlistenerprovider.KeyboardChangeDetectorProvider.SessionStartHook start
02-16 16:43:56.547 13758 13848 W SessionScopedProviderInitializer: Initialize com.instagram.ui.widget.keyboardlistenerprovider.KeyboardChangeDetectorProvider.SessionStartHook end
02-16 16:43:56.547 13758 13850 W SessionScopedProviderInitializer: Initialize com.instagram.quickexperiment.early.UserSessionStart start
02-16 16:43:56.547 13758 13848 W SessionScopedProviderInitializer: Initialize com.instagram.lazyload.downloadablemodules.impl.IgFallbackPrefetcherImpl start
02-16 16:43:56.547 13758 13850 W SessionScopedProviderInitializer: Initialize com.instagram.quickexperiment.early.UserSessionStart end
02-16 16:43:56.547 13758 13850 W SessionScopedProviderInitializer: Initialize com.instagram.fxcache.fetainfo.UserSessionStart start
02-16 16:43:56.547 13758 13850 W SessionScopedProviderInitializer: Initialize com.instagram.fxcache.fetainfo.UserSessionStart end
02-16 16:43:56.548 13758 13849 W SessionScopedProviderInitializer: Initialize com.instagram.preferences.user.UserSessionStart start
02-16 16:43:56.548 13758 13849 W SessionScopedProviderInitializer: Initialize com.instagram.preferences.user.UserSessionStart end
02-16 16:43:56.548 13758 13850 W SessionScopedProviderInitializer: Initialize com.facebook.mobileboost.apps.instagram.BoostSessionScopedUpdater start
02-16 16:43:56.548 13758 13850 W SessionScopedProviderInitializer: Initialize com.facebook.mobileboost.apps.instagram.BoostSessionScopedUpdater end
02-16 16:43:56.548 13758 13849 W SessionScopedProviderInitializer: Initialize com.facebook.security.detectkitv2.ig4a.DetectController.OnSessionStart start
02-16 16:43:56.548 13758 13850 W SessionScopedProviderInitializer: Initialize com.facebook.showreelnativesdk.instagram.dependencyprovider.UserSessionStart start
02-16 16:43:56.548 13758 13850 W SessionScopedProviderInitializer: Initialize com.facebook.showreelnativesdk.instagram.dependencyprovider.UserSessionStart end
02-16 16:43:56.548 13758 13850 W SessionScopedProviderInitializer: Initialize com.instagram.analytics.videoqpl.UserSessionStart start
02-16 16:43:56.548  1746  5277 I chatty  : uid=1000(system) Binder:1746_18 expire 3 lines
02-16 16:43:56.548 13758 13850 W SessionScopedProviderInitializer: Initialize com.instagram.analytics.videoqpl.UserSessionStart end
02-16 16:43:56.548 13758 13850 W SessionScopedProviderInitializer: Initialize com.instagram.audio.AudioFocusUserSessionStart start
02-16 16:43:56.548 13758 13849 W SessionScopedProviderInitializer: Initialize com.facebook.security.detectkitv2.ig4a.DetectController.OnSessionStart end
02-16 16:43:56.548 13758 13849 W SessionScopedProviderInitializer: Initialize com.instagram.model.sponsored.UserSessionStart start
02-16 16:43:56.548 13758 13849 W SessionScopedProviderInitializer: Initialize com.instagram.model.sponsored.UserSessionStart end
02-16 16:43:56.548 13758 13849 W SessionScopedProviderInitializer: Initialize com.instagram.video.player.hero.IgHeroServiceController.IgHeroServiceControllerInitializerProvider start
02-16 16:43:56.550 13758 13850 W SessionScopedProviderInitializer: Initialize com.instagram.audio.AudioFocusUserSessionStart end
02-16 16:43:56.550 13758 13850 W SessionScopedProviderInitializer: Initialize com.instagram.video.player.common.VideoBoundaryTestHelper start
02-16 16:43:56.550 13758 13850 W SessionScopedProviderInitializer: Initialize com.instagram.video.player.common.VideoBoundaryTestHelper end
02-16 16:43:56.550 13758 13850 W SessionScopedProviderInitializer: Initialize com.instagram.analytics.datausage.DataUsageReporterStatic start
02-16 16:43:56.550 13758 13850 W SessionScopedProviderInitializer: Initialize com.instagram.analytics.datausage.DataUsageReporterStatic end
02-16 16:43:56.550  1034 14871 I AudioPolicyService: updateUid  uid:10289  state:8 wasActive:0 active:1 insert:1 
02-16 16:43:56.550 13758 13850 W SessionScopedProviderInitializer: Initialize com.instagram.api.tigon.appnetsessionid.igsessionidgenerator.UserSessionStart start
02-16 16:43:56.550 13758 13850 W SessionScopedProviderInitializer: Initialize com.instagram.api.tigon.appnetsessionid.igsessionidgenerator.UserSessionStart end
02-16 16:43:56.550 13758 13850 W SessionScopedProviderInitializer: Initialize com.instagram.appinitializer.session.UserSessionStart start
02-16 16:43:56.550 13758 13850 W SessionScopedProviderInitializer: Initialize com.instagram.appinitializer.session.UserSessionStart end
02-16 16:43:56.550 13758 13850 W SessionScopedProviderInitializer: Initialize com.instagram.direct.send.deduplication.UserSessionStart start
02-16 16:43:56.550 13758 13850 W SessionScopedProviderInitializer: Initialize com.instagram.direct.send.deduplication.UserSessionStart end
02-16 16:43:56.550 13758 13850 W SessionScopedProviderInitializer: Initialize com.instagram.creation.capture.quickcapture.lifecyclemanager.UserSessionStart start
02-16 16:43:56.551 13758 13850 W SessionScopedProviderInitializer: Initialize com.instagram.creation.capture.quickcapture.lifecyclemanager.UserSessionStart end
02-16 16:43:56.551 13758 13850 W SessionScopedProviderInitializer: Initialize com.instagram.creation.capture.quickcapture.analytics.UserSessionStart start
02-16 16:43:56.551  1034 14871 I AudioPolicyService: updateUid  uid:99229  state:8 wasActive:0 active:1 insert:1 
02-16 16:43:56.551 13758 13850 W SessionScopedProviderInitializer: Initialize com.instagram.creation.capture.quickcapture.analytics.UserSessionStart end
02-16 16:43:56.551 13758 13850 W SessionScopedProviderInitializer: Initialize com.instagram.pendingmedia.store.UserSessionStart start
02-16 16:43:56.552 13758 13850 W SessionScopedProviderInitializer: Initialize com.instagram.pendingmedia.store.UserSessionStart end
02-16 16:43:56.552 13758 13850 W SessionScopedProviderInitializer: Initialize com.instagram.prefetch.PrefetchScheduler.PrefetchSchedulerInitializerProvider start
02-16 16:43:56.552 13758 13850 W SessionScopedProviderInitializer: Initialize com.instagram.prefetch.PrefetchScheduler.PrefetchSchedulerInitializerProvider end
02-16 16:43:56.552 13758 13850 W SessionScopedProviderInitializer: Initialize com.instagram.appinitializer.imageinfra.ImageInfraSessionInitializerProvider start
02-16 16:43:56.557 13758 13960 W SoLoader: SoLoader already initialized
02-16 16:43:56.558 13758 13758 W IgMetaConfig: Could not obtain MC: not_user_session session=X.1gV@8f26708
02-16 16:43:56.558 13758 13758 W IgMetaConfig: java.lang.RuntimeException: Could not obtain MC, call-site will receive default values
02-16 16:43:56.558 13758 13758 W IgMetaConfig: 	at X.1kT.A04(:4)
02-16 16:43:56.558 13758 13758 W IgMetaConfig: 	at X.1kT.A03(:7)
02-16 16:43:56.558 13758 13758 W IgMetaConfig: 	at X.1kT.A01(:2)
02-16 16:43:56.558 13758 13758 W IgMetaConfig: 	at X.2dH.invoke(:1229)
02-16 16:43:56.558 13758 13758 W IgMetaConfig: 	at X.2gG.invoke(:74)
02-16 16:43:56.558 13758 13758 W IgMetaConfig: 	at X.3c9.getValue(:25)
02-16 16:43:56.558 13758 13758 W IgMetaConfig: 	at X.1gX.getScopedLazy(:38)
02-16 16:43:56.558 13758 13758 W IgMetaConfig: 	at X.1gX.A01(:4)
02-16 16:43:56.558 13758 13758 W IgMetaConfig: 	at X.4cm.A03(:266)
02-16 16:43:56.558 13758 13758 W IgMetaConfig: 	at X.4ce.A00(:30)
02-16 16:43:56.558 13758 13758 W IgMetaConfig: 	at X.3po.<init>(:0)
02-16 16:43:56.558 13758 13758 W IgMetaConfig: 	at X.2gG.invoke(:247)
02-16 16:43:56.558 13758 13758 W IgMetaConfig: 	at X.2gG.invoke(:74)
02-16 16:43:56.558 13758 13758 W IgMetaConfig: 	at X.3c9.getValue(:25)
02-16 16:43:56.558 13758 13758 W IgMetaConfig: 	at X.1gX.getScopedLazy(:38)
02-16 16:43:56.558 13758 13758 W IgMetaConfig: 	at X.1gX.A01(:4)
02-16 16:43:56.558 13758 13758 W IgMetaConfig: 	at X.1nS.A00(:44)
02-16 16:43:56.558 13758 13758 W IgMetaConfig: 	at X.4lv.<clinit>(:9)
02-16 16:43:56.558 13758 13758 W IgMetaConfig: 	at X.4li.A00(:265)
02-16 16:43:56.558 13758 13758 W IgMetaConfig: 	at X.4li.A03(:0)
02-16 16:43:56.558 13758 13758 W IgMetaConfig: 	at X.1vx.A03(:49)
02-16 16:43:56.558 13758 13758 W IgMetaConfig: 	at X.1hH.A01(:39)
02-16 16:43:56.558 13758 13758 W IgMetaConfig: 	at com.instagram.barcelona.process.main.BarcelonaApplicationForMainProcess.A07(:2052)
02-16 16:43:56.558 13758 13758 W IgMetaConfig: 	at com.instagram.barcelona.app.BarcelonaAppShell.onCreate(:653)
02-16 16:43:56.558 13758 13758 W IgMetaConfig: 	at android.app.Instrumentation.callApplicationOnCreate(Instrumentation.java:1198)
02-16 16:43:56.558 13758 13758 W IgMetaConfig: 	at android.app.ActivityThread.handleBindApplication(ActivityThread.java:7346)
02-16 16:43:56.558 13758 13758 W IgMetaConfig: 	at android.app.ActivityThread.access$1600(ActivityThread.java:261)
02-16 16:43:56.558 13758 13758 W IgMetaConfig: 	at android.app.ActivityThread$H.handleMessage(ActivityThread.java:2180)
02-16 16:43:56.558 13758 13758 W IgMetaConfig: 	at android.os.Handler.dispatchMessage(Handler.java:106)
02-16 16:43:56.558 13758 13758 W IgMetaConfig: 	at android.os.Looper.loop(Looper.java:237)
02-16 16:43:56.558 13758 13758 W IgMetaConfig: 	at android.app.ActivityThread.main(ActivityThread.java:8414)
02-16 16:43:56.558 13758 13758 W IgMetaConfig: 	at java.lang.reflect.Method.invoke(Native Method)
02-16 16:43:56.558 13758 13758 W IgMetaConfig: 	at com.android.internal.os.RuntimeInit$MethodAndArgsCaller.run(RuntimeInit.java:663)
02-16 16:43:56.558 13758 13758 W IgMetaConfig: 	at com.android.internal.os.ZygoteInit.main(ZygoteInit.java:967)
02-16 16:43:55.598     0     0 I         : Alarmtimer { Binder:1746_11', '342907497'}
02-16 16:43:55.598     0     0 I alarmtimer_enqueue: comm:Binder:1746_11 pid:5265 exp:342907497 func:timerfd_alarmproc
02-16 16:43:55.598     0     0 I         : Alarmtimer { Binder:1746_11', '342907497'}
02-16 16:43:55.598     0     0 I alarmtimer_enqueue: comm:Binder:1746_11 pid:5265 exp:342907497 func:timerfd_alarmproc
02-16 16:43:56.578  1034 14871 I AudioPolicyService: updateUid  uid:10289  state:10 wasActive:0 active:1 insert:1 
02-16 16:43:56.579  1034 14871 I AudioPolicyService: updateUid  uid:99229  state:10 wasActive:0 active:1 insert:1 
02-16 16:43:56.581 13758 13850 W IgMetaConfig: Could not obtain MC: null_user_session 
02-16 16:43:56.581 13758 13850 W IgMetaConfig: java.lang.RuntimeException: Could not obtain MC, call-site will receive default values
02-16 16:43:56.581 13758 13850 W IgMetaConfig: 	at X.1kT.A04(:4)
02-16 16:43:56.581 13758 13850 W IgMetaConfig: 	at X.1kT.A03(:7)
02-16 16:43:56.581 13758 13850 W IgMetaConfig: 	at X.1kT.A01(:2)
02-16 16:43:56.581 13758 13850 W IgMetaConfig: 	at X.5bh.<init>(:3)
02-16 16:43:56.581 13758 13850 W IgMetaConfig: 	at X.5bg.<init>(:20)
02-16 16:43:56.581 13758 13850 W IgMetaConfig: 	at X.5a7.A09(:123)
02-16 16:43:56.581 13758 13850 W IgMetaConfig: 	at X.3rp.BGS(:113)
02-16 16:43:56.581 13758 13850 W IgMetaConfig: 	at X.3ra.EAO(:8)
02-16 16:43:56.581 13758 13850 W IgMetaConfig: 	at X.4wb.A00(:48)
02-16 16:43:56.581 13758 13850 W IgMetaConfig: 	at X.5AF.DPN(:8)
02-16 16:43:56.581 13758 13850 W IgMetaConfig: 	at X.3ra.A02(:7)
02-16 16:43:56.581 13758 13850 W IgMetaConfig: 	at X.4iq.invoke(:1136)
02-16 16:43:56.581 13758 13850 W IgMetaConfig: 	at X.3c5.call(:70)
02-16 16:43:56.581 13758 13850 W IgMetaConfig: 	at java.util.concurrent.FutureTask.run(FutureTask.java:266)
02-16 16:43:56.581 13758 13850 W IgMetaConfig: 	at X.4is.run(:2)
02-16 16:43:56.581 13758 13850 W IgMetaConfig: 	at X.1qj.run(:25)
02-16 16:43:56.581 13758 13850 W IgMetaConfig: 	at X.1qj.run(:25)
02-16 16:43:56.581 13758 13850 W IgMetaConfig: 	at X.1pz.A00(:110)
02-16 16:43:56.581 13758 13850 W IgMetaConfig: 	at X.1pz.run(:136)
02-16 16:43:56.582 13758 13850 W SessionScopedProviderInitializer: Initialize com.instagram.appinitializer.imageinfra.ImageInfraSessionInitializerProvider end
02-16 16:43:56.583  1034  3376 I AudioPolicyService: updateUid  uid:10289  state:19 wasActive:0 active:1 insert:1 
02-16 16:43:56.583 13758 13850 W SessionScopedProviderInitializer: Initialize com.instagram.distribgw.client.DGWZeroUrlUpdaterOnUserSessionStart start
02-16 16:43:56.583 13758 13850 W SessionScopedProviderInitializer: Initialize com.instagram.distribgw.client.DGWZeroUrlUpdaterOnUserSessionStart end
02-16 16:43:56.583 13758 13850 W SessionScopedProviderInitializer: Initialize com.instagram.appinstallnotification.UserSessionStart start
02-16 16:43:56.585 13758 13850 W SessionScopedProviderInitializer: Initialize com.instagram.appinstallnotification.UserSessionStart end
02-16 16:43:56.586 13758 13850 W SessionScopedProviderInitializer: Initialize com.instagram.autocomplete.ChallengeUserSessionStart start
02-16 16:43:56.587 13758 13850 W SessionScopedProviderInitializer: Initialize com.instagram.autocomplete.ChallengeUserSessionStart end
02-16 16:43:56.587 13758 13850 W SessionScopedProviderInitializer: Initialize com.instagram.autocomplete.HashtagUserSessionStart start
02-16 16:43:56.587 13758 13850 W SessionScopedProviderInitializer: Initialize com.instagram.autocomplete.HashtagUserSessionStart end
02-16 16:43:56.587 13758 13850 W SessionScopedProviderInitializer: Initialize com.instagram.privacy.cpdp.loggers.UserSessionStartListener start
02-16 16:43:56.588 13758 13850 W SessionScopedProviderInitializer: Initialize com.instagram.privacy.cpdp.loggers.UserSessionStartListener end
02-16 16:43:56.588 13758 13850 W SessionScopedProviderInitializer: Initialize com.instagram.maps.analytics.MapAnalyticsLogger.UserSessionStart start
02-16 16:43:56.588 13758 13850 W SessionScopedProviderInitializer: Initialize com.instagram.maps.analytics.MapAnalyticsLogger.UserSessionStart end
02-16 16:43:56.589 13758 13850 W SessionScopedProviderInitializer: Initialize com.instagram.barcelona.fbpay.ptt.pttmanagerprovider.UserSessionStart start
02-16 16:43:56.592 13758 13850 W SessionScopedProviderInitializer: Initialize com.instagram.barcelona.fbpay.ptt.pttmanagerprovider.UserSessionStart end
02-16 16:43:56.592 13758 13850 W SessionScopedProviderInitializer: Initialize com.instagram.barcelona.fx.cache.onsessionstart.FxBcnOnSessionStartUtil start
02-16 16:43:56.592 13758 13850 W SessionScopedProviderInitializer: Initialize com.instagram.barcelona.fx.cache.onsessionstart.FxBcnOnSessionStartUtil end
02-16 16:43:56.592 13758 13850 W SessionScopedProviderInitializer: Initialize com.instagram.barcelona.libraries.access.accountmanager.listener.BarcelonaAccountManagerListenerSessionBinder start
02-16 16:43:56.592 13758 13850 W SessionScopedProviderInitializer: Initialize com.instagram.barcelona.libraries.access.accountmanager.listener.BarcelonaAccountManagerListenerSessionBinder end
02-16 16:43:56.592 13758 13850 W SessionScopedProviderInitializer: Initialize com.instagram.barcelona.shortcuts.init.BcnShortCutsInitializer start
02-16 16:43:56.593 13758 13850 W SessionScopedProviderInitializer: Initialize com.instagram.barcelona.shortcuts.init.BcnShortCutsInitializer end
02-16 16:43:56.593 13758 13850 W SessionScopedProviderInitializer: Initialize com.instagram.basel.logging.creation.UserSessionStart start
02-16 16:43:56.593 13758 13850 W SessionScopedProviderInitializer: Initialize com.instagram.basel.logging.creation.UserSessionStart end
02-16 16:43:56.593 13758 13850 W SessionScopedProviderInitializer: Initialize com.instagram.creation.capture.quickcapture.abtest.qccmodularization.QccModularizationQeUtil start
02-16 16:43:56.594 13758 13850 W SessionScopedProviderInitializer: Initialize com.instagram.creation.capture.quickcapture.abtest.qccmodularization.QccModularizationQeUtil end
02-16 16:43:56.597 13758 13850 W SessionScopedProviderInitializer: Initialize com.instagram.bugreporter.rageshake.UserSessionStart start
02-16 16:43:56.597 13758 13848 W SessionScopedProviderInitializer: Initialize com.instagram.lazyload.downloadablemodules.impl.IgFallbackPrefetcherImpl end
02-16 16:43:56.597 13758 13850 W RageShakeDialogProviderImpl: onUserSessionStart start
02-16 16:43:56.597 13758 13848 W SessionScopedProviderInitializer: Initialize com.instagram.bugreporter.impl.BugReporterRecentErrorInfosHolder start
02-16 16:43:56.597 13758 13848 W SessionScopedProviderInitializer: Initialize com.instagram.bugreporter.impl.BugReporterRecentErrorInfosHolder end
02-16 16:43:56.597 13758 13848 W SessionScopedProviderInitializer: Initialize com.instagram.uxlogging.functioncorrectness.AwareInteractionQPLLogger start
02-16 16:43:56.599 13758 13850 W RageShakeSensorHelper: initInstance Initialized | rageShakeEnabled=true | shakeForceThreshold=18.042845
02-16 16:43:56.599 13758 13848 W SessionScopedProviderInitializer: Initialize com.instagram.uxlogging.functioncorrectness.AwareInteractionQPLLogger end
02-16 16:43:56.600 13758 13848 W SessionScopedProviderInitializer: Initialize com.instagram.bugreporter.store.initializer.PendingBugReportInitializer start
02-16 16:43:56.600 13758 13848 W SessionScopedProviderInitializer: Initialize com.instagram.bugreporter.store.initializer.PendingBugReportInitializer end
02-16 16:43:56.600 13758 13848 W SessionScopedProviderInitializer: Initialize com.instagram.metacasper.UserSessionStart start
02-16 16:43:56.601 13758 13848 W SessionScopedProviderInitializer: Initialize com.instagram.metacasper.UserSessionStart end
02-16 16:43:56.601 13758 13848 W SessionScopedProviderInitializer: Initialize com.instagram.casper.UserSessionStart start
02-16 16:43:56.601 13758 13848 W SessionScopedProviderInitializer: Initialize com.instagram.casper.UserSessionStart end
02-16 16:43:56.601 13758 13848 W SessionScopedProviderInitializer: Initialize com.instagram.common.fxcacheinit.FxClientCacheOnUserSessionStart start
