02-16 16:43:57.639 13751 14015 W eddit.frontpag: ClassLoaderContext classpath size mismatch. expected=14, found=13 (DLC[];PCL[base.apk*3065568285:base.apk!classes2.dex*3268766306:base.apk!classes3.dex*2843513413:base.apk!classes4.dex*220832387:base.apk!classes5.dex*3740167182:base.apk!classes6.dex*3180699162:base.apk!classes7.dex*3000953131:base.apk!classes8.dex*3931833946:base.apk!classes9.dex*1916331472:base.apk!classes10.dex*2715193237:base.apk!classes11.dex*1280460714:base.apk!classes12.dex*3584490133:base.apk!classes13.dex*655467241:base.apk!classes14.dex*483459455]{PCL[/system/framework/org.apache.http.legacy.jar*317971097]#PCL[/apex/com.android.extservices/javalib/android.ext.adservices.jar*1727077579]#PCL[/system/framework/com.android.location.provider.jar*1664931834]#PCL[/system/framework/com.android.media.remotedisplay.jar*1573936315]#PCL[/apex/com.android.extservices/javalib/android.ext.adservices.jar*1727077579]} | DLC[];PCL[/data/app/~~MJiUmKZHqni7b4ouG6sgyg==/com.reddit.frontpage-Wes-Q4Q6FfcDll8KQ1oXnA==/base.apk*1621589060:/data/app/~~MJiUmKZHqni7b4ouG6sgyg==/com.reddit.frontpage-Wes-Q4Q6FfcDll8KQ1oXnA==/base.apk!classes2.dex*2412183098:/data/app/~~MJiUmKZHqni7b4ouG6sgyg==/com.reddit.frontpage-Wes-Q4Q6FfcDll8KQ1oXnA==/base.apk!classes3.dex*3643853561:/data/app/~~MJiUmKZHqni7b4ouG6sgyg==/com.reddit.frontpage-Wes-Q4Q6FfcDll8KQ1oXnA==/base.apk!classes4.dex*3613625844:/data/app/~~MJiUmKZHqni7b4ouG6sgyg==/com.reddit.frontpage-Wes-Q4Q6FfcDll8KQ1oXnA==/base.apk!classes5.dex*4138050967:/data/app/~~MJiUmKZHqni7b4ouG6sgyg==/com.reddit.frontpage-Wes-Q4Q6FfcDll8KQ1oXnA==/base.apk!classes6.dex*457032525:/data/app/~~MJiUmKZHqni7b4ouG6sgyg==/com.reddit.frontpage-Wes-Q4Q6FfcDll8KQ1oXnA==/base.apk!classes7.dex*2421536348:/data/app/~~MJiUmKZHqni7b4ouG6sgyg==/com.reddit.frontpage-Wes-Q4Q6FfcDll8KQ1oXnA==/base.apk!classes8.dex*75729932:/data/app/~~MJiUmKZHqni7b4ouG6sgyg==/com.reddit.frontpage-Wes-Q4Q6FfcDll8KQ1oXnA==/base.apk!classes9.dex*1212981934:/data/app/~~MJiUmKZHqni7b4ouG6sgyg==/com.reddit.frontpage-Wes-Q4Q6FfcDll8KQ1oXnA==/base.apk!classes10.dex*1666997048:/data/app/~~MJiUmKZHqni7b4ouG6sgyg==/com.reddit.frontpage-Wes-Q4Q6FfcDll8KQ1oXnA==/base.apk!classes11.dex*3193289097:/data/app/~~MJiUmKZHqni7b4ouG6sgyg==/com.reddit.frontpage-Wes-Q4Q6FfcDll8KQ1oXnA==/base.apk!classes12.dex*2589135234:/data/app/~~MJiUmKZHqni7b4ouG6sgyg==/com.reddit.frontpage-Wes-Q4Q6FfcDll8KQ1oXnA==/base.apk!classes13.dex*3771300751])
02-16 16:43:57.685  1746  5203 E BatteryService: condition id: + 2  TimeStamp-> 1771271035682   value->-63000  callingPid->27630
02-16 16:43:57.686  1746  5203 E BatteryService: condition id: + 4  TimeStamp-> 1771271035684   value->100  callingPid->27630
02-16 16:43:57.689 13751 14015 W eddit.frontpag: Found duplicate classes, falling back to extracting from APK : /data/app/~~w163CM3z102azX2JQUF9jQ==/com.google.android.gms-KNgEvynos1YAOlhOB33SvQ==/split_CronetDynamite_installtime.apk
02-16 16:43:57.689 13751 14015 W eddit.frontpag: NOTE: This wastes RAM and hurts startup performance.
02-16 16:43:57.689 13751 14015 W eddit.frontpag: Found duplicated class when checking oat files: 'Landroid/net/http/BidirectionalStream$Callback;' in /data/app/~~MJiUmKZHqni7b4ouG6sgyg==/com.reddit.frontpage-Wes-Q4Q6FfcDll8KQ1oXnA==/base.apk and /data/app/~~w163CM3z102azX2JQUF9jQ==/com.google.android.gms-KNgEvynos1YAOlhOB33SvQ==/split_CronetDynamite_installtime.apk
02-16 16:43:57.783 13751 14015 I eddit.frontpag: Waiting for a blocking GC ClassLinker
02-16 16:43:57.815  3140  3140 D PhoneSwitcherNetworkRequstListener: got request NetworkRequest [ TRACK_DEFAULT id=8969, [ Capabilities: INTERNET&NOT_RESTRICTED&TRUSTED Uid: 10289 AdministratorUids: [] RequestorUid: 10289 RequestorPackageName: com.reddit.frontpage] ] with score 60 and providerId 7
02-16 16:43:57.816  3084  3084 D CellularNetworkRequestListener: got request NetworkRequest [ TRACK_DEFAULT id=8969, [ Capabilities: INTERNET&NOT_RESTRICTED&TRUSTED Uid: 10289 AdministratorUids: [] RequestorUid: 10289 RequestorPackageName: com.reddit.frontpage] ] with score 60 and providerId 7
02-16 16:43:57.826  3084  3084 D ModeSwitcher: Rcv RSSI_CHANGED_ACTION mStat=0, mWifiConnected=true
02-16 16:43:57.826  2631  2781 D NetworkController: onReceive: intent=Intent { act=android.net.wifi.RSSI_CHANGED flg=0x4000010 (has extras) }
02-16 16:43:57.827  3084  3084 D ModeSwitcher: add 1 WifiStatOnCmocmna @1771271037,LostTxPacketsPerSecond=0.0,rssi=-54
02-16 16:43:57.827  3084  3084 D ModeSwitcher: mWifiStatiList size=1, gap=0
02-16 16:43:57.827 27343 27388 D QCNEJ/WlanStaInfoRelay: Received action: android.net.wifi.RSSI_CHANGED
02-16 16:43:57.834 20303 20372 I BugleRcsEngine: handleMessage processing message:[NOTIFY_UPTIME_IGNORE_STATE_CHANGED] with [non-null]:RcsEngineImpl reference [CONTEXT log_prefix="RcsEngineImpl[DUAL_REG]:[0dcaf9a8-6ef4]>Handler" thread_id=22784 ]
02-16 16:43:57.834 20303 20342 I BugleRcsEngine: Connected state: [1], networkType: [WIFI] [CONTEXT thread_id=22775 ]
02-16 16:43:57.842 20303 20372 I BugleRcsEngine: Rcs is enabled from user settings: true [CONTEXT log_prefix="ProvisioningEngineDataRetriever" thread_id=22784 ]
02-16 16:43:57.884 13751 13826 E libc    : Access denied finding property "ro.vendor.df.effect.conflict"
02-16 16:43:57.878 13751 13751 W DefaultDispatch: type=1400 audit(0.0:3438775): avc: denied { read } for name="u:object_r:vendor_displayfeature_prop:s0" dev="tmpfs" ino=4040 scontext=u:r:untrusted_app:s0:c33,c257,c512,c768 tcontext=u:object_r:vendor_displayfeature_prop:s0 tclass=file permissive=0 app=com.reddit.frontpage
02-16 16:43:57.884 13751 13826 E libc    : Access denied finding property "ro.vendor.knock.type"
02-16 16:43:56.958     0     0 I qcom_rpmh DRV: apps_rsc TCS Busy, retrying RPMH message send: addr=0x30080
02-16 16:43:58.186 13751 14015 I eddit.frontpag: WaitForGcToComplete blocked ClassLinker on ClassLinker for 403.780ms
02-16 16:43:58.190 13758 13785 W JavaBinder: BinderProxy is being destroyed but the application did not call unlinkToDeath to unlink all of its death recipients beforehand.  Releasing leaked death recipient: X.0wm
02-16 16:43:58.193 13758 13786 W System  : A resource failed to call close. 
02-16 16:43:58.194 17348 17348 W ThreadPoolForeg: type=1400 audit(0.0:3438776): avc: denied { write } for name="traced_producer" dev="tmpfs" ino=23747 scontext=u:r:gmscore_app:s0:c512,c768 tcontext=u:object_r:traced_producer_socket:s0 tclass=sock_file permissive=0 app=com.google.android.gms
02-16 16:43:58.201 13758 13862 W MultiSignalANRDetectorLacrima: Pausing error state checks
02-16 16:43:57.271     0     0 I QCOM-STEPCHG: handle_jeita: handle_jeita: temp:383, fcc_ua:12000000
02-16 16:43:58.324  1746  5265 E BatteryService: return id:4  cache value:100   callingpid:13287
02-16 16:43:58.383 13758 13853 W Profilo/TraceControl: Loom client config id: -3857618374606950128
02-16 16:43:58.459  1034  3376 I AudioPolicyService: updateUid  uid:10289  state:10 wasActive:0 active:1 insert:1 
02-16 16:43:58.462  1034  3376 I AudioPolicyService: updateUid  uid:99229  state:10 wasActive:0 active:1 insert:1 
02-16 16:43:58.463  1034  3376 I AudioPolicyService: updateUid  uid:10289  state:19 wasActive:0 active:1 insert:1 
02-16 16:43:58.565 13758 13931 W IgMetaConfig: Could not obtain MC: not_user_session session=X.1gV@8f26708
02-16 16:43:58.565 13758 13931 W IgMetaConfig: java.lang.RuntimeException: Could not obtain MC, call-site will receive default values
02-16 16:43:58.565 13758 13931 W IgMetaConfig: 	at X.1kT.A04(:4)
02-16 16:43:58.565 13758 13931 W IgMetaConfig: 	at X.1kT.A03(:7)
02-16 16:43:58.565 13758 13931 W IgMetaConfig: 	at X.1kT.A01(:2)
02-16 16:43:58.565 13758 13931 W IgMetaConfig: 	at X.2zh.A00(:8)
02-16 16:43:58.565 13758 13931 W IgMetaConfig: 	at X.2zh.A02(:7)
02-16 16:43:58.565 13758 13931 W IgMetaConfig: 	at X.4ft.run(:7)
02-16 16:43:58.565 13758 13931 W IgMetaConfig: 	at X.1qj.run(:25)
02-16 16:43:58.565 13758 13931 W IgMetaConfig: 	at android.os.Handler.handleCallback(Handler.java:938)
02-16 16:43:58.565 13758 13931 W IgMetaConfig: 	at android.os.Handler.dispatchMessage(Handler.java:99)
02-16 16:43:58.565 13758 13931 W IgMetaConfig: 	at android.os.Looper.loop(Looper.java:237)
02-16 16:43:58.565 13758 13931 W IgMetaConfig: 	at android.os.HandlerThread.run(HandlerThread.java:67)
02-16 16:43:58.862  1034  3376 I AudioFlinger: setGameParameters keyvalue: xlog.volume.music.speaker=1
02-16 16:43:58.862   939  1077 D audio_hw_primary: adev_set_parameters: enter: xlog.volume.music.speaker=1
02-16 16:43:58.862   939  1077 V msm8974_platform: platform_set_parameters: enter: xlog.volume.music.speaker=1
02-16 16:43:58.862   939  1077 D audio_hw_hfp: hfp_set_parameters: enter
02-16 16:43:58.862   939  1077 D audio_hw_hfp: hfp_set_parameters: enter
02-16 16:43:58.862   939  1077 V a2dp_offload: end of a2dp setparam
02-16 16:43:58.862   939  1077 D audio_hw_extn: audio_extn_fm_set_parameters: Enter
02-16 16:43:58.862   939  1077 D audio_hw_hfp: hfp_set_parameters: enter
02-16 16:43:58.862   939  1077 V a2dp_offload: end of a2dp setparam
02-16 16:43:58.862   939  1077 D audio_hw_primary: adev_set_parameters: exit with code(0)
02-16 16:43:58.864 13758 13960 W SoLoader: SoLoader already initialized
02-16 16:43:58.867 13758 13964 W IgMetaConfig: Could not obtain MC: not_user_session session=X.1gV@8f26708
02-16 16:43:58.867 13758 13964 W IgMetaConfig: java.lang.RuntimeException: Could not obtain MC, call-site will receive default values
02-16 16:43:58.867 13758 13964 W IgMetaConfig: 	at X.1kT.A04(:4)
02-16 16:43:58.867 13758 13964 W IgMetaConfig: 	at X.1kT.A03(:7)
02-16 16:43:58.867 13758 13964 W IgMetaConfig: 	at X.1kT.A01(:2)
02-16 16:43:58.867 13758 13964 W IgMetaConfig: 	at X.2zh.A00(:8)
02-16 16:43:58.867 13758 13964 W IgMetaConfig: 	at X.2zh.A02(:7)
02-16 16:43:58.867 13758 13964 W IgMetaConfig: 	at X.4dj.A00(:6)
02-16 16:43:58.867 13758 13964 W IgMetaConfig: 	at X.4jA.A03(:133)
02-16 16:43:58.867 13758 13964 W IgMetaConfig: 	at X.4jA.A09(:0)
02-16 16:43:58.867 13758 13964 W IgMetaConfig: 	at X.4jv.A01(:16)
02-16 16:43:58.867 13758 13964 W IgMetaConfig: 	at X.4ic.handleMessage(:249)
02-16 16:43:58.867 13758 13964 W IgMetaConfig: 	at android.os.Handler.dispatchMessage(Handler.java:106)
02-16 16:43:58.867 13758 13964 W IgMetaConfig: 	at android.os.Looper.loop(Looper.java:237)
02-16 16:43:58.867 13758 13964 W IgMetaConfig: 	at android.os.HandlerThread.run(HandlerThread.java:67)
02-16 16:43:58.867 13758 13964 W IgMetaConfig: Could not obtain MC: not_user_session session=X.1gV@8f26708
02-16 16:43:58.867 13758 13964 W IgMetaConfig: java.lang.RuntimeException: Could not obtain MC, call-site will receive default values
02-16 16:43:58.867 13758 13964 W IgMetaConfig: 	at X.1kT.A04(:4)
02-16 16:43:58.867 13758 13964 W IgMetaConfig: 	at X.1kT.A03(:7)
02-16 16:43:58.867 13758 13964 W IgMetaConfig: 	at X.1kT.A01(:2)
02-16 16:43:58.867 13758 13964 W IgMetaConfig: 	at X.2zh.A00(:8)
02-16 16:43:58.867 13758 13964 W IgMetaConfig: 	at X.2zh.A02(:7)
02-16 16:43:58.867 13758 13964 W IgMetaConfig: 	at X.4dj.A00(:6)
02-16 16:43:58.867 13758 13964 W IgMetaConfig: 	at X.4jA.A03(:141)
02-16 16:43:58.867 13758 13964 W IgMetaConfig: 	at X.4jA.A09(:0)
02-16 16:43:58.867 13758 13964 W IgMetaConfig: 	at X.4jv.A01(:16)
02-16 16:43:58.867 13758 13964 W IgMetaConfig: 	at X.4ic.handleMessage(:249)
02-16 16:43:58.867 13758 13964 W IgMetaConfig: 	at android.os.Handler.dispatchMessage(Handler.java:106)
02-16 16:43:58.867 13758 13964 W IgMetaConfig: 	at android.os.Looper.loop(Looper.java:237)
02-16 16:43:58.867 13758 13964 W IgMetaConfig: 	at android.os.HandlerThread.run(HandlerThread.java:67)
02-16 16:43:58.040     0     0 I [bq25790] bq25790_fv_check: vcell:8737000, fv:8900000, fv_max:8905000
02-16 16:43:58.042     0     0 I [bq25790] bq25790_update_status: vbus:4676000,vbat:8763000, ibus:458000,ichg:-35000
02-16 16:43:58.166     0     0 I msm_dwc3_perf_vote_work: in_perf_mode:0, interrupts in last sample:0
02-16 16:43:58.295     0     0 I QCOM-STEPCHG: handle_jeita: handle_jeita: temp:383, fcc_ua:12000000
02-16 16:43:59.459   992  1252 E ANDR-PERF-MPCTL: ACTIVE_REQS process pid: 1385, tid: 7906, handle: 65415
02-16 16:43:59.459   992  1252 E ANDR-PERF-MPCTL: ACTIVE_REQS process pid: 980, tid: 1216, handle: 64600
02-16 16:43:59.459   992  1252 E ANDR-PERF-MPCTL: ACTIVE_REQS process pid: 992, tid: 1252, handle: 1
02-16 16:43:59.686  1746  5203 E BatteryService: condition id: + 2  TimeStamp-> 1771271037685   value->-241000  callingPid->27630
02-16 16:43:59.688  1746  5203 E BatteryService: condition id: + 4  TimeStamp-> 1771271037686   value->100  callingPid->27630
02-16 16:43:59.989  1746  1769 I chatty  : uid=1000(system) HeapTaskDaemon expire 1 line
02-16 16:43:59.032     0     0 I         : Alarmtimer { AlarmManager', '342907497'}
02-16 16:43:59.032     0     0 I alarmtimer_enqueue: comm:AlarmManager pid:2343 exp:342907497 func:timerfd_alarmproc
02-16 16:43:59.032     0     0 I         : Alarmtimer { AlarmManager', '342907497'}
02-16 16:43:59.032     0     0 I alarmtimer_enqueue: comm:AlarmManager pid:2343 exp:342907497 func:timerfd_alarmproc
02-16 16:44:00.001  2631  2631 D KeyguardUpdateMonitor: received broadcast android.intent.action.TIME_TICK
02-16 16:44:00.008  2631  2631 D KeyguardUpdateMonitor: handleTimeUpdate
02-16 16:43:59.154     0     0 I qcom_rpmh DRV: apps_rsc TCS Busy, retrying RPMH message send: addr=0x30080
02-16 16:44:00.138  1746  5203 I chatty  : uid=1000(system) Binder:1746_D expire 3 lines
02-16 16:44:00.140  3084 23993 D UidStateDetector: notifyUidStateChange: uid 10123 change from 3 to 2
02-16 16:44:00.140  1034  3376 I AudioPolicyService: updateUid  uid:10123  state:4 wasActive:1 active:1 insert:1 
02-16 16:44:00.144 13758 13758 W Looper  : PerfMonitor longMsg : seq=36 plan=16:43:59.134 late=0ms wall=1009ms running=1ms h=X.0m6 c=X.0D6 procState=11
02-16 16:44:00.144  3084 23993 D UidStateDetector: notifyUidStateChange: uid 10123 change from 2 to 3
02-16 16:44:00.145  1034  3376 I AudioPolicyService: updateUid  uid:10123  state:6 wasActive:1 active:1 insert:1 
02-16 16:44:00.149  5423 15291 I com.miui.daemo: oneway function results will be dropped but finished with status OK and parcel size 4
02-16 16:44:00.153  5423 15291 I com.miui.daemo: oneway function results will be dropped but finished with status OK and parcel size 4
02-16 16:44:00.204   980  1217 I GameEngine: ThmMonitor: set dynamic fps prop: 0, delta: 0
02-16 16:43:59.319     0     0 I QCOM-STEPCHG: handle_jeita: handle_jeita: temp:383, fcc_ua:12000000
02-16 16:44:00.406  5587  5693 D Be20Peripheral: getConnectTwsEarphoneDevice: null
02-16 16:44:00.407  5587  5693 D Peripheral: onPeripheralDeviceChanged 31  0   1368
02-16 16:44:00.924 13758 14051 W HeroManager: mediaPreload.prefetchInternal : source: Type: DASH_VOD
02-16 16:44:00.924 13758 14051 W HeroManager: 	Id: 3833505353904500808_65165504818
02-16 16:44:00.924 13758 14051 W HeroManager: 	Uri: https://instagram.ffln17-1.fna.fbcdn.net/o1/v/t2/f2/m366/AQN_Jl_aLs7ik26PI31cC67HAC2NlB1nxjBhbpwfiJooom0Mz2UQ3OAetD2OuqmMhZ-D9a8ibt2R9aFsygTzade-bSvCCgkghRgRZLWNTJqwGA.mp4?_nc_cat=111&_nc_oc=AdkqDOwQ2-Gaz7JH-eTyHfNhaMi7RfdbwesA2r0gxWnivGB0-6uYur2C9DokDI-wfmI&_nc_sid=5e9851&_nc_ht=instagram.ffln17-1.fna.fbcdn.net&_nc_ohc=TZscEIQs2WwQ7kNvwE_YaTQ&efg=eyJ2ZW5jb2RlX3RhZyI6Inhwdl9wcm9ncmVzc2l2ZS5JTlNUQUdSQU0uRkVFRC5DMy42OTYuZGFzaF9oMjY0LWJhc2ljLWdlbjJfNzIwcCIsInhwdl9hc3NldF9pZCI6MTQ2MzI0Mjc1MTk4MjIzNiwiYXNzZXRfYWdlX2RheXMiOjAsInZpX3VzZWNhc2VfaWQiOjEwMTIzLCJkdXJhdGlvbl9zIjo4MywidXJsZ2VuX3NvdXJjZSI6Ind3dyJ9&ccb=17-1&_nc_gid=FnvGlBahsyFyxZRrEyacDw&_nc_zt=28&vs=8acd54b97c5b97e2&_nc_vs=HBksFQIYRWZiX2VwaGVtZXJhbC8wNjRBMkU1NDJBQjQ0ODZCRkRDRkVGODg5RDhCMTY5N19tdF8xX3ZpZGVvX2Rhc2hpbml0Lm1wNBUAAsgBEgAVAhhAZmJfcGVybWFuZW50L0IxNDk5QUQ5Rjc5RTlEMjZBQzNCQTA1MUMyMzc2RjlGX2F1ZGlvX2Rhc2hpbml0Lm1wNBUCAsgBEgAoABgAGwKIB3VzZV9vaWwBMRJwcm9ncmVzc2l2ZV9yZWNpcGUBMRUAACa46p2H-LOZBRUCKAJDMywXQFTO6XjU_fQYGWRhc2hfaDI2NC1iYXNpYy1nZW4yXzcyMHARAHXqB2WWngEA&oh=00_AfuFnQ6ZUh9fpLNyOHZkZAdRea-8FEYt3B-BZgvLdw8eSA&oe=699939B9
02-16 16:44:00.924 13758 14051 W HeroManager: 	Origin: ig_text_feed_timeline
02-16 16:44:00.924 13758 14051 W HeroManager: 	PrefetchOrigin: UNKNOWN
02-16 16:44:00.924 13758 14051 W HeroManager: 	DashMPD: 9364
02-16 16:44:00.924 13758 14051 W HeroManager: 	liveLatency: -1
02-16 16:44:00.924 13758 14051 W HeroManager: 	liveLatencyTolerance: -1
02-16 16:44:00.924 13758 14051 W HeroManager: 	isSpherical: false
02-16 16:44:00.924 13758 14051 W HeroManager: 	isSponsored: false
02-16 16:44:00.924 13758 14051 W HeroManager: 	isAdBreak: false
02-16 16:44:00.924 13758 14051 W HeroManager: 	isLiveTraceEnabled: false
02-16 16:44:00.924 13758 14051 W HeroManager: 	renderMode: AUDIO_VIDEO
02-16 16:44:00.924 13758 14051 W HeroManager: 	isBroadcast: false
02-16 16:44:00.924 13758 14051 W HeroManager: 	contentType: GENERAL
02-16 16:44:00.924 13758 14051 W HeroManager: 	isAudioDataListenerEnabled: false
02-16 16:44:00.924 13758 14051 W HeroManager: 	liveViewerCount: -1, type: DASH_VOD
02-16 16:44:00.985 13758 14051 W HeroManager: mediaPreload.prefetchInternal : source: Type: DASH_VOD
02-16 16:44:00.985 13758 14051 W HeroManager: 	Id: 3833658845089104173_63275539132
02-16 16:44:00.985 13758 14051 W HeroManager: 	Uri: https://instagram.ffln17-1.fna.fbcdn.net/o1/v/t16/f2/m84/AQPErSpOiQ_-Qvzw25463tus6v7lblI7H9E582j7bUtNXNuOYQ9C0lhpQ_7fsxTshM0pHnw2QPb1LbuvwG59cGth6GeFqZYenysNdXM.mp4?_nc_cat=1&_nc_oc=Adn7g955ssgopZkPAsCV8i1uMNhtBkXWQdvHIRzSFMOJTGep8BehJngLTAK5Avp5fyg&_nc_sid=5e9851&_nc_ht=instagram.ffln17-1.fna.fbcdn.net&_nc_ohc=IQOxdj3gausQ7kNvwHtTCaH&efg=eyJ2ZW5jb2RlX3RhZyI6Inhwdl9wcm9ncmVzc2l2ZS5JTlNUQUdSQU0uRkVFRC5DMy4xMjc2LmRhc2hfYmFzZWxpbmVfMV92MSIsInhwdl9hc3NldF9pZCI6MTc5NDUwNDUxOTMxMDcxMzMsImFzc2V0X2FnZV9kYXlzIjowLCJ2aV91c2VjYXNlX2lkIjoxMDE2NCwiZHVyYXRpb25fcyI6MTgsInVybGdlbl9zb3VyY2UiOiJ3d3cifQ%3D%3D&ccb=17-1&_nc_gid=FnvGlBahsyFyxZRrEyacDw&_nc_zt=28&vs=694172547c6a45f2&_nc_vs=HBksFQIYTGlnX2JhY2tmaWxsX3RpbWVsaW5lX3ZvZC80OTQ4NzZBM0U2NkRFOURDQTRFOTM2RUI2NDMxQzRCOF92aWRlb19kYXNoaW5pdC5tcDQVAALIARIAFQIYUWlnX3hwdl9wbGFjZW1lbnRfcGVybWFuZW50X3YyL0FBNDEzNzgyNDA2Mjc5MEJCNjdBMzhDNzc3NjcwMTkwX2F1ZGlvX2Rhc2hpbml0Lm1wNBUCAsgBEgAoABgAGwKIB3VzZV9vaWwBMRJwcm9ncmVzc2l2ZV9yZWNpcGUBMRUAACb6mrXDjbvgPxUCKAJDMywXQDLmZmZmZmYYEmRhc2hfYmFzZWxpbmVfMV92MREAdeoHZeieAQA&oh=00_AftfejSD66PsH9fBwbUshJZzSg6ZKssiPLmMxXHazSaHFg&oe=69956D06
02-16 16:44:00.985 13758 14051 W HeroManager: 	Origin: ig_text_feed_timeline
02-16 16:44:00.985 13758 14051 W HeroManager: 	PrefetchOrigin: UNKNOWN
02-16 16:44:00.985 13758 14051 W HeroManager: 	DashMPD: 16543
02-16 16:44:00.985 13758 14051 W HeroManager: 	liveLatency: -1
02-16 16:44:00.985 13758 14051 W HeroManager: 	liveLatencyTolerance: -1
02-16 16:44:00.985 13758 14051 W HeroManager: 	isSpherical: false
02-16 16:44:00.985 13758 14051 W HeroManager: 	isSponsored: false
02-16 16:44:00.985 13758 14051 W HeroManager: 	isAdBreak: false
02-16 16:44:00.985 13758 14051 W HeroManager: 	isLiveTraceEnabled: false
02-16 16:44:00.985 13758 14051 W HeroManager: 	renderMode: AUDIO_VIDEO
02-16 16:44:00.985 13758 14051 W HeroManager: 	isBroadcast: false
02-16 16:44:00.985 13758 14051 W HeroManager: 	contentType: GENERAL
02-16 16:44:00.985 13758 14051 W HeroManager: 	isAudioDataListenerEnabled: false
02-16 16:44:00.985 13758 14051 W HeroManager: 	liveViewerCount: -1, type: DASH_VOD
02-16 16:44:01.010 13758 13783 I agram.barcelon: JIT allocated 66KB for compiled code of java.lang.Object X.6ys.unsafeParseFromJson(X.1jV)
02-16 16:44:01.058 13758 13886 E IdleQueuePayloadBasedServiceLayer: Request empty, but still some servings left: 425455
02-16 16:44:01.071 13758 13887 E IdleQueuePayloadBasedServiceLayer: Request empty, but still some servings left: -24576
02-16 16:44:01.138 13758 13887 E IdleQueuePayloadBasedServiceLayer: Request empty, but still some servings left: -396798
02-16 16:43:59.320     0     0 I QCOM-STEPCHG: taper_fcc_step_chg: cur:1300000, target:6500000, rate:30, vol:8728000 cfg[index-1].value:8000000, low:8460000, high:8699000, hysteresis:30000
02-16 16:44:00.182     0     0 I msm_dwc3_perf_vote_work: in_perf_mode:0, interrupts in last sample:0
02-16 16:44:01.303 13758 13783 I agram.barcelon: Compiler allocated 9936KB to compile X.3Pw X.3Ou.A0Q(android.net.Uri, java.io.InputStream)
02-16 16:44:00.343     0     0 I QCOM-STEPCHG: handle_jeita: handle_jeita: temp:383, fcc_ua:12000000
02-16 16:44:01.400 17348 17348 D BoundBrokerSvc: onUnbind: Intent { act=com.google.android.gms.common.telemetry.service.START dat=chimera-action: cmp=com.google.android.gms/.chimera.PersistentApiService }
02-16 16:44:01.687  1746  5265 E BatteryService: condition id: + 2  TimeStamp-> 1771271039686   value->-79000  callingPid->27630
02-16 16:44:01.689  1746  5265 E BatteryService: condition id: + 4  TimeStamp-> 1771271039688   value->100  callingPid->27630
02-16 16:44:01.693 13758 13783 I agram.barcelon: JIT allocated 63KB for compiled code of X.3Pw X.3Ou.A0Q(android.net.Uri, java.io.InputStream)
02-16 16:44:01.694 13758 13783 I agram.barcelon: Compiler allocated 12MB to compile X.3Pw X.3Ou.A0Q(android.net.Uri, java.io.InputStream)
02-16 16:44:02.051 10581 10818 I TrafficManageService: mina mTrafficStatsReceiver onReceive
02-16 16:44:01.119     0     0 E pm8150b_charger: smblib_get_prop_batt_status: Couldn't get otg state rc=-22
02-16 16:44:01.120     0     0 I [bq27z561] bq_battery_soc_smooth_tracking: avg:151 ma:153, changed:0 update:1 smooth:0 optimiz:101 soc:100 system:100 last:100 time:0
02-16 16:44:01.121     0     0 I [bq27z561] fg_update_status: SOC:100,Volt:8733,Cur:153,Temp:383,RM:1691,FC:1691, RAW_SOC:10000,SOH:72,FAST:0,Cell1:3899,Cell2:3898,Delta:4
02-16 16:44:01.121     0     0 I [bq27z561] fg_check_full_status: term:200, full_volt:8870, usb_present:1, batt_sw_fc:0
02-16 16:44:01.367     0     0 I QCOM-STEPCHG: handle_jeita: handle_jeita: temp:383, fcc_ua:12000000
02-16 16:44:02.796  2783 14859 W AlarmManager: Unrecognized alarm listener com.android.networkstack.android.net.ip.IpClientLinkObserver$Dhcp6PdPreferredPrefixAlarmListener@b506cf4
02-16 16:44:02.797  2783 14859 D ApfFilter: (wlan0): Adding RA fe80::1 -> ff02::1 30s 2804:1530:439:2701::/64 259200s/172800s RIO 30s 2804:1530:439:2700::/56 
02-16 16:44:02.198     0     0 I msm_dwc3_perf_vote_work: in_perf_mode:0, interrupts in last sample:0
02-16 16:44:03.199 13758 13758 W Looper  : PerfMonitor longMsg : seq=60 plan=16:44:02.190 late=0ms wall=1008ms running=1ms h=X.0m6 c=X.0D6 procState=11
02-16 16:44:03.205   980  1217 I GameEngine: ThmMonitor: set dynamic fps prop: 0, delta: 0
02-16 16:44:03.355  1746  5265 E BatteryService: return id:4  cache value:100   callingpid:13287
02-16 16:44:02.391     0     0 I QCOM-STEPCHG: handle_jeita: handle_jeita: temp:383, fcc_ua:12000000
02-16 16:44:03.688  1746  5265 E BatteryService: condition id: + 2  TimeStamp-> 1771271041687   value->-159000  callingPid->27630
02-16 16:44:03.690  1746  5265 E BatteryService: condition id: + 4  TimeStamp-> 1771271041689   value->100  callingPid->27630
02-16 16:44:04.202 13758 13758 W Looper  : PerfMonitor longMsg : seq=61 plan=16:44:03.198 late=1ms wall=1002ms running=2ms h=X.0m6 c=X.0D6 procState=11
02-16 16:44:04.942 15081 15081 W ThreadPoolForeg: type=1400 audit(0.0:3438777): avc: denied { write } for name="traced_producer" dev="tmpfs" ino=23747 scontext=u:r:gmscore_app:s0:c512,c768 tcontext=u:object_r:traced_producer_socket:s0 tclass=sock_file permissive=0 app=com.google.android.gms
02-16 16:44:03.415     0     0 I QCOM-STEPCHG: handle_jeita: handle_jeita: temp:383, fcc_ua:12000000
02-16 16:44:04.184     0     0 I [bq25790] bq25790_fv_check: vcell:8758000, fv:8900000, fv_max:8905000
02-16 16:44:04.185     0     0 I [bq25790] bq25790_update_status: vbus:4667000,vbat:8766000, ibus:456000,ichg:-23000
02-16 16:44:04.214     0     0 I msm_dwc3_perf_vote_work: in_perf_mode:0, interrupts in last sample:0
02-16 16:44:05.206 13758 13758 W Looper  : PerfMonitor longMsg : seq=62 plan=16:44:04.201 late=1ms wall=1003ms running=2ms h=X.0m6 c=X.0D6 procState=11
02-16 16:44:04.439     0     0 I QCOM-STEPCHG: handle_jeita: handle_jeita: temp:383, fcc_ua:12000000
02-16 16:44:05.443  5587  5693 D Be20Peripheral: getConnectTwsEarphoneDevice: null
02-16 16:44:05.443  5587  5693 D Peripheral: onPeripheralDeviceChanged 31  0   1368
02-16 16:44:05.690  1746  5265 E BatteryService: condition id: + 2  TimeStamp-> 1771271043688   value->-93000  callingPid->27630
02-16 16:44:05.691  1746  5265 E BatteryService: condition id: + 4  TimeStamp-> 1771271043690   value->100  callingPid->27630
02-16 16:44:05.693 27630 27792 V U.Notification: Posting new notification, elapsed=16012
02-16 16:44:06.105  1746  5265 W BroadcastQueue: Background execution not allowed: receiving Intent { act=android.net.wifi.RSSI_CHANGED flg=0x4000010 (has extras) } to com.ionitech.airscreen/.service.BootBroadcastReceiver
02-16 16:44:06.107  1746  5265 I ActivityManager: Killing 8753:com.google.android.setupwizard:remote/u0a215 (adj 985): empty #25
02-16 16:44:06.108  1746  5265 I Process : PerfMonitor : current process sending signal quiet. PID: 8753 SIG: 9
02-16 16:44:06.108  1746  1805 I Process : PerfMonitor : current process killing process group. PID: 8753
02-16 16:44:06.114  1034  3376 I AudioPolicyService: updateUid  uid:10299  state:11 wasActive:0 active:1 insert:1 
02-16 16:44:06.131   815   815 I Zygote  : Process 8753 exited due to signal 9 (Killed)
02-16 16:44:06.132  7236  2934 I com.xiaomi.xms: oneway function results will be dropped but finished with status UNKNOWN_TRANSACTION and parcel size 0
02-16 16:44:06.136  1746  1806 I ActivityManager: ApplicationExitInfo(timestamp=16/02/2026 16:44 pid=8753 realUid=10215 packageUid=10215 definingUid=10215 user=0 process=com.google.android.setupwizard:remote reason=13 (OTHER KILLS BY SYSTEM) status=0 importance=400 pss=7,5MB rss=84MB description=empty #25 state=empty trace=null adj=985
02-16 16:44:06.126  1345  1345 W Binder:1345_A: type=1400 audit(0.0:3438778): avc: denied { search } for name="946" dev="proc" ino=39028806 scontext=u:r:cameraserver:s0 tcontext=u:r:hal_camera_default:s0 tclass=dir permissive=0
02-16 16:44:04.440     0     0 I QCOM-STEPCHG: taper_fcc_step_chg: cur:1300000, target:6500000, rate:30, vol:8753000 cfg[index-1].value:8000000, low:8460000, high:8699000, hysteresis:30000
02-16 16:44:06.205   980  1217 I GameEngine: ThmMonitor: set dynamic fps prop: 0, delta: 0
02-16 16:44:05.463     0     0 I QCOM-STEPCHG: handle_jeita: handle_jeita: temp:383, fcc_ua:12000000
02-16 16:44:06.861  2631  2781 D NetworkController: onReceive: intent=Intent { act=android.net.wifi.RSSI_CHANGED flg=0x4000010 (has extras) }
02-16 16:44:06.862  3084  3084 D ModeSwitcher: Rcv RSSI_CHANGED_ACTION mStat=0, mWifiConnected=true
02-16 16:44:06.863  3084  3084 D ModeSwitcher: add 2 WifiStatOnCmocmna @1771271046,LostTxPacketsPerSecond=0.0,rssi=-57
02-16 16:44:06.863  3084  3084 D ModeSwitcher: mWifiStatiList size=2, gap=9
02-16 16:44:06.864 27343 27388 D QCNEJ/WlanStaInfoRelay: Received action: android.net.wifi.RSSI_CHANGED
02-16 16:44:06.870 20303 20372 I BugleRcsEngine: handleMessage processing message:[NOTIFY_UPTIME_IGNORE_STATE_CHANGED] with [non-null]:RcsEngineImpl reference [CONTEXT log_prefix="RcsEngineImpl[DUAL_REG]:[0dcaf9a8-6ef4]>Handler" thread_id=22784 ]
02-16 16:44:06.871 20303 20342 I BugleRcsEngine: Connected state: [1], networkType: [WIFI] [CONTEXT thread_id=22775 ]
02-16 16:44:06.879 20303 20372 I BugleRcsEngine: Rcs is enabled from user settings: true [CONTEXT log_prefix="ProvisioningEngineDataRetriever" thread_id=22784 ]
02-16 16:44:06.230     0     0 I msm_dwc3_perf_vote_work: in_perf_mode:0, interrupts in last sample:0
02-16 16:44:06.239     0     0 E pm8150b_charger: smblib_get_prop_batt_status: Couldn't get otg state rc=-22
02-16 16:44:06.240     0     0 I [bq27z561] bq_battery_soc_smooth_tracking: avg:126 ma:54, changed:0 update:1 smooth:0 optimiz:101 soc:100 system:100 last:100 time:0
02-16 16:44:06.241     0     0 I [bq27z561] fg_update_status: SOC:100,Volt:8755,Cur:54,Temp:381,RM:1691,FC:1691, RAW_SOC:10000,SOH:72,FAST:0,Cell1:3899,Cell2:3898,Delta:4
02-16 16:44:06.241     0     0 I [bq27z561] fg_check_full_status: term:200, full_volt:8870, usb_present:1, batt_sw_fc:0
02-16 16:44:06.244     0     0 E pm8150b_charger: smblib_get_prop_batt_status: Couldn't get otg state rc=-22
02-16 16:44:06.244     0     0 E         : batt power supply prop 132 not supported
02-16 16:44:06.247     0     0 E pm8150b_charger: smblib_get_prop_batt_status: Couldn't get otg state rc=-22
02-16 16:44:06.248     0     0 I QCOM-BATT: pl_disable_vote_callback: parallel charging disabled
02-16 16:44:06.248     0     0 E qcom,qpnp-smb5 c440000.qcom,spmi: qcom,pm8150b@2:qcom,qpnp-smb5: ignore a unright relax
02-16 16:44:07.275 13758 13758 W Looper  : PerfMonitor longMsg : seq=65 plan=16:44:06.247 late=0ms wall=1027ms running=1ms h=X.0m6 c=X.0D6 procState=11
02-16 16:44:06.374     0     0 I [bq27z561] fg_print_buf: 710017111811000000002d222a22d1ffc6ff00000000ebffe7ff00000000d1ff92ffdc24
02-16 16:44:06.502     0     0 I [bq27z561] fg_print_buf: 710019111911000000002d222a22d3ffcbff00000000ecffe9ff00000000d2ff92ffce24
02-16 16:44:06.505     0     0 I QCOM-STEPCHG: handle_jeita: handle_jeita: temp:381, fcc_ua:12000000
02-16 16:44:06.633     0     0 I [bq27z561] fg_print_buf: 710019111911000000002d222a22d3ffcbff00000000ecffe9ff00000000d2ff92ffce24
02-16 16:44:06.633     0     0 I [bq27z561] fg_get_property: cell1_volt=4377, cell2_volt=4377, cell_delta=0
02-16 16:44:07.691  1746  5203 E BatteryService: condition id: + 2  TimeStamp-> 1771271045690   value->-75000  callingPid->27630
02-16 16:44:06.761     0     0 I [bq27z561] fg_print_buf: 7600ba0800005c0298020044000000000000000000000000000000000000000000008b0e
02-16 16:44:06.890     0     0 I chatty  : uid=0(root) logd identical 1 line
02-16 16:44:07.017     0     0 I [bq27z561] fg_print_buf: 7600ba0800005c0298020044000000000000000000000000000000000000000000008b0e
02-16 16:44:07.020     0     0 E pm8150b_charger: smblib_get_prop_batt_status: Couldn't get otg state rc=-22
02-16 16:44:07.021     0     0 W healthd : battery l=100 v=8758 t=38.1 h=2 st=2 c=-66 fc=3382000 cc=1021 ct=3382000 tl=0 ct=USB chg=u
02-16 16:44:07.021     0     0 W healthd : battery l=100 v=8758 t=38.1 h=2 st=2 c=-66 fc=3382000 cc=1021 ct=3382000 tl=0 ct=USB chg=u
02-16 16:44:07.145     0     0 I [bq27z561] fg_print_buf: 7600ba0800005c0298020044000000000000000000000000000000000000000000008b0e
02-16 16:44:07.273     0     0 I [bq27z561] fg_print_buf: 7600ba0800005c0298020044000000000000000000000000000000000000000000008b0e
02-16 16:44:07.277     0     0 E pm8150b_charger: smblib_get_prop_batt_status: Couldn't get otg state rc=-22
02-16 16:44:07.277     0     0 E batteryd: /sys/class/power_supply/usb/real_type = USB
02-16 16:44:07.278     0     0 E pm8150b_charger: smblib_get_prop_batt_status: Couldn't get otg state rc=-22
02-16 16:44:08.247   972   972 I BSHealth: BSHealthfastChargerTypePath = /sys/class/power_supply/usb/fast_charger_type
02-16 16:44:08.247   972   972 I BSHealth: BSHealth fast_charger_type access success
02-16 16:44:07.279     0     0 W healthd : battery l=100 v=8751 t=38.1 h=2 st=2 c=-74 fc=3382000 cc=1021 ct=3382000 tl=0 ct=USB chg=u
02-16 16:44:08.250  2631  2631 D BatteryController: onReceive: Intent = Intent { act=android.intent.action.BATTERY_CHANGED flg=0x60000010 (has extras) } action = android.intent.action.BATTERY_CHANGED
02-16 16:44:08.250  2631  2631 D KeyguardUpdateMonitor: received broadcast android.intent.action.BATTERY_CHANGED
02-16 16:44:07.283     0     0 E pm8150b_charger: smblib_get_prop_batt_status: Couldn't get otg state rc=-22
02-16 16:44:08.251  5945  5945 E MtsService: isInBetaTransferData = false,  ENABLE_LOG =false,  Device Status = 2
02-16 16:44:08.252 29990 30062 D PowerCheckerService: onBatteryChanged, mBatteryLevel = 100, status = 2, level = 100, plug = 2, scale = 100
02-16 16:44:07.284     0     0 W healthd : battery l=100 v=8747 t=38.1 h=2 st=2 c=-74 fc=3382000 cc=1021 ct=3382000 tl=0 ct=USB chg=u
02-16 16:44:08.253  1746  5277 E BatteryService: condition id: + 1  TimeStamp-> 1771271036169   value->3384000  callingPid->27236
02-16 16:44:08.255  3084  3288 D SmartTrafficController: changeAccelerator: old accelerator is 2, new accelerator is 2, setting is false
02-16 16:44:08.255 10581 10581 I BatteryInfoReceiver: ACTION_BATTERY_CHANGED
02-16 16:44:08.256  1746  5275 E BatteryService: condition id: + 4  TimeStamp-> 1771271045691   value->100  callingPid->10817
02-16 16:44:08.257  1746  5265 E BatteryService: return id:4  cache value:100   callingpid:11989
02-16 16:44:08.257  1746  5265 E BatteryService: return id:1  cache value:3384000   callingpid:11989
02-16 16:44:08.257  1746  5265 E BatteryService: condition id: + 3  TimeStamp-> 1771271036169   value->0  callingPid->11989
02-16 16:44:08.257  1746  5265 E BatteryService: return id:2  cache value:-75000   callingpid:11989
02-16 16:44:08.257   972   972 I BSHealth: BSHealthfastChargerTypePath = /sys/class/power_supply/usb/fast_charger_type
02-16 16:44:08.257  1746  5282 E BatteryService: return id:4  cache value:100   callingpid:13758
02-16 16:44:08.257   972   972 I BSHealth: BSHealth fast_charger_type access success
02-16 16:44:08.257  1746  5265 E BatteryService: condition id: + 5  TimeStamp-> 1771271036169   value->0  callingPid->11989
02-16 16:44:07.284     0     0 W healthd : battery l=100 v=8747 t=38.1 h=2 st=2 c=-74 fc=3382000 cc=1021 ct=3382000 tl=0 ct=USB chg=u
02-16 16:44:07.288     0     0 E pm8150b_charger: smblib_get_prop_batt_status: Couldn't get otg state rc=-22
02-16 16:44:07.289     0     0 W healthd : battery l=100 v=8747 t=38.1 h=2 st=2 c=-74 fc=3382000 cc=1021 ct=3382000 tl=0 ct=USB chg=u
02-16 16:44:08.258  1746  5282 E BatteryService: return id:1  cache value:3384000   callingpid:13758
02-16 16:44:08.258  1746  5282 E BatteryService: condition id: + 3  TimeStamp-> 1771271048257   value->0  callingPid->13758
02-16 16:44:08.258 27630 27705 W BpBinder: PerfMonitor binderTransact :  time=567ms interface=android.os.IBatteryPropertiesRegistrar code=1
02-16 16:44:08.258  1746  5282 E BatteryService: return id:2  cache value:-74000   callingpid:13758
02-16 16:44:08.258  1746  5203 E BatteryService: condition id: + 5  TimeStamp-> 1771271048257   value->0  callingPid->13758
02-16 16:44:08.259  1746  5282 E BatteryService: return id:4  cache value:100   callingpid:27630
02-16 16:44:08.259  2631  2631 D BatteryController: onReceive: Intent = Intent { act=android.intent.action.BATTERY_CHANGED flg=0x60000010 (has extras) } action = android.intent.action.BATTERY_CHANGED
02-16 16:44:08.259  2631  2631 D KeyguardUpdateMonitor: received broadcast android.intent.action.BATTERY_CHANGED
02-16 16:44:08.260 10581 10581 I BatteryInfoReceiver: ACTION_BATTERY_CHANGED
02-16 16:44:08.260  5945  5945 E MtsService: isInBetaTransferData = false,  ENABLE_LOG =false,  Device Status = 2
02-16 16:44:07.293     0     0 E pm8150b_charger: smblib_get_prop_batt_status: Couldn't get otg state rc=-22
02-16 16:44:07.294     0     0 W healthd : battery l=100 v=8747 t=38.1 h=2 st=2 c=-74 fc=3382000 cc=1021 ct=3382000 tl=0 ct=USB chg=u
02-16 16:44:08.262  3084  3288 D SmartTrafficController: changeAccelerator: old accelerator is 2, new accelerator is 2, setting is false
02-16 16:44:08.262 29990 30062 D PowerCheckerService: onBatteryChanged, mBatteryLevel = 100, status = 2, level = 100, plug = 2, scale = 100
02-16 16:44:08.263  1746  5282 E BatteryService: return id:4  cache value:100   callingpid:10817
02-16 16:44:08.263  1746  5282 E BatteryService: return id:1  cache value:3384000   callingpid:10817
02-16 16:44:08.264  1746  5282 E BatteryService: condition id: + 3  TimeStamp-> 1771271048258   value->0  callingPid->10817
02-16 16:44:07.294     0     0 W healthd : battery l=100 v=8747 t=38.1 h=2 st=2 c=-74 fc=3382000 cc=1021 ct=3382000 tl=0 ct=USB chg=u
02-16 16:44:07.297     0     0 E pm8150b_charger: smblib_get_prop_batt_status: Couldn't get otg state rc=-22
02-16 16:44:07.297     0     0 W healthd : battery l=100 v=8747 t=38.1 h=2 st=2 c=-74 fc=3382000 cc=1021 ct=3382000 tl=0 ct=USB chg=u
02-16 16:44:08.265 27236 27236 D DeviceStatisticsService: chargerType=2 batteryLevel=100 totalBatteryCapacity=3382000
02-16 16:44:08.266 27236 27236 D DeviceInfoHidlClient: getPowerInfoSupportStatus()=1
02-16 16:44:08.266 27236 27236 D DeviceInfoHidlClient: isRadioOn()=true
02-16 16:44:08.266 27236 27236 I DeviceInfoHidlClient: isPowerInfoNeverSent=false batteryLevel=100 batteryLevelIndex=3 chargingMode=2 totalCapacity=3382000 powerSaveMode=false
02-16 16:44:08.266  1746  5275 E BatteryService: return id:1  cache value:3382000   callingpid:10817
02-16 16:44:08.266  1746  5203 E BatteryService: condition id: + 6  TimeStamp-> 1771271036170   value->2  callingPid->11989
02-16 16:44:08.266  1746  5265 E BatteryService: condition id: + 3  TimeStamp-> 1771271048264   value->0  callingPid->10817
02-16 16:44:08.266  1746  5277 E BatteryService: return id:6  cache value:2   callingpid:13758
02-16 16:44:08.266  1746  5275 E BatteryService: return id:1  cache value:3382000   callingpid:27236
02-16 16:44:08.266 27236 27236 D DeviceStatisticsService: chargerType=2 batteryLevel=100 totalBatteryCapacity=3382000
02-16 16:44:07.299     0     0 E pm8150b_charger: smblib_get_prop_batt_status: Couldn't get otg state rc=-22
02-16 16:44:08.268  1746  5203 E BatteryService: return id:4  cache value:100   callingpid:13758
02-16 16:44:08.268  1746  5203 E BatteryService: return id:1  cache value:3382000   callingpid:13758
02-16 16:44:08.268  1746  5275 E BatteryService: return id:4  cache value:100   callingpid:11989
02-16 16:44:08.268  1746  5275 E BatteryService: condition id: + 3  TimeStamp-> 1771271048266   value->0  callingPid->13758
02-16 16:44:08.268  1746  5203 E BatteryService: return id:1  cache value:3382000   callingpid:11989
02-16 16:44:08.268  1746  5203 E BatteryService: return id:2  cache value:-74000   callingpid:13758
02-16 16:44:08.268  1746  5275 E BatteryService: condition id: + 3  TimeStamp-> 1771271048268   value->0  callingPid->11989
02-16 16:44:08.268  1746  5275 E BatteryService: condition id: + 5  TimeStamp-> 1771271048258   value->0  callingPid->13758
02-16 16:44:08.268  1746  5203 E BatteryService: return id:2  cache value:-74000   callingpid:11989
02-16 16:44:08.269  1746  5203 E BatteryService: condition id: + 5  TimeStamp-> 1771271048268   value->0  callingPid->11989
02-16 16:44:08.269  1746  5275 E BatteryService: return id:6  cache value:2   callingpid:13758
02-16 16:44:08.269  1746  5275 E BatteryService: return id:6  cache value:2   callingpid:11989
02-16 16:44:08.306  2895  7898 D exlight@Service: SmartPolicyEventHub@onModeChanged,  p1: 280a642400000080  p2: 9000000000000000  package: com.android.settings  [alm:false mus:false gme:false scn:true]
02-16 16:44:08.308  2817  3111 I android_os_HwBinder: HwBinder: Starting thread pool for getting: com.blackshark.game_engine@1.0::IGameEngine/default
02-16 16:44:08.309   980   980 I GameEngine: notifyGameFactor {"para1":"2885228617065824384","para2":"-8070450532247928832","appInfo":{"packageName":"com.android.settings","pid":12639},"solarCore_level":"2","screen_fps":"120","battery_charge":"true","fast_charging_animation":"false","isLowDelayOpen":"false","fast_charge":"false","current_fps":"60526","solarCore_switch":"false","gpu_boost":"false","cpu_level":"0","solarCore_thermal_level":"1","smart_endurance":"true"}
02-16 16:44:08.309   980   980 I GameEngine: Factor: para1: 0x280a642400000080, para2: 0x9000000000000000, TopApp: 10
02-16 16:44:08.316 13758 13758 W Looper  : PerfMonitor longMsg : seq=66 plan=16:44:07.274 late=1ms wall=1040ms running=2ms h=X.0m6 c=X.0D6 procState=11
02-16 16:44:08.397  1746  5275 E BatteryService: return id:4  cache value:100   callingpid:13287
02-16 16:44:07.511     0     0 I QCOM-STEPCHG: handle_jeita: handle_jeita: temp:381, fcc_ua:12000000
02-16 16:44:09.206   980  1217 I GameEngine: ThmMonitor: set dynamic fps prop: 0, delta: 0
02-16 16:44:08.246     0     0 I msm_dwc3_perf_vote_work: in_perf_mode:0, interrupts in last sample:0
02-16 16:44:08.535     0     0 I QCOM-STEPCHG: handle_jeita: handle_jeita: temp:381, fcc_ua:12000000
02-16 16:44:10.250   814   889 W netd    : dnssd_clientstub DNSServiceProcessResult called with NULL DNSServiceRef
02-16 16:44:10.251  1746  2432 E NsdService: id 5239 for SERVICE_RESOLVED has no client mapping
02-16 16:44:10.251  1746  2432 E NsdService: Unhandled { when=-2ms what=393242 obj=com.android.server.NsdService$NativeEvent@7a08c94 target=com.android.internal.util.StateMachine$SmHandler }
02-16 16:44:10.252  1746  2432 E NsdService: id 5240 for SERVICE_GET_ADDR_SUCCESS has no client mapping
02-16 16:44:10.252  1746  2432 E NsdService: Unhandled { when=-1ms what=393242 obj=com.android.server.NsdService$NativeEvent@8a9233d target=com.android.internal.util.StateMachine$SmHandler }
02-16 16:44:10.252  1746  2432 E NsdService: id 5240 for SERVICE_GET_ADDR_SUCCESS has no client mapping
02-16 16:44:10.252  1746  2432 E NsdService: Unhandled { when=-1ms what=393242 obj=com.android.server.NsdService$NativeEvent@6eec732 target=com.android.internal.util.StateMachine$SmHandler }
02-16 16:44:10.252  1746  2432 E NsdService: id 5240 for SERVICE_GET_ADDR_SUCCESS has no client mapping
02-16 16:44:10.252  1746  2432 E NsdService: Unhandled { when=-1ms what=393242 obj=com.android.server.NsdService$NativeEvent@7083c83 target=com.android.internal.util.StateMachine$SmHandler }
02-16 16:44:10.252  1746  2432 E NsdService: id 5240 for SERVICE_GET_ADDR_SUCCESS has no client mapping
02-16 16:44:10.253  1746  2432 E NsdService: Unhandled { when=-1ms what=393242 obj=com.android.server.NsdService$NativeEvent@143de00 target=com.android.internal.util.StateMachine$SmHandler }
02-16 16:44:10.258  1746  5275 E BatteryService: condition id: + 2  TimeStamp-> 1771271047691   value->-74000  callingPid->27630
02-16 16:44:10.259  1746  5275 E BatteryService: condition id: + 4  TimeStamp-> 1771271048256   value->100  callingPid->27630
02-16 16:44:10.252   814   889 W netd    : dnssd_clientstub DNSServiceProcessResult called with NULL DNSServiceRef
02-16 16:44:10.295  6231  7565 E IDM-BonjourGovernor: endPoint can not be reported!
02-16 16:44:10.355 13758 13758 W Looper  : PerfMonitor longMsg : seq=69 plan=16:44:09.345 late=0ms wall=1010ms running=0ms h=X.0m6 c=X.0D6 procState=11
02-16 16:44:10.484  5587  5693 D Be20Peripheral: getConnectTwsEarphoneDevice: null
02-16 16:44:10.485  5587  5693 D Peripheral: onPeripheralDeviceChanged 31  0   1368
02-16 16:44:09.559     0     0 I QCOM-STEPCHG: handle_jeita: handle_jeita: temp:381, fcc_ua:12000000
02-16 16:44:09.560     0     0 I QCOM-STEPCHG: taper_fcc_step_chg: cur:1300000, target:6500000, rate:30, vol:8753000 cfg[index-1].value:8000000, low:8460000, high:8699000, hysteresis:30000
02-16 16:44:10.262     0     0 I msm_dwc3_perf_vote_work: in_perf_mode:0, interrupts in last sample:0
02-16 16:44:10.328     0     0 I [bq25790] bq25790_fv_check: vcell:8759000, fv:8900000, fv_max:8905000
02-16 16:44:10.330     0     0 I [bq25790] bq25790_update_status: vbus:4667000,vbat:8789000, ibus:458000,ichg:-46000
02-16 16:44:11.375 13758 13758 W Looper  : PerfMonitor longMsg : seq=70 plan=16:44:10.354 late=1ms wall=1019ms running=2ms h=X.0m6 c=X.0D6 procState=11
02-16 16:44:10.583     0     0 I QCOM-STEPCHG: handle_jeita: handle_jeita: temp:381, fcc_ua:12000000
02-16 16:44:11.856  2783 14859 W AlarmManager: Unrecognized alarm listener com.android.networkstack.android.net.ip.IpClientLinkObserver$Dhcp6PdPreferredPrefixAlarmListener@b506cf4
02-16 16:44:11.857  2783 14859 D ApfFilter: (wlan0): Adding RA fe80::1 -> ff02::1 30s 2804:1530:439:2701::/64 259200s/172800s RIO 30s 2804:1530:439:2700::/56 
02-16 16:44:12.207   980  1217 I GameEngine: ThmMonitor: set dynamic fps prop: 0, delta: 0
02-16 16:44:12.259  1746  5277 E BatteryService: condition id: + 2  TimeStamp-> 1771271050258   value->-54000  callingPid->27630
02-16 16:44:12.261  1746  5277 E BatteryService: condition id: + 4  TimeStamp-> 1771271050260   value->100  callingPid->27630
02-16 16:44:11.359     0     0 E pm8150b_charger: smblib_get_prop_batt_status: Couldn't get otg state rc=-22
02-16 16:44:11.360     0     0 I [bq27z561] bq_battery_soc_smooth_tracking: avg:109 ma:73, changed:0 update:1 smooth:0 optimiz:101 soc:100 system:100 last:100 time:0
02-16 16:44:11.361     0     0 I [bq27z561] fg_update_status: SOC:100,Volt:8748,Cur:73,Temp:380,RM:1691,FC:1691, RAW_SOC:10000,SOH:72,FAST:0,Cell1:3899,Cell2:3898,Delta:4
02-16 16:44:11.361     0     0 I [bq27z561] fg_check_full_status: term:200, full_volt:8870, usb_present:1, batt_sw_fc:0
02-16 16:44:11.364     0     0 E pm8150b_charger: smblib_get_prop_batt_status: Couldn't get otg state rc=-22
02-16 16:44:11.364     0     0 E         : batt power supply prop 132 not supported
02-16 16:44:11.367     0     0 E pm8150b_charger: smblib_get_prop_batt_status: Couldn't get otg state rc=-22
02-16 16:44:11.368     0     0 I QCOM-BATT: pl_disable_vote_callback: parallel charging disabled
02-16 16:44:11.368     0     0 E qcom,qpnp-smb5 c440000.qcom,spmi: qcom,pm8150b@2:qcom,qpnp-smb5: ignore a unright relax
02-16 16:44:12.417 13758 13758 W Looper  : PerfMonitor longMsg : seq=71 plan=16:44:11.374 late=1ms wall=1041ms running=2ms h=X.0m6 c=X.0D6 procState=11
02-16 16:44:11.493     0     0 I [bq27z561] fg_print_buf: 710018111811000000002d221d22c5ffccff00000000e6ffe9ff00000000c3ffa1fff024
02-16 16:44:11.621     0     0 I [bq27z561] fg_print_buf: 710018111811000000002d221d22c5ffccff00000000e6ffe9ff00000000c3ffa1fff024
02-16 16:44:11.625     0     0 I QCOM-STEPCHG: handle_jeita: handle_jeita: temp:380, fcc_ua:12000000
02-16 16:44:11.753     0     0 I [bq27z561] fg_print_buf: 710019111911000000002d221d22d2ffcfff00000000ecffebff00000000c8ffa1ffd124
02-16 16:44:11.753     0     0 I [bq27z561] fg_get_property: cell1_volt=4377, cell2_volt=4377, cell_delta=0
02-16 16:44:11.882     0     0 I [bq27z561] fg_print_buf: 7600ba0800005c0298020044000000000000000000000000000000000000000000008b0e
02-16 16:44:12.009     0     0 I chatty  : uid=0(root) logd identical 1 line
02-16 16:44:12.137     0     0 I [bq27z561] fg_print_buf: 7600ba0800005c0298020044000000000000000000000000000000000000000000008b0e
02-16 16:44:12.140     0     0 E pm8150b_charger: smblib_get_prop_batt_status: Couldn't get otg state rc=-22
02-16 16:44:12.141     0     0 W healthd : battery l=100 v=8756 t=38.0 h=2 st=2 c=-64 fc=3382000 cc=1021 ct=3382000 tl=0 ct=USB chg=u
02-16 16:44:12.141     0     0 W healthd : battery l=100 v=8756 t=38.0 h=2 st=2 c=-64 fc=3382000 cc=1021 ct=3382000 tl=0 ct=USB chg=u
02-16 16:44:12.265     0     0 I [bq27z561] fg_print_buf: 7600ba0800005c0298020044000000000000000000000000000000000000000000008b0e
02-16 16:44:12.278     0     0 I msm_dwc3_perf_vote_work: in_perf_mode:0, interrupts in last sample:0
02-16 16:44:12.393     0     0 I [bq27z561] fg_print_buf: 7600ba0800005c0298020044000000000000000000000000000000000000000000008b0e
02-16 16:44:12.397     0     0 E pm8150b_charger: smblib_get_prop_batt_status: Couldn't get otg state rc=-22
02-16 16:44:12.397     0     0 E batteryd: /sys/class/power_supply/usb/real_type = USB
02-16 16:44:12.398     0     0 E pm8150b_charger: smblib_get_prop_batt_status: Couldn't get otg state rc=-22
02-16 16:44:13.367   972   972 I BSHealth: BSHealthfastChargerTypePath = /sys/class/power_supply/usb/fast_charger_type
02-16 16:44:13.367   972   972 I BSHealth: BSHealth fast_charger_type access success
02-16 16:44:13.368  1746  2617 D bshealth-framework: fastChargerType = 1 mChargerLpd = 0 thermalRestrict = -1 level = 100
02-16 16:44:12.399     0     0 W healthd : battery l=100 v=8755 t=38.0 h=2 st=2 c=-54 fc=3382000 cc=1021 ct=3382000 tl=0 ct=USB chg=u
02-16 16:44:13.370  2631  2631 D BatteryController: onReceive: Intent = Intent { act=android.intent.action.BATTERY_CHANGED flg=0x60000010 (has extras) } action = android.intent.action.BATTERY_CHANGED
02-16 16:44:13.370  2631  2631 D KeyguardUpdateMonitor: received broadcast android.intent.action.BATTERY_CHANGED
02-16 16:44:13.372 10581 10581 I BatteryInfoReceiver: ACTION_BATTERY_CHANGED
02-16 16:44:13.372  5945  5945 E MtsService: isInBetaTransferData = false,  ENABLE_LOG =false,  Device Status = 2
02-16 16:44:12.404     0     0 E pm8150b_charger: smblib_get_prop_batt_status: Couldn't get otg state rc=-22
02-16 16:44:12.405     0     0 W healthd : battery l=100 v=8755 t=38.0 h=2 st=2 c=-54 fc=3382000 cc=1021 ct=3382000 tl=0 ct=USB chg=u
02-16 16:44:13.374 29990 30062 D PowerCheckerService: onBatteryChanged, mBatteryLevel = 100, status = 2, level = 100, plug = 2, scale = 100
02-16 16:44:13.374  3084  3288 D SmartTrafficController: changeAccelerator: old accelerator is 2, new accelerator is 2, setting is false
02-16 16:44:13.375  1746  5277 E BatteryService: condition id: + 1  TimeStamp-> 1771271048253   value->3382000  callingPid->27236
02-16 16:44:13.376  1746  5265 E BatteryService: return id:4  cache value:100   callingpid:10817
02-16 16:44:12.405     0     0 W healthd : battery l=100 v=8755 t=38.0 h=2 st=2 c=-54 fc=3382000 cc=1021 ct=3382000 tl=0 ct=USB chg=u
02-16 16:44:12.408     0     0 E pm8150b_charger: smblib_get_prop_batt_status: Couldn't get otg state rc=-22
02-16 16:44:12.408     0     0 W healthd : battery l=100 v=8755 t=38.0 h=2 st=2 c=-54 fc=3382000 cc=1021 ct=3382000 tl=0 ct=USB chg=u
02-16 16:44:13.377  1746  5265 E BatteryService: return id:4  cache value:100   callingpid:11989
02-16 16:44:13.377  1746  5265 E BatteryService: return id:1  cache value:3382000   callingpid:11989
02-16 16:44:13.377  1746  5203 E BatteryService: return id:1  cache value:3382000   callingpid:10817
02-16 16:44:13.377  1746  5203 E BatteryService: condition id: + 3  TimeStamp-> 1771271048268   value->0  callingPid->11989
